Archive member included to satisfy reference by file (symbol)

/Users/Sebastian/.p2/pool/plugins/fr.ac6.mcu.externaltools.arm-none.macos64_1.13.1.201703061524/tools/compiler/bin/../lib/gcc/arm-none-eabi/5.4.1/armv7e-m/fpu/libgcc.a(_arm_addsubdf3.o)
                              src/datafusion.o (__aeabi_dsub)
/Users/Sebastian/.p2/pool/plugins/fr.ac6.mcu.externaltools.arm-none.macos64_1.13.1.201703061524/tools/compiler/bin/../lib/gcc/arm-none-eabi/5.4.1/armv7e-m/fpu/libgcc.a(_arm_muldivdf3.o)
                              src/datafusion.o (__aeabi_dmul)
/Users/Sebastian/.p2/pool/plugins/fr.ac6.mcu.externaltools.arm-none.macos64_1.13.1.201703061524/tools/compiler/bin/../lib/gcc/arm-none-eabi/5.4.1/armv7e-m/fpu/libgcc.a(_arm_cmpdf2.o)
                              src/datafusion.o (__aeabi_dcmpgt)
/Users/Sebastian/.p2/pool/plugins/fr.ac6.mcu.externaltools.arm-none.macos64_1.13.1.201703061524/tools/compiler/bin/../lib/gcc/arm-none-eabi/5.4.1/armv7e-m/fpu/libgcc.a(_arm_truncdfsf2.o)
                              src/DOGXL240.o (__aeabi_d2f)
/Users/Sebastian/.p2/pool/plugins/fr.ac6.mcu.externaltools.arm-none.macos64_1.13.1.201703061524/tools/compiler/bin/../lib/gcc/arm-none-eabi/5.4.1/armv7e-m/fpu/libgcc.a(_arm_addsubsf3.o)
                              src/gui.o (__aeabi_ul2f)
/Users/Sebastian/.p2/pool/plugins/fr.ac6.mcu.externaltools.arm-none.macos64_1.13.1.201703061524/tools/compiler/bin/../lib/gcc/arm-none-eabi/5.4.1/../../../../arm-none-eabi/lib/armv7e-m/fpu/libc.a(lib_a-errno.o)
                              src/syscalls.o (__errno)
/Users/Sebastian/.p2/pool/plugins/fr.ac6.mcu.externaltools.arm-none.macos64_1.13.1.201703061524/tools/compiler/bin/../lib/gcc/arm-none-eabi/5.4.1/../../../../arm-none-eabi/lib/armv7e-m/fpu/libc.a(lib_a-exit.o)
                              /Users/Sebastian/.p2/pool/plugins/fr.ac6.mcu.externaltools.arm-none.macos64_1.13.1.201703061524/tools/compiler/bin/../lib/gcc/arm-none-eabi/5.4.1/../../../../arm-none-eabi/lib/armv7e-m/fpu/crt0.o (exit)
/Users/Sebastian/.p2/pool/plugins/fr.ac6.mcu.externaltools.arm-none.macos64_1.13.1.201703061524/tools/compiler/bin/../lib/gcc/arm-none-eabi/5.4.1/../../../../arm-none-eabi/lib/armv7e-m/fpu/libc.a(lib_a-impure.o)
                              /Users/Sebastian/.p2/pool/plugins/fr.ac6.mcu.externaltools.arm-none.macos64_1.13.1.201703061524/tools/compiler/bin/../lib/gcc/arm-none-eabi/5.4.1/../../../../arm-none-eabi/lib/armv7e-m/fpu/libc.a(lib_a-exit.o) (_global_impure_ptr)
/Users/Sebastian/.p2/pool/plugins/fr.ac6.mcu.externaltools.arm-none.macos64_1.13.1.201703061524/tools/compiler/bin/../lib/gcc/arm-none-eabi/5.4.1/../../../../arm-none-eabi/lib/armv7e-m/fpu/libc.a(lib_a-init.o)
                              /Users/Sebastian/.p2/pool/plugins/fr.ac6.mcu.externaltools.arm-none.macos64_1.13.1.201703061524/tools/compiler/bin/../lib/gcc/arm-none-eabi/5.4.1/../../../../arm-none-eabi/lib/armv7e-m/fpu/crt0.o (__libc_init_array)
/Users/Sebastian/.p2/pool/plugins/fr.ac6.mcu.externaltools.arm-none.macos64_1.13.1.201703061524/tools/compiler/bin/../lib/gcc/arm-none-eabi/5.4.1/../../../../arm-none-eabi/lib/armv7e-m/fpu/libc.a(lib_a-memset.o)
                              /Users/Sebastian/.p2/pool/plugins/fr.ac6.mcu.externaltools.arm-none.macos64_1.13.1.201703061524/tools/compiler/bin/../lib/gcc/arm-none-eabi/5.4.1/../../../../arm-none-eabi/lib/armv7e-m/fpu/crt0.o (memset)
/Users/Sebastian/.p2/pool/plugins/fr.ac6.mcu.externaltools.arm-none.macos64_1.13.1.201703061524/tools/compiler/bin/../lib/gcc/arm-none-eabi/5.4.1/../../../../arm-none-eabi/lib/armv7e-m/fpu/libc.a(lib_a-__call_atexit.o)
                              /Users/Sebastian/.p2/pool/plugins/fr.ac6.mcu.externaltools.arm-none.macos64_1.13.1.201703061524/tools/compiler/bin/../lib/gcc/arm-none-eabi/5.4.1/../../../../arm-none-eabi/lib/armv7e-m/fpu/libc.a(lib_a-exit.o) (__call_exitprocs)
/Users/Sebastian/.p2/pool/plugins/fr.ac6.mcu.externaltools.arm-none.macos64_1.13.1.201703061524/tools/compiler/bin/../lib/gcc/arm-none-eabi/5.4.1/../../../../arm-none-eabi/lib/armv7e-m/fpu/libc.a(lib_a-atexit.o)
                              /Users/Sebastian/.p2/pool/plugins/fr.ac6.mcu.externaltools.arm-none.macos64_1.13.1.201703061524/tools/compiler/bin/../lib/gcc/arm-none-eabi/5.4.1/../../../../arm-none-eabi/lib/armv7e-m/fpu/libc.a(lib_a-__call_atexit.o) (atexit)
/Users/Sebastian/.p2/pool/plugins/fr.ac6.mcu.externaltools.arm-none.macos64_1.13.1.201703061524/tools/compiler/bin/../lib/gcc/arm-none-eabi/5.4.1/../../../../arm-none-eabi/lib/armv7e-m/fpu/libc.a(lib_a-fini.o)
                              /Users/Sebastian/.p2/pool/plugins/fr.ac6.mcu.externaltools.arm-none.macos64_1.13.1.201703061524/tools/compiler/bin/../lib/gcc/arm-none-eabi/5.4.1/../../../../arm-none-eabi/lib/armv7e-m/fpu/libc.a(lib_a-__call_atexit.o) (__libc_fini_array)
[...]
Memory Configuration

Name             Origin             Length             Attributes
RAM              0x0000000020000000 0x0000000000020000 xrw
ROM              0x0000000008000000 0x0000000000100000 xr
*default*        0x0000000000000000 0xffffffffffffffff

Linker script and memory map

LOAD /Users/Sebastian/.p2/pool/plugins/fr.ac6.mcu.externaltools.arm-none.macos64_1.13.1.201703061524/tools/compiler/bin/../lib/gcc/arm-none-eabi/5.4.1/armv7e-m/fpu/crti.o
LOAD /Users/Sebastian/.p2/pool/plugins/fr.ac6.mcu.externaltools.arm-none.macos64_1.13.1.201703061524/tools/compiler/bin/../lib/gcc/arm-none-eabi/5.4.1/armv7e-m/fpu/crtbegin.o
LOAD /Users/Sebastian/.p2/pool/plugins/fr.ac6.mcu.externaltools.arm-none.macos64_1.13.1.201703061524/tools/compiler/bin/../lib/gcc/arm-none-eabi/5.4.1/../../../../arm-none-eabi/lib/armv7e-m/fpu/crt0.o
LOAD /Users/Sebastian/.p2/pool/plugins/fr.ac6.mcu.externaltools.arm-none.macos64_1.13.1.201703061524/tools/compiler/bin/../lib/gcc/arm-none-eabi/5.4.1/../../../../arm-none-eabi/lib/armv7e-m/fpu/libm.a
LOAD StdPeriph_Driver/src/misc.o
LOAD StdPeriph_Driver/src/stm32f4xx_adc.o
LOAD StdPeriph_Driver/src/stm32f4xx_can.o
LOAD StdPeriph_Driver/src/stm32f4xx_cec.o
LOAD StdPeriph_Driver/src/stm32f4xx_crc.o
LOAD StdPeriph_Driver/src/stm32f4xx_cryp.o
LOAD StdPeriph_Driver/src/stm32f4xx_cryp_aes.o
LOAD StdPeriph_Driver/src/stm32f4xx_cryp_des.o
LOAD StdPeriph_Driver/src/stm32f4xx_cryp_tdes.o
LOAD StdPeriph_Driver/src/stm32f4xx_dac.o
LOAD StdPeriph_Driver/src/stm32f4xx_dbgmcu.o
LOAD StdPeriph_Driver/src/stm32f4xx_dcmi.o
LOAD StdPeriph_Driver/src/stm32f4xx_dfsdm.o
LOAD StdPeriph_Driver/src/stm32f4xx_dma.o
LOAD StdPeriph_Driver/src/stm32f4xx_dma2d.o
LOAD StdPeriph_Driver/src/stm32f4xx_dsi.o
LOAD StdPeriph_Driver/src/stm32f4xx_exti.o
LOAD StdPeriph_Driver/src/stm32f4xx_flash.o
LOAD StdPeriph_Driver/src/stm32f4xx_flash_ramfunc.o
LOAD StdPeriph_Driver/src/stm32f4xx_fmc.o
LOAD StdPeriph_Driver/src/stm32f4xx_fmip2c.o
LOAD StdPeriph_Driver/src/stm32f4xx_fsmc.o
LOAD StdPeriph_Driver/src/stm32f4xx_gpio.o
LOAD StdPeriph_Driver/src/stm32f4xx_hash.o
LOAD StdPeriph_Driver/src/stm32f4xx_hash_md5.o
LOAD StdPeriph_Driver/src/stm32f4xx_hash_sha1.o
LOAD StdPeriph_Driver/src/stm32f4xx_i2c.o
LOAD StdPeriph_Driver/src/stm32f4xx_iwdg.o
LOAD StdPeriph_Driver/src/stm32f4xx_lptim.o
LOAD StdPeriph_Driver/src/stm32f4xx_ltdc.o
LOAD StdPeriph_Driver/src/stm32f4xx_pwr.o
LOAD StdPeriph_Driver/src/stm32f4xx_qspi.o
LOAD StdPeriph_Driver/src/stm32f4xx_rcc.o
LOAD StdPeriph_Driver/src/stm32f4xx_rng.o
LOAD StdPeriph_Driver/src/stm32f4xx_rtc.o
LOAD StdPeriph_Driver/src/stm32f4xx_sai.o
LOAD StdPeriph_Driver/src/stm32f4xx_sdio.o
LOAD StdPeriph_Driver/src/stm32f4xx_spdifrx.o
LOAD StdPeriph_Driver/src/stm32f4xx_spi.o
LOAD StdPeriph_Driver/src/stm32f4xx_syscfg.o
LOAD StdPeriph_Driver/src/stm32f4xx_tim.o
LOAD StdPeriph_Driver/src/stm32f4xx_usart.o
LOAD StdPeriph_Driver/src/stm32f4xx_wwdg.o
LOAD driver/i2c.o
LOAD driver/sdio.o
LOAD driver/spi.o
LOAD igc/igc.o
LOAD igc/md5.o
LOAD src/BMS.o
LOAD src/DOGXL240.o
LOAD src/datafusion.o
LOAD src/exti.o
LOAD src/gps.o
LOAD src/gui.o
LOAD src/ipc.o
LOAD src/logging.o
LOAD src/main.o
LOAD src/ms5611.o
LOAD src/oVario_Framework.o
LOAD src/sound.o
LOAD src/stm32f4xx_it.o
LOAD src/syscalls.o
LOAD src/timer.o
LOAD src/vario.o
LOAD startup/startup_stm32.o
START GROUP
LOAD /Users/Sebastian/.p2/pool/plugins/fr.ac6.mcu.externaltools.arm-none.macos64_1.13.1.201703061524/tools/compiler/bin/../lib/gcc/arm-none-eabi/5.4.1/armv7e-m/fpu/libgcc.a
LOAD /Users/Sebastian/.p2/pool/plugins/fr.ac6.mcu.externaltools.arm-none.macos64_1.13.1.201703061524/tools/compiler/bin/../lib/gcc/arm-none-eabi/5.4.1/../../../../arm-none-eabi/lib/armv7e-m/fpu/libc.a
END GROUP
LOAD /Users/Sebastian/.p2/pool/plugins/fr.ac6.mcu.externaltools.arm-none.macos64_1.13.1.201703061524/tools/compiler/bin/../lib/gcc/arm-none-eabi/5.4.1/armv7e-m/fpu/crtend.o
LOAD /Users/Sebastian/.p2/pool/plugins/fr.ac6.mcu.externaltools.arm-none.macos64_1.13.1.201703061524/tools/compiler/bin/../lib/gcc/arm-none-eabi/5.4.1/armv7e-m/fpu/crtn.o
                0x0000000020020000                _estack = 0x20020000
                0x0000000000000000                _Min_Heap_Size = 0x0
                0x0000000000000400                _Min_Stack_Size = 0x400

.isr_vector     0x0000000008000000      0x1a8
                0x0000000008000000                . = ALIGN (0x4)
 *(.isr_vector)
 .isr_vector    0x0000000008000000      0x1a8 startup/startup_stm32.o
                0x0000000008000000                g_pfnVectors
                0x00000000080001a8                . = ALIGN (0x4)

.text           0x00000000080001a8     0x8a98
                0x00000000080001a8                . = ALIGN (0x4)
 *(.text)
 .text          0x00000000080001a8       0x5c /Users/Sebastian/.p2/pool/plugins/fr.ac6.mcu.externaltools.arm-none.macos64_1.13.1.201703061524/tools/compiler/bin/../lib/gcc/arm-none-eabi/5.4.1/armv7e-m/fpu/crtbegin.o
 .text          0x0000000008000204      0x370 /Users/Sebastian/.p2/pool/plugins/fr.ac6.mcu.externaltools.arm-none.macos64_1.13.1.201703061524/tools/compiler/bin/../lib/gcc/arm-none-eabi/5.4.1/armv7e-m/fpu/libgcc.a(_arm_addsubdf3.o)
                0x0000000008000204                __aeabi_drsub
                0x000000000800020c                __subdf3
                0x000000000800020c                __aeabi_dsub
                0x0000000008000210                __aeabi_dadd
                0x0000000008000210                __adddf3
                0x0000000008000488                __aeabi_ui2d
                0x0000000008000488                __floatunsidf
                0x00000000080004a8                __floatsidf
                0x00000000080004a8                __aeabi_i2d
                0x00000000080004cc                __extendsfdf2
                0x00000000080004cc                __aeabi_f2d
                0x0000000008000508                __aeabi_ul2d
                0x0000000008000508                __floatundidf
                0x0000000008000518                __aeabi_l2d
                0x0000000008000518                __floatdidf
 .text          0x0000000008000574      0x424 /Users/Sebastian/.p2/pool/plugins/fr.ac6.mcu.externaltools.arm-none.macos64_1.13.1.201703061524/tools/compiler/bin/../lib/gcc/arm-none-eabi/5.4.1/armv7e-m/fpu/libgcc.a(_arm_muldivdf3.o)
                0x0000000008000574                __aeabi_dmul
                0x0000000008000574                __muldf3
                0x00000000080007c8                __aeabi_ddiv
                0x00000000080007c8                __divdf3
 .text          0x0000000008000998      0x110 /Users/Sebastian/.p2/pool/plugins/fr.ac6.mcu.externaltools.arm-none.macos64_1.13.1.201703061524/tools/compiler/bin/../lib/gcc/arm-none-eabi/5.4.1/armv7e-m/fpu/libgcc.a(_arm_cmpdf2.o)
                0x0000000008000998                __gedf2
                0x0000000008000998                __gtdf2
                0x00000000080009a0                __ledf2
                0x00000000080009a0                __ltdf2
                0x00000000080009a8                __cmpdf2
                0x00000000080009a8                __eqdf2
                0x00000000080009a8                __nedf2
                0x0000000008000a24                __aeabi_cdrcmple
                0x0000000008000a34                __aeabi_cdcmple
                0x0000000008000a34                __aeabi_cdcmpeq
                0x0000000008000a44                __aeabi_dcmpeq
                0x0000000008000a58                __aeabi_dcmplt
                0x0000000008000a6c                __aeabi_dcmple
                0x0000000008000a80                __aeabi_dcmpge
                0x0000000008000a94                __aeabi_dcmpgt
 .text          0x0000000008000aa8       0xa0 /Users/Sebastian/.p2/pool/plugins/fr.ac6.mcu.externaltools.arm-none.macos64_1.13.1.201703061524/tools/compiler/bin/../lib/gcc/arm-none-eabi/5.4.1/armv7e-m/fpu/libgcc.a(_arm_truncdfsf2.o)
                0x0000000008000aa8                __aeabi_d2f
                0x0000000008000aa8                __truncdfsf2
 .text          0x0000000008000b48      0x21c /Users/Sebastian/.p2/pool/plugins/fr.ac6.mcu.externaltools.arm-none.macos64_1.13.1.201703061524/tools/compiler/bin/../lib/gcc/arm-none-eabi/5.4.1/armv7e-m/fpu/libgcc.a(_arm_addsubsf3.o)
                0x0000000008000b48                __aeabi_frsub
                0x0000000008000b50                __aeabi_fsub
                0x0000000008000b50                __subsf3
                0x0000000008000b54                __aeabi_fadd
                0x0000000008000b54                __addsf3
                0x0000000008000cb4                __aeabi_ui2f
                0x0000000008000cb4                __floatunsisf
                0x0000000008000cbc                __floatsisf
                0x0000000008000cbc                __aeabi_i2f
                0x0000000008000cd8                __aeabi_ul2f
                0x0000000008000cd8                __floatundisf
                0x0000000008000ce8                __aeabi_l2f
                0x0000000008000ce8                __floatdisf
 .text          0x0000000008000d64       0x2c /Users/Sebastian/.p2/pool/plugins/fr.ac6.mcu.externaltools.arm-none.macos64_1.13.1.201703061524/tools/compiler/bin/../lib/gcc/arm-none-eabi/5.4.1/armv7e-m/fpu/libgcc.a(_arm_unorddf2.o)
                0x0000000008000d64                __aeabi_dcmpun
                0x0000000008000d64                __unorddf2
 .text          0x0000000008000d90       0x50 /Users/Sebastian/.p2/pool/plugins/fr.ac6.mcu.externaltools.arm-none.macos64_1.13.1.201703061524/tools/compiler/bin/../lib/gcc/arm-none-eabi/5.4.1/armv7e-m/fpu/libgcc.a(_arm_fixdfsi.o)
                0x0000000008000d90                __fixdfsi
                0x0000000008000d90                __aeabi_d2iz
 *(.text*)
 .text.NVIC_PriorityGroupConfig
                0x0000000008000de0       0x14 StdPeriph_Driver/src/misc.o
                0x0000000008000de0                NVIC_PriorityGroupConfig
 .text.NVIC_Init
                0x0000000008000df4       0x70 StdPeriph_Driver/src/misc.o
                0x0000000008000df4                NVIC_Init
 .text.DMA_DeInit
                0x0000000008000e64      0x154 StdPeriph_Driver/src/stm32f4xx_dma.o
                0x0000000008000e64                DMA_DeInit
 .text.DMA_Init
                0x0000000008000fb8       0x58 StdPeriph_Driver/src/stm32f4xx_dma.o
                0x0000000008000fb8                DMA_Init
 .text.DMA_Cmd  0x0000000008001010       0x18 StdPeriph_Driver/src/stm32f4xx_dma.o
                0x0000000008001010                DMA_Cmd
 .text.DMA_GetCurrDataCounter
                0x0000000008001028        0x8 StdPeriph_Driver/src/stm32f4xx_dma.o
                0x0000000008001028                DMA_GetCurrDataCounter
 .text.DMA_ITConfig
                0x0000000008001030       0x44 StdPeriph_Driver/src/stm32f4xx_dma.o
                0x0000000008001030                DMA_ITConfig
 .text.DMA_GetITStatus
                0x0000000008001074       0x5c StdPeriph_Driver/src/stm32f4xx_dma.o
                0x0000000008001074                DMA_GetITStatus
 .text.DMA_ClearITPendingBit
                0x00000000080010d0       0x34 StdPeriph_Driver/src/stm32f4xx_dma.o
                0x00000000080010d0                DMA_ClearITPendingBit
 .text.EXTI_Init
                0x0000000008001104       0x90 StdPeriph_Driver/src/stm32f4xx_exti.o
                0x0000000008001104                EXTI_Init
 .text.EXTI_ClearITPendingBit
                0x0000000008001194        0xc StdPeriph_Driver/src/stm32f4xx_exti.o
                0x0000000008001194                EXTI_ClearITPendingBit
 .text.GPIO_Init
                0x00000000080011a0       0x90 StdPeriph_Driver/src/stm32f4xx_gpio.o
                0x00000000080011a0                GPIO_Init
 .text.GPIO_PinAFConfig
                0x0000000008001230       0x28 StdPeriph_Driver/src/stm32f4xx_gpio.o
                0x0000000008001230                GPIO_PinAFConfig
 .text.RCC_GetClocksFreq
                0x0000000008001258       0xa4 StdPeriph_Driver/src/stm32f4xx_rcc.o
                0x0000000008001258                RCC_GetClocksFreq
 .text.RCC_AHB1PeriphClockCmd
                0x00000000080012fc       0x1c StdPeriph_Driver/src/stm32f4xx_rcc.o
                0x00000000080012fc                RCC_AHB1PeriphClockCmd
 .text.RCC_APB1PeriphClockCmd
                0x0000000008001318       0x1c StdPeriph_Driver/src/stm32f4xx_rcc.o
                0x0000000008001318                RCC_APB1PeriphClockCmd
 .text.RCC_APB2PeriphClockCmd
                0x0000000008001334       0x1c StdPeriph_Driver/src/stm32f4xx_rcc.o
                0x0000000008001334                RCC_APB2PeriphClockCmd
 .text.SYSCFG_EXTILineConfig
                0x0000000008001350       0x30 StdPeriph_Driver/src/stm32f4xx_syscfg.o
                0x0000000008001350                SYSCFG_EXTILineConfig
 .text.TIM_TimeBaseInit
                0x0000000008001380       0x88 StdPeriph_Driver/src/stm32f4xx_tim.o
                0x0000000008001380                TIM_TimeBaseInit
 .text.TIM_SetAutoreload
                0x0000000008001408        0x4 StdPeriph_Driver/src/stm32f4xx_tim.o
                0x0000000008001408                TIM_SetAutoreload
 .text.TIM_ARRPreloadConfig
                0x000000000800140c       0x1c StdPeriph_Driver/src/stm32f4xx_tim.o
                0x000000000800140c                TIM_ARRPreloadConfig
 .text.TIM_Cmd  0x0000000008001428       0x1c StdPeriph_Driver/src/stm32f4xx_tim.o
                0x0000000008001428                TIM_Cmd
 .text.TIM_OC1Init
                0x0000000008001444       0x74 StdPeriph_Driver/src/stm32f4xx_tim.o
                0x0000000008001444                TIM_OC1Init
 .text.TIM_SetCompare1
                0x00000000080014b8        0x4 StdPeriph_Driver/src/stm32f4xx_tim.o
                0x00000000080014b8                TIM_SetCompare1
 .text.TIM_OC1PreloadConfig
                0x00000000080014bc       0x10 StdPeriph_Driver/src/stm32f4xx_tim.o
                0x00000000080014bc                TIM_OC1PreloadConfig
 .text.TIM_CtrlPWMOutputs
                0x00000000080014cc       0x24 StdPeriph_Driver/src/stm32f4xx_tim.o
                0x00000000080014cc                TIM_CtrlPWMOutputs
 .text.TIM_ITConfig
                0x00000000080014f0       0x18 StdPeriph_Driver/src/stm32f4xx_tim.o
                0x00000000080014f0                TIM_ITConfig
 .text.TIM_ClearITPendingBit
                0x0000000008001508        0x8 StdPeriph_Driver/src/stm32f4xx_tim.o
                0x0000000008001508                TIM_ClearITPendingBit
 .text.USART_Init
                0x0000000008001510       0xc0 StdPeriph_Driver/src/stm32f4xx_usart.o
                0x0000000008001510                USART_Init
 .text.USART_Cmd
                0x00000000080015d0       0x1c StdPeriph_Driver/src/stm32f4xx_usart.o
                0x00000000080015d0                USART_Cmd
 .text.USART_SendData
                0x00000000080015ec        0x8 StdPeriph_Driver/src/stm32f4xx_usart.o
                0x00000000080015ec                USART_SendData
 .text.USART_DMACmd
                0x00000000080015f4       0x18 StdPeriph_Driver/src/stm32f4xx_usart.o
                0x00000000080015f4                USART_DMACmd
 .text.USART_GetFlagStatus
                0x000000000800160c        0xc StdPeriph_Driver/src/stm32f4xx_usart.o
                0x000000000800160c                USART_GetFlagStatus
 .text.init_i2c
                0x0000000008001618       0x50 driver/i2c.o
                0x0000000008001618                init_i2c
 .text.i2c_reset_error
                0x0000000008001668        0xc driver/i2c.o
                0x0000000008001668                i2c_reset_error
 .text.i2c_get_error
                0x0000000008001674        0xc driver/i2c.o
                0x0000000008001674                i2c_get_error
 .text.i2c_send_char
                0x0000000008001680      0x13c driver/i2c.o
                0x0000000008001680                i2c_send_char
 .text.i2c_send_int_register
                0x00000000080017bc      0x1fc driver/i2c.o
                0x00000000080017bc                i2c_send_int_register
 .text.i2c_send_int_register_LSB
                0x00000000080019b8      0x1fc driver/i2c.o
                0x00000000080019b8                i2c_send_int_register_LSB
 .text.i2c_read_int
                0x0000000008001bb4      0x134 driver/i2c.o
                0x0000000008001bb4                i2c_read_int
 .text.i2c_read_int_LSB
                0x0000000008001ce8      0x134 driver/i2c.o
                0x0000000008001ce8                i2c_read_int_LSB
 .text.i2c_read_24bit
                0x0000000008001e1c      0x154 driver/i2c.o
                0x0000000008001e1c                i2c_read_24bit
 .text.sdio_set_clock
                0x0000000008001f70       0x3c driver/sdio.o
                0x0000000008001f70                sdio_set_clock
 .text.sdio_send_cmd
                0x0000000008001fac       0x24 driver/sdio.o
                0x0000000008001fac                sdio_send_cmd
 .text.sdio_send_cmd_short
                0x0000000008001fd0       0x48 driver/sdio.o
                0x0000000008001fd0                sdio_send_cmd_short
 .text.sdio_send_cmd_short_no_crc
                0x0000000008002018       0x48 driver/sdio.o
                0x0000000008002018                sdio_send_cmd_short_no_crc
 .text.sdio_send_cmd_long
                0x0000000008002060       0x44 driver/sdio.o
                0x0000000008002060                sdio_send_cmd_long
 .text.sdio_select_card
                0x00000000080020a4       0x34 driver/sdio.o
                0x00000000080020a4                sdio_select_card
 .text.sdio_set_wait
                0x00000000080020d8       0x1c driver/sdio.o
                0x00000000080020d8                sdio_set_wait
 .text.sdio_dma_receive
                0x00000000080020f4       0x28 driver/sdio.o
                0x00000000080020f4                sdio_dma_receive
 .text.sdio_read_block
                0x000000000800211c       0x60 driver/sdio.o
                0x000000000800211c                sdio_read_block
 .text.sdio_read_byte
                0x000000000800217c       0x14 driver/sdio.o
                0x000000000800217c                sdio_read_byte
 .text.sdio_read_int
                0x0000000008002190       0x1c driver/sdio.o
                0x0000000008002190                sdio_read_int
 .text.sdio_read_long
                0x00000000080021ac       0x34 driver/sdio.o
                0x00000000080021ac                sdio_read_long
 .text.sdio_init_filesystem
                0x00000000080021e0      0x188 driver/sdio.o
                0x00000000080021e0                sdio_init_filesystem
 .text.sdio_get_lba
                0x0000000008002368       0x28 driver/sdio.o
                0x0000000008002368                sdio_get_lba
 .text.sdio_get_fat_sec
                0x0000000008002390       0x24 driver/sdio.o
                0x0000000008002390                sdio_get_fat_sec
 .text.sdio_get_fat_pos
                0x00000000080023b4       0x1c driver/sdio.o
                0x00000000080023b4                sdio_get_fat_pos
 .text.sdio_read_fat_pos
                0x00000000080023d0       0x20 driver/sdio.o
                0x00000000080023d0                sdio_read_fat_pos
 .text.sdio_get_next_cluster
                0x00000000080023f0       0x28 driver/sdio.o
                0x00000000080023f0                sdio_get_next_cluster
 .text.sdio_read_cluster
                0x0000000008002418       0x24 driver/sdio.o
                0x0000000008002418                sdio_read_cluster
 .text.sdio_read_root
                0x000000000800243c       0x80 driver/sdio.o
                0x000000000800243c                sdio_read_root
 .text.sdio_read_next_sector_of_cluster
                0x00000000080024bc       0xac driver/sdio.o
                0x00000000080024bc                sdio_read_next_sector_of_cluster
 .text.sdio_get_name
                0x0000000008002568       0x34 driver/sdio.o
                0x0000000008002568                sdio_get_name
 .text.sdio_get_file
                0x000000000800259c       0xbc driver/sdio.o
                0x000000000800259c                sdio_get_file
 .text.init_sdio
                0x0000000008002658      0x21c driver/sdio.o
                0x0000000008002658                init_sdio
 .text.init_spi
                0x0000000008002874       0x50 driver/spi.o
                0x0000000008002874                init_spi
 .text.spi_send_char
                0x00000000080028c4       0x18 driver/spi.o
                0x00000000080028c4                spi_send_char
 .text.init_BMS
                0x00000000080028dc      0x164 src/BMS.o
                0x00000000080028dc                init_BMS
 .text.BMS_adc_start
                0x0000000008002a40       0x54 src/BMS.o
                0x0000000008002a40                BMS_adc_start
 .text.BMS_get_status
                0x0000000008002a94       0xd8 src/BMS.o
                0x0000000008002a94                BMS_get_status
 .text.BMS_get_adc
                0x0000000008002b6c       0xd4 src/BMS.o
                0x0000000008002b6c                BMS_get_adc
 .text.BMS_set_charge_current
                0x0000000008002c40       0x6c src/BMS.o
                0x0000000008002c40                BMS_set_charge_current
 .text.BMS_set_otg
                0x0000000008002cac       0xec src/BMS.o
                0x0000000008002cac                BMS_set_otg
 .text.BMS_gauge_get_adc
                0x0000000008002d98       0x7c src/BMS.o
                0x0000000008002d98                BMS_gauge_get_adc
 .text.BMS_task
                0x0000000008002e14       0x90 src/BMS.o
                0x0000000008002e14                BMS_task
 .text.lcd_dma_enable
                0x0000000008002ea4       0x38 src/DOGXL240.o
                0x0000000008002ea4                lcd_dma_enable
 .text.lcd_set_col_addr
                0x0000000008002edc       0x34 src/DOGXL240.o
                0x0000000008002edc                lcd_set_col_addr
 .text.lcd_set_page_addr
                0x0000000008002f10       0x38 src/DOGXL240.o
                0x0000000008002f10                lcd_set_page_addr
 .text.lcd_set_write_pattern
                0x0000000008002f48       0x28 src/DOGXL240.o
                0x0000000008002f48                lcd_set_write_pattern
 .text.lcd_set_cursor
                0x0000000008002f70       0x10 src/DOGXL240.o
                0x0000000008002f70                lcd_set_cursor
 .text.init_lcd
                0x0000000008002f80      0x14c src/DOGXL240.o
                0x0000000008002f80                init_lcd
 .text.lcd_set_fontsize
                0x00000000080030cc        0xc src/DOGXL240.o
                0x00000000080030cc                lcd_set_fontsize
 .text.lcd_set_inverted
                0x00000000080030d8        0xc src/DOGXL240.o
                0x00000000080030d8                lcd_set_inverted
 .text.lcd_send_buffer
                0x00000000080030e4       0x2c src/DOGXL240.o
                0x00000000080030e4                lcd_send_buffer
 .text.lcd_pixel2buffer
                0x0000000008003110       0x48 src/DOGXL240.o
                0x0000000008003110                lcd_pixel2buffer
 .text.lcd_char2buffer
                0x0000000008003158      0x1a4 src/DOGXL240.o
                0x0000000008003158                lcd_char2buffer
 .text.lcd_clear_buffer
                0x00000000080032fc       0x1c src/DOGXL240.o
                0x00000000080032fc                lcd_clear_buffer
 .text.lcd_string2buffer
                0x0000000008003318       0x18 src/DOGXL240.o
                0x0000000008003318                lcd_string2buffer
 .text.lcd_num2buffer
                0x0000000008003330       0xa8 src/DOGXL240.o
                0x0000000008003330                lcd_num2buffer
 .text.lcd_float2buffer
                0x00000000080033d8       0x8c src/DOGXL240.o
                0x00000000080033d8                lcd_float2buffer
 .text.lcd_bat2buffer
                0x0000000008003464       0xac src/DOGXL240.o
                0x0000000008003464                lcd_bat2buffer
 .text.lcd_line2buffer
                0x0000000008003510       0xc0 src/DOGXL240.o
                0x0000000008003510                lcd_line2buffer
 .text.lcd_circle2buffer
                0x00000000080035d0       0xbc src/DOGXL240.o
                0x00000000080035d0                lcd_circle2buffer
 .text.lcd_arrow2buffer
                0x000000000800368c      0x108 src/DOGXL240.o
                0x000000000800368c                lcd_arrow2buffer
 .text.lcd_signed_num2buffer
                0x0000000008003794       0xc8 src/DOGXL240.o
                0x0000000008003794                lcd_signed_num2buffer
 .text.lcd_box2buffer
                0x000000000800385c       0xb4 src/DOGXL240.o
                0x000000000800385c                lcd_box2buffer
 .text.datafusion_init
                0x0000000008003910       0x50 src/datafusion.o
                0x0000000008003910                datafusion_init
 .text.wind_turn_dir
                0x0000000008003960       0x48 src/datafusion.o
                0x0000000008003960                wind_turn_dir
 .text.wind_collect_samples
                0x00000000080039a8       0xf0 src/datafusion.o
                0x00000000080039a8                wind_collect_samples
 .text.wind_grad
                0x0000000008003a98      0x520 src/datafusion.o
                0x0000000008003a98                wind_grad
 .text.wind_estimator
                0x0000000008003fb8        0xc src/datafusion.o
                0x0000000008003fb8                wind_estimator
 *fill*         0x0000000008003fc4        0x4 
 .text.datafusion_task
                0x0000000008003fc8      0x28c src/datafusion.o
                0x0000000008003fc8                datafusion_task
 .text.exti_init
                0x0000000008004254       0xa8 src/exti.o
                0x0000000008004254                exti_init
 .text.EXTI0_IRQHandler
                0x00000000080042fc       0x3c src/exti.o
                0x00000000080042fc                EXTI0_IRQHandler
 .text.EXTI1_IRQHandler
                0x0000000008004338       0x3c src/exti.o
                0x0000000008004338                EXTI1_IRQHandler
 .text.EXTI2_IRQHandler
                0x0000000008004374       0x3c src/exti.o
                0x0000000008004374                EXTI2_IRQHandler
 .text.EXTI3_IRQHandler
                0x00000000080043b0       0x40 src/exti.o
                0x00000000080043b0                EXTI3_IRQHandler
 .text.gps_handle_nav
                0x00000000080043f0      0x1ec src/gps.o
                0x00000000080043f0                gps_handle_nav
 .text.gps_send_bytes
                0x00000000080045dc       0x34 src/gps.o
                0x00000000080045dc                gps_send_bytes
 .text.gps_set_msg_rate
                0x0000000008004610       0x4c src/gps.o
                0x0000000008004610                gps_set_msg_rate
 .text.gps_config
                0x000000000800465c       0xcc src/gps.o
                0x000000000800465c                gps_config
 .text.gps_init
                0x0000000008004728      0x1b4 src/gps.o
                0x0000000008004728                gps_init
 .text.DMA1_Stream1_IRQHandler
                0x00000000080048dc       0x5c src/gps.o
                0x00000000080048dc                DMA1_Stream1_IRQHandler
 .text.gps_SetSysTime
                0x0000000008004938       0x54 src/gps.o
                0x0000000008004938                gps_SetSysTime
 .text.gps_SetSysDate
                0x000000000800498c       0x1c src/gps.o
                0x000000000800498c                gps_SetSysDate
 .text.gps_task
                0x00000000080049a8      0x1c4 src/gps.o
                0x00000000080049a8                gps_task
 .text.gui_init
                0x0000000008004b6c       0x54 src/gui.o
                0x0000000008004b6c                gui_init
 .text.fkt_BMS  0x0000000008004bc0      0x2b4 src/gui.o
                0x0000000008004bc0                fkt_BMS
 .text.fkt_GPS  0x0000000008004e74      0x34c src/gui.o
                0x0000000008004e74                fkt_GPS
 .text.fkt_MS5611
                0x00000000080051c0      0x1d4 src/gui.o
                0x00000000080051c0                fkt_MS5611
 .text.fkt_Datafusion
                0x0000000008005394      0x250 src/gui.o
                0x0000000008005394                fkt_Datafusion
 .text.fkt_runtime_errors
                0x00000000080055e4       0xa4 src/gui.o
                0x00000000080055e4                fkt_runtime_errors
 .text.fkt_infobox
                0x0000000008005688      0x178 src/gui.o
                0x0000000008005688                fkt_infobox
 .text.draw_graph
                0x0000000008005800      0x1b8 src/gui.o
                0x0000000008005800                draw_graph
 .text.fkt_Vario
                0x00000000080059b8      0x31c src/gui.o
                0x00000000080059b8                fkt_Vario
 .text.gui_bootlogo
                0x0000000008005cd4       0xa4 src/gui.o
                0x0000000008005cd4                gui_bootlogo
 .text.gui_status_bar
                0x0000000008005d78      0x1b8 src/gui.o
                0x0000000008005d78                gui_status_bar
 .text.gui_task
                0x0000000008005f30       0x74 src/gui.o
                0x0000000008005f30                gui_task
 .text.ipc_memory_register
                0x0000000008005fa4       0x30 src/ipc.o
                0x0000000008005fa4                ipc_memory_register
 .text.ipc_memory_get
                0x0000000008005fd4        0xc src/ipc.o
                0x0000000008005fd4                ipc_memory_get
 .text.ipc_register_queue
                0x0000000008005fe0       0x48 src/ipc.o
                0x0000000008005fe0                ipc_register_queue
 .text.ipc_queue_push
                0x0000000008006028       0x80 src/ipc.o
                0x0000000008006028                ipc_queue_push
 .text.ipc_queue_get
                0x00000000080060a8       0x70 src/ipc.o
                0x00000000080060a8                ipc_queue_get
 .text.ipc_get_queue_bytes
                0x0000000008006118       0x14 src/ipc.o
                0x0000000008006118                ipc_get_queue_bytes
 .text.log_include
                0x000000000800612c       0x50 src/logging.o
                0x000000000800612c                log_include
 .text.main     0x000000000800617c       0xb0 src/main.o
                0x000000000800617c                main
 .text.MS5611_init
                0x000000000800622c       0xd8 src/ms5611.o
                0x000000000800622c                MS5611_init
 .text.catch_temp_MS
                0x0000000008006304       0xa4 src/ms5611.o
                0x0000000008006304                catch_temp_MS
 .text.get_pressure_MS
                0x00000000080063a8      0x210 src/ms5611.o
                0x00000000080063a8                get_pressure_MS
 .text.ms5611_task
                0x00000000080065b8       0x70 src/ms5611.o
                0x00000000080065b8                ms5611_task
 .text.init_clock
                0x0000000008006628       0xbc src/oVario_Framework.o
                0x0000000008006628                init_clock
 .text.gpio_en  0x00000000080066e4       0x14 src/oVario_Framework.o
                0x00000000080066e4                gpio_en
 .text.init_systick_ms
                0x00000000080066f8       0x2c src/oVario_Framework.o
                0x00000000080066f8                init_systick_ms
 .text.init_led
                0x0000000008006724       0x18 src/oVario_Framework.o
                0x0000000008006724                init_led
 .text.set_led_red
                0x000000000800673c       0x28 src/oVario_Framework.o
                0x000000000800673c                set_led_red
 .text.wait_systick
                0x0000000008006764       0x24 src/oVario_Framework.o
                0x0000000008006764                wait_systick
 .text.wait_ms  0x0000000008006788       0x38 src/oVario_Framework.o
                0x0000000008006788                wait_ms
 .text.set_time
                0x00000000080067c0       0x14 src/oVario_Framework.o
                0x00000000080067c0                set_time
 .text.get_minutes_lct
                0x00000000080067d4       0x10 src/oVario_Framework.o
                0x00000000080067d4                get_minutes_lct
 .text.get_hours_lct
                0x00000000080067e4       0x18 src/oVario_Framework.o
                0x00000000080067e4                get_hours_lct
 .text.set_date
                0x00000000080067fc       0x18 src/oVario_Framework.o
                0x00000000080067fc                set_date
 .text.get_month_utc
                0x0000000008006814       0x10 src/oVario_Framework.o
                0x0000000008006814                get_month_utc
 .text.set_timezone
                0x0000000008006824       0x20 src/oVario_Framework.o
                0x0000000008006824                set_timezone
 .text.sound_init
                0x0000000008006844      0x14c src/sound.o
                0x0000000008006844                sound_init
 .text.sound_set_frequ_vol
                0x0000000008006990       0x5c src/sound.o
                0x0000000008006990                sound_set_frequ_vol
 .text.sound_task
                0x00000000080069ec       0xcc src/sound.o
                0x00000000080069ec                sound_task
 .text.TIM3_IRQHandler
                0x0000000008006ab8       0x28 src/sound.o
                0x0000000008006ab8                TIM3_IRQHandler
 .text.timer_init
                0x0000000008006ae0       0x74 src/timer.o
                0x0000000008006ae0                timer_init
 .text.vario_init
                0x0000000008006b54       0x1c src/vario.o
                0x0000000008006b54                vario_init
 .text.vario_task
                0x0000000008006b70      0x24c src/vario.o
                0x0000000008006b70                vario_task
 .text.Reset_Handler
                0x0000000008006dbc       0x50 startup/startup_stm32.o
                0x0000000008006dbc                Reset_Handler
 .text.Default_Handler
                0x0000000008006e0c        0x2 startup/startup_stm32.o
                0x0000000008006e0c                DMA1_Stream3_IRQHandler
                0x0000000008006e0c                HASH_RNG_IRQHandler
                0x0000000008006e0c                TIM8_CC_IRQHandler
                0x0000000008006e0c                DebugMon_Handler
                0x0000000008006e0c                TIM1_CC_IRQHandler
                0x0000000008006e0c                DMA2_Stream5_IRQHandler
                0x0000000008006e0c                HardFault_Handler
                0x0000000008006e0c                DMA1_Stream5_IRQHandler
                0x0000000008006e0c                SysTick_Handler
                0x0000000008006e0c                PVD_IRQHandler
                0x0000000008006e0c                SDIO_IRQHandler
                0x0000000008006e0c                TAMP_STAMP_IRQHandler
                0x0000000008006e0c                PendSV_Handler
                0x0000000008006e0c                NMI_Handler
                0x0000000008006e0c                CAN2_RX1_IRQHandler
                0x0000000008006e0c                TIM8_TRG_COM_TIM14_IRQHandler
                0x0000000008006e0c                TIM1_UP_TIM10_IRQHandler
                0x0000000008006e0c                TIM8_UP_TIM13_IRQHandler
                0x0000000008006e0c                I2C3_ER_IRQHandler
                0x0000000008006e0c                LCD_TFT_IRQHandler
                0x0000000008006e0c                I2C2_EV_IRQHandler
                0x0000000008006e0c                DMA1_Stream2_IRQHandler
                0x0000000008006e0c                CAN1_RX0_IRQHandler
                0x0000000008006e0c                FPU_IRQHandler
                0x0000000008006e0c                OTG_HS_WKUP_IRQHandler
                0x0000000008006e0c                UsageFault_Handler
                0x0000000008006e0c                CAN2_SCE_IRQHandler
                0x0000000008006e0c                DMA2_Stream2_IRQHandler
                0x0000000008006e0c                SPI1_IRQHandler
                0x0000000008006e0c                TIM6_DAC_IRQHandler
                0x0000000008006e0c                TIM1_BRK_TIM9_IRQHandler
                0x0000000008006e0c                DCMI_IRQHandler
                0x0000000008006e0c                CAN2_RX0_IRQHandler
                0x0000000008006e0c                DMA2_Stream3_IRQHandler
                0x0000000008006e0c                USART6_IRQHandler
                0x0000000008006e0c                USART3_IRQHandler
                0x0000000008006e0c                CRYP_IRQHandler
                0x0000000008006e0c                CAN1_RX1_IRQHandler
                0x0000000008006e0c                UART5_IRQHandler
                0x0000000008006e0c                DMA2_Stream0_IRQHandler
                0x0000000008006e0c                TIM4_IRQHandler
                0x0000000008006e0c                I2C1_EV_IRQHandler
                0x0000000008006e0c                DMA1_Stream6_IRQHandler
                0x0000000008006e0c                UART4_IRQHandler
                0x0000000008006e0c                LCD_TFT_1_IRQHandler
                0x0000000008006e0c                RCC_IRQHandler
                0x0000000008006e0c                TIM8_BRK_TIM12_IRQHandler
                0x0000000008006e0c                Default_Handler
                0x0000000008006e0c                EXTI15_10_IRQHandler
                0x0000000008006e0c                ADC_IRQHandler
                0x0000000008006e0c                DMA1_Stream7_IRQHandler
                0x0000000008006e0c                TIM7_IRQHandler
                0x0000000008006e0c                CAN2_TX_IRQHandler
                0x0000000008006e0c                TIM5_IRQHandler
                0x0000000008006e0c                DMA2_Stream7_IRQHandler
                0x0000000008006e0c                I2C3_EV_IRQHandler
                0x0000000008006e0c                EXTI9_5_IRQHandler
                0x0000000008006e0c                RTC_WKUP_IRQHandler
                0x0000000008006e0c                ETH_WKUP_IRQHandler
                0x0000000008006e0c                SPI2_IRQHandler
                0x0000000008006e0c                OTG_HS_EP1_IN_IRQHandler
                0x0000000008006e0c                MemManage_Handler
                0x0000000008006e0c                DMA1_Stream0_IRQHandler
                0x0000000008006e0c                CAN1_TX_IRQHandler
                0x0000000008006e0c                SVC_Handler
                0x0000000008006e0c                EXTI4_IRQHandler
                0x0000000008006e0c                FSMC_IRQHandler
                0x0000000008006e0c                ETH_IRQHandler
                0x0000000008006e0c                OTG_HS_EP1_OUT_IRQHandler
                0x0000000008006e0c                WWDG_IRQHandler
                0x0000000008006e0c                TIM2_IRQHandler
                0x0000000008006e0c                OTG_FS_WKUP_IRQHandler
                0x0000000008006e0c                TIM1_TRG_COM_TIM11_IRQHandler
                0x0000000008006e0c                OTG_HS_IRQHandler
                0x0000000008006e0c                USART2_IRQHandler
                0x0000000008006e0c                I2C2_ER_IRQHandler
                0x0000000008006e0c                DMA2_Stream1_IRQHandler
                0x0000000008006e0c                CAN1_SCE_IRQHandler
                0x0000000008006e0c                DMA2_Stream4_IRQHandler
                0x0000000008006e0c                BusFault_Handler
                0x0000000008006e0c                USART1_IRQHandler
                0x0000000008006e0c                OTG_FS_IRQHandler
                0x0000000008006e0c                SPI3_IRQHandler
                0x0000000008006e0c                DMA1_Stream4_IRQHandler
                0x0000000008006e0c                I2C1_ER_IRQHandler
                0x0000000008006e0c                DMA2_Stream6_IRQHandler
                0x0000000008006e0c                RTC_Alarm_IRQHandler
 *fill*         0x0000000008006e0e        0x2 
 .text.__errno  0x0000000008006e10        0xc /Users/Sebastian/.p2/pool/plugins/fr.ac6.mcu.externaltools.arm-none.macos64_1.13.1.201703061524/tools/compiler/bin/../lib/gcc/arm-none-eabi/5.4.1/../../../../arm-none-eabi/lib/armv7e-m/fpu/libc.a(lib_a-errno.o)
                0x0000000008006e10                __errno
 .text.__libc_init_array
                0x0000000008006e1c       0x50 /Users/Sebastian/.p2/pool/plugins/fr.ac6.mcu.externaltools.arm-none.macos64_1.13.1.201703061524/tools/compiler/bin/../lib/gcc/arm-none-eabi/5.4.1/../../../../arm-none-eabi/lib/armv7e-m/fpu/libc.a(lib_a-init.o)
                0x0000000008006e1c                __libc_init_array
 .text.startup.register_fini
                0x0000000008006e6c       0x14 /Users/Sebastian/.p2/pool/plugins/fr.ac6.mcu.externaltools.arm-none.macos64_1.13.1.201703061524/tools/compiler/bin/../lib/gcc/arm-none-eabi/5.4.1/../../../../arm-none-eabi/lib/armv7e-m/fpu/libc.a(lib_a-__call_atexit.o)
 .text.atexit   0x0000000008006e80        0xc /Users/Sebastian/.p2/pool/plugins/fr.ac6.mcu.externaltools.arm-none.macos64_1.13.1.201703061524/tools/compiler/bin/../lib/gcc/arm-none-eabi/5.4.1/../../../../arm-none-eabi/lib/armv7e-m/fpu/libc.a(lib_a-atexit.o)
                0x0000000008006e80                atexit
 .text.__libc_fini_array
                0x0000000008006e8c       0x28 /Users/Sebastian/.p2/pool/plugins/fr.ac6.mcu.externaltools.arm-none.macos64_1.13.1.201703061524/tools/compiler/bin/../lib/gcc/arm-none-eabi/5.4.1/../../../../arm-none-eabi/lib/armv7e-m/fpu/libc.a(lib_a-fini.o)
                0x0000000008006e8c                __libc_fini_array
 .text.__register_exitproc
                0x0000000008006eb4       0xa4 /Users/Sebastian/.p2/pool/plugins/fr.ac6.mcu.externaltools.arm-none.macos64_1.13.1.201703061524/tools/compiler/bin/../lib/gcc/arm-none-eabi/5.4.1/../../../../arm-none-eabi/lib/armv7e-m/fpu/libc.a(lib_a-__atexit.o)
                0x0000000008006eb4                __register_exitproc
 .text.cos      0x0000000008006f58       0xc0 /Users/Sebastian/.p2/pool/plugins/fr.ac6.mcu.externaltools.arm-none.macos64_1.13.1.201703061524/tools/compiler/bin/../lib/gcc/arm-none-eabi/5.4.1/../../../../arm-none-eabi/lib/armv7e-m/fpu/libm.a(lib_a-s_cos.o)
                0x0000000008006f58                cos
 .text.sin      0x0000000008007018       0xc0 /Users/Sebastian/.p2/pool/plugins/fr.ac6.mcu.externaltools.arm-none.macos64_1.13.1.201703061524/tools/compiler/bin/../lib/gcc/arm-none-eabi/5.4.1/../../../../arm-none-eabi/lib/armv7e-m/fpu/libm.a(lib_a-s_sin.o)
                0x0000000008007018                sin
 .text.asin     0x00000000080070d8       0xc4 /Users/Sebastian/.p2/pool/plugins/fr.ac6.mcu.externaltools.arm-none.macos64_1.13.1.201703061524/tools/compiler/bin/../lib/gcc/arm-none-eabi/5.4.1/../../../../arm-none-eabi/lib/armv7e-m/fpu/libm.a(lib_a-w_asin.o)
                0x00000000080070d8                asin
 .text.sqrtf    0x000000000800719c       0xac /Users/Sebastian/.p2/pool/plugins/fr.ac6.mcu.externaltools.arm-none.macos64_1.13.1.201703061524/tools/compiler/bin/../lib/gcc/arm-none-eabi/5.4.1/../../../../arm-none-eabi/lib/armv7e-m/fpu/libm.a(lib_a-wf_sqrt.o)
                0x000000000800719c                sqrtf
 .text.__ieee754_asin
                0x0000000008007248      0x49c /Users/Sebastian/.p2/pool/plugins/fr.ac6.mcu.externaltools.arm-none.macos64_1.13.1.201703061524/tools/compiler/bin/../lib/gcc/arm-none-eabi/5.4.1/../../../../arm-none-eabi/lib/armv7e-m/fpu/libm.a(lib_a-e_asin.o)
                0x0000000008007248                __ieee754_asin
 *fill*         0x00000000080076e4        0x4 
 .text.__ieee754_rem_pio2
                0x00000000080076e8      0x44c /Users/Sebastian/.p2/pool/plugins/fr.ac6.mcu.externaltools.arm-none.macos64_1.13.1.201703061524/tools/compiler/bin/../lib/gcc/arm-none-eabi/5.4.1/../../../../arm-none-eabi/lib/armv7e-m/fpu/libm.a(lib_a-e_rem_pio2.o)
                0x00000000080076e8                __ieee754_rem_pio2
 .text.__ieee754_sqrt
                0x0000000008007b34      0x1a0 /Users/Sebastian/.p2/pool/plugins/fr.ac6.mcu.externaltools.arm-none.macos64_1.13.1.201703061524/tools/compiler/bin/../lib/gcc/arm-none-eabi/5.4.1/../../../../arm-none-eabi/lib/armv7e-m/fpu/libm.a(lib_a-e_sqrt.o)
                0x0000000008007b34                __ieee754_sqrt
 .text.__ieee754_sqrtf
                0x0000000008007cd4       0xa4 /Users/Sebastian/.p2/pool/plugins/fr.ac6.mcu.externaltools.arm-none.macos64_1.13.1.201703061524/tools/compiler/bin/../lib/gcc/arm-none-eabi/5.4.1/../../../../arm-none-eabi/lib/armv7e-m/fpu/libm.a(lib_a-ef_sqrt.o)
                0x0000000008007cd4                __ieee754_sqrtf
 .text.__kernel_cos
                0x0000000008007d78      0x284 /Users/Sebastian/.p2/pool/plugins/fr.ac6.mcu.externaltools.arm-none.macos64_1.13.1.201703061524/tools/compiler/bin/../lib/gcc/arm-none-eabi/5.4.1/../../../../arm-none-eabi/lib/armv7e-m/fpu/libm.a(lib_a-k_cos.o)
                0x0000000008007d78                __kernel_cos
 *fill*         0x0000000008007ffc        0x4 
 .text.__kernel_rem_pio2
                0x0000000008008000      0x820 /Users/Sebastian/.p2/pool/plugins/fr.ac6.mcu.externaltools.arm-none.macos64_1.13.1.201703061524/tools/compiler/bin/../lib/gcc/arm-none-eabi/5.4.1/../../../../arm-none-eabi/lib/armv7e-m/fpu/libm.a(lib_a-k_rem_pio2.o)
                0x0000000008008000                __kernel_rem_pio2
 .text.__kernel_sin
                0x0000000008008820      0x194 /Users/Sebastian/.p2/pool/plugins/fr.ac6.mcu.externaltools.arm-none.macos64_1.13.1.201703061524/tools/compiler/bin/../lib/gcc/arm-none-eabi/5.4.1/../../../../arm-none-eabi/lib/armv7e-m/fpu/libm.a(lib_a-k_sin.o)
                0x0000000008008820                __kernel_sin
 .text.fabs     0x00000000080089b4       0x10 /Users/Sebastian/.p2/pool/plugins/fr.ac6.mcu.externaltools.arm-none.macos64_1.13.1.201703061524/tools/compiler/bin/../lib/gcc/arm-none-eabi/5.4.1/../../../../arm-none-eabi/lib/armv7e-m/fpu/libm.a(lib_a-s_fabs.o)
                0x00000000080089b4                fabs
 *fill*         0x00000000080089c4        0x4 
 .text.floor    0x00000000080089c8      0x120 /Users/Sebastian/.p2/pool/plugins/fr.ac6.mcu.externaltools.arm-none.macos64_1.13.1.201703061524/tools/compiler/bin/../lib/gcc/arm-none-eabi/5.4.1/../../../../arm-none-eabi/lib/armv7e-m/fpu/libm.a(lib_a-s_floor.o)
                0x00000000080089c8                floor
 .text.matherr  0x0000000008008ae8        0x4 /Users/Sebastian/.p2/pool/plugins/fr.ac6.mcu.externaltools.arm-none.macos64_1.13.1.201703061524/tools/compiler/bin/../lib/gcc/arm-none-eabi/5.4.1/../../../../arm-none-eabi/lib/armv7e-m/fpu/libm.a(lib_a-s_matherr.o)
                0x0000000008008ae8                matherr
 *fill*         0x0000000008008aec        0x4 
 .text.nan      0x0000000008008af0       0x10 /Users/Sebastian/.p2/pool/plugins/fr.ac6.mcu.externaltools.arm-none.macos64_1.13.1.201703061524/tools/compiler/bin/../lib/gcc/arm-none-eabi/5.4.1/../../../../arm-none-eabi/lib/armv7e-m/fpu/libm.a(lib_a-s_nan.o)
                0x0000000008008af0                nan
 .text.scalbn   0x0000000008008b00      0x10c /Users/Sebastian/.p2/pool/plugins/fr.ac6.mcu.externaltools.arm-none.macos64_1.13.1.201703061524/tools/compiler/bin/../lib/gcc/arm-none-eabi/5.4.1/../../../../arm-none-eabi/lib/armv7e-m/fpu/libm.a(lib_a-s_scalbn.o)
                0x0000000008008b00                scalbn
 .text.copysign
                0x0000000008008c0c       0x1c /Users/Sebastian/.p2/pool/plugins/fr.ac6.mcu.externaltools.arm-none.macos64_1.13.1.201703061524/tools/compiler/bin/../lib/gcc/arm-none-eabi/5.4.1/../../../../arm-none-eabi/lib/armv7e-m/fpu/libm.a(lib_a-s_copysign.o)
                0x0000000008008c0c                copysign
 *(.glue_7)
 .glue_7        0x0000000008008c28        0x0 linker stubs
 *(.glue_7t)
 .glue_7t       0x0000000008008c28        0x0 linker stubs
 *(.eh_frame)
 .eh_frame      0x0000000008008c28        0x0 /Users/Sebastian/.p2/pool/plugins/fr.ac6.mcu.externaltools.arm-none.macos64_1.13.1.201703061524/tools/compiler/bin/../lib/gcc/arm-none-eabi/5.4.1/armv7e-m/fpu/crtbegin.o
 *(.init)
 .init          0x0000000008008c28        0x4 /Users/Sebastian/.p2/pool/plugins/fr.ac6.mcu.externaltools.arm-none.macos64_1.13.1.201703061524/tools/compiler/bin/../lib/gcc/arm-none-eabi/5.4.1/armv7e-m/fpu/crti.o
                0x0000000008008c28                _init
 .init          0x0000000008008c2c        0x8 /Users/Sebastian/.p2/pool/plugins/fr.ac6.mcu.externaltools.arm-none.macos64_1.13.1.201703061524/tools/compiler/bin/../lib/gcc/arm-none-eabi/5.4.1/armv7e-m/fpu/crtn.o
 *(.fini)
 .fini          0x0000000008008c34        0x4 /Users/Sebastian/.p2/pool/plugins/fr.ac6.mcu.externaltools.arm-none.macos64_1.13.1.201703061524/tools/compiler/bin/../lib/gcc/arm-none-eabi/5.4.1/armv7e-m/fpu/crti.o
                0x0000000008008c34                _fini
 .fini          0x0000000008008c38        0x8 /Users/Sebastian/.p2/pool/plugins/fr.ac6.mcu.externaltools.arm-none.macos64_1.13.1.201703061524/tools/compiler/bin/../lib/gcc/arm-none-eabi/5.4.1/armv7e-m/fpu/crtn.o
                0x0000000008008c40                . = ALIGN (0x4)
                0x0000000008008c40                _etext = .

.vfp11_veneer   0x0000000008008c40        0x0
 .vfp11_veneer  0x0000000008008c40        0x0 linker stubs

.v4_bx          0x0000000008008c40        0x0
 .v4_bx         0x0000000008008c40        0x0 linker stubs

.iplt           0x0000000008008c40        0x0
 .iplt          0x0000000008008c40        0x0 /Users/Sebastian/.p2/pool/plugins/fr.ac6.mcu.externaltools.arm-none.macos64_1.13.1.201703061524/tools/compiler/bin/../lib/gcc/arm-none-eabi/5.4.1/armv7e-m/fpu/crtbegin.o

.rodata         0x0000000008008c40     0x2f60
                0x0000000008008c40                . = ALIGN (0x4)
 *(.rodata)
 .rodata        0x0000000008008c40     0x29f8 src/DOGXL240.o
                0x0000000008008c40                font6x8
                0x0000000008009440                font12x16
                0x000000000800b440                number16x20
                0x000000000800b5f8                battery12x8
 *(.rodata*)
 .rodata.str1.4
                0x000000000800b638      0x378 src/gui.o
                                        0x37c (size before relaxing)
 .rodata._global_impure_ptr
                0x000000000800b9b0        0x4 /Users/Sebastian/.p2/pool/plugins/fr.ac6.mcu.externaltools.arm-none.macos64_1.13.1.201703061524/tools/compiler/bin/../lib/gcc/arm-none-eabi/5.4.1/../../../../arm-none-eabi/lib/armv7e-m/fpu/libc.a(lib_a-impure.o)
                0x000000000800b9b0                _global_impure_ptr
 .rodata.str1.4
                0x000000000800b9b4        0x5 /Users/Sebastian/.p2/pool/plugins/fr.ac6.mcu.externaltools.arm-none.macos64_1.13.1.201703061524/tools/compiler/bin/../lib/gcc/arm-none-eabi/5.4.1/../../../../arm-none-eabi/lib/armv7e-m/fpu/libm.a(lib_a-w_asin.o)
                                          0x9 (size before relaxing)
 *fill*         0x000000000800b9b9        0x3 
 .rodata.str1.4
                0x000000000800b9bc        0x8 /Users/Sebastian/.p2/pool/plugins/fr.ac6.mcu.externaltools.arm-none.macos64_1.13.1.201703061524/tools/compiler/bin/../lib/gcc/arm-none-eabi/5.4.1/../../../../arm-none-eabi/lib/armv7e-m/fpu/libm.a(lib_a-wf_sqrt.o)
                                          0x6 (size before relaxing)
 .rodata.npio2_hw
                0x000000000800b9c4       0x80 /Users/Sebastian/.p2/pool/plugins/fr.ac6.mcu.externaltools.arm-none.macos64_1.13.1.201703061524/tools/compiler/bin/../lib/gcc/arm-none-eabi/5.4.1/../../../../arm-none-eabi/lib/armv7e-m/fpu/libm.a(lib_a-e_rem_pio2.o)
 .rodata.two_over_pi
                0x000000000800ba44      0x108 /Users/Sebastian/.p2/pool/plugins/fr.ac6.mcu.externaltools.arm-none.macos64_1.13.1.201703061524/tools/compiler/bin/../lib/gcc/arm-none-eabi/5.4.1/../../../../arm-none-eabi/lib/armv7e-m/fpu/libm.a(lib_a-e_rem_pio2.o)
 .rodata.init_jk
                0x000000000800bb4c       0x10 /Users/Sebastian/.p2/pool/plugins/fr.ac6.mcu.externaltools.arm-none.macos64_1.13.1.201703061524/tools/compiler/bin/../lib/gcc/arm-none-eabi/5.4.1/../../../../arm-none-eabi/lib/armv7e-m/fpu/libm.a(lib_a-k_rem_pio2.o)
 *fill*         0x000000000800bb5c        0x4 
 .rodata.PIo2   0x000000000800bb60       0x40 /Users/Sebastian/.p2/pool/plugins/fr.ac6.mcu.externaltools.arm-none.macos64_1.13.1.201703061524/tools/compiler/bin/../lib/gcc/arm-none-eabi/5.4.1/../../../../arm-none-eabi/lib/armv7e-m/fpu/libm.a(lib_a-k_rem_pio2.o)
                0x000000000800bba0                . = ALIGN (0x4)

.rel.dyn        0x000000000800bba0        0x0
 .rel.iplt      0x000000000800bba0        0x0 /Users/Sebastian/.p2/pool/plugins/fr.ac6.mcu.externaltools.arm-none.macos64_1.13.1.201703061524/tools/compiler/bin/../lib/gcc/arm-none-eabi/5.4.1/armv7e-m/fpu/crtbegin.o

.ARM.extab      0x000000000800bba0        0x0
                0x000000000800bba0                . = ALIGN (0x4)
 *(.ARM.extab* .gnu.linkonce.armextab.*)
                0x000000000800bba0                . = ALIGN (0x4)

.ARM            0x000000000800bba0        0x0
                0x000000000800bba0                . = ALIGN (0x4)
                0x000000000800bba0                __exidx_start = .
 *(.ARM.exidx*)
                0x000000000800bba0                __exidx_end = .
                0x000000000800bba0                . = ALIGN (0x4)

.preinit_array  0x000000000800bba0        0x0
                0x000000000800bba0                . = ALIGN (0x4)
                0x000000000800bba0                PROVIDE (__preinit_array_start, .)
 *(.preinit_array*)
                0x000000000800bba0                PROVIDE (__preinit_array_end, .)
                0x000000000800bba0                . = ALIGN (0x4)

.init_array     0x000000000800bba0        0x8
                0x000000000800bba0                . = ALIGN (0x4)
                0x000000000800bba0                PROVIDE (__init_array_start, .)
 *(SORT(.init_array.*))
 .init_array.00000
                0x000000000800bba0        0x4 /Users/Sebastian/.p2/pool/plugins/fr.ac6.mcu.externaltools.arm-none.macos64_1.13.1.201703061524/tools/compiler/bin/../lib/gcc/arm-none-eabi/5.4.1/../../../../arm-none-eabi/lib/armv7e-m/fpu/libc.a(lib_a-__call_atexit.o)
 *(.init_array*)
 .init_array    0x000000000800bba4        0x4 /Users/Sebastian/.p2/pool/plugins/fr.ac6.mcu.externaltools.arm-none.macos64_1.13.1.201703061524/tools/compiler/bin/../lib/gcc/arm-none-eabi/5.4.1/armv7e-m/fpu/crtbegin.o
                0x000000000800bba8                PROVIDE (__init_array_end, .)
                0x000000000800bba8                . = ALIGN (0x4)

.fini_array     0x000000000800bba8        0x4
                0x000000000800bba8                . = ALIGN (0x4)
                0x000000000800bba8                PROVIDE (__fini_array_start, .)
 *(SORT(.fini_array.*))
 *(.fini_array*)
 .fini_array    0x000000000800bba8        0x4 /Users/Sebastian/.p2/pool/plugins/fr.ac6.mcu.externaltools.arm-none.macos64_1.13.1.201703061524/tools/compiler/bin/../lib/gcc/arm-none-eabi/5.4.1/armv7e-m/fpu/crtbegin.o
                0x000000000800bbac                PROVIDE (__fini_array_end, .)
                0x000000000800bbac                . = ALIGN (0x4)
                0x000000000800bbac                _sidata = LOADADDR (.data)

.data           0x0000000020000000      0x460 load address 0x000000000800bbac
                0x0000000020000000                . = ALIGN (0x4)
                0x0000000020000000                _sdata = .
 *(.data)
 .data          0x0000000020000000       0x10 StdPeriph_Driver/src/stm32f4xx_rcc.o
 .data          0x0000000020000010       0x18 src/datafusion.o
                0x0000000020000010                R0
                0x0000000020000014                ps
                0x0000000020000018                flagfirst
                0x000000002000001c                ts
                0x0000000020000020                d
                0x0000000020000024                T
 .data          0x0000000020000028        0x1 src/gui.o
                0x0000000020000028                menu
 .data          0x0000000020000029        0x1 src/vario.o
                0x0000000020000029                state_sinktone
 *(.data*)
 *fill*         0x000000002000002a        0x6 
 .data.impure_data
                0x0000000020000030      0x428 /Users/Sebastian/.p2/pool/plugins/fr.ac6.mcu.externaltools.arm-none.macos64_1.13.1.201703061524/tools/compiler/bin/../lib/gcc/arm-none-eabi/5.4.1/../../../../arm-none-eabi/lib/armv7e-m/fpu/libc.a(lib_a-impure.o)
 .data._impure_ptr
                0x0000000020000458        0x4 /Users/Sebastian/.p2/pool/plugins/fr.ac6.mcu.externaltools.arm-none.macos64_1.13.1.201703061524/tools/compiler/bin/../lib/gcc/arm-none-eabi/5.4.1/../../../../arm-none-eabi/lib/armv7e-m/fpu/libc.a(lib_a-impure.o)
                0x0000000020000458                _impure_ptr
 .data.__fdlib_version
                0x000000002000045c        0x1 /Users/Sebastian/.p2/pool/plugins/fr.ac6.mcu.externaltools.arm-none.macos64_1.13.1.201703061524/tools/compiler/bin/../lib/gcc/arm-none-eabi/5.4.1/../../../../arm-none-eabi/lib/armv7e-m/fpu/libm.a(lib_a-s_lib_ver.o)
                0x000000002000045c                __fdlib_version
                0x0000000020000460                . = ALIGN (0x4)
 *fill*         0x000000002000045d        0x3 
                0x0000000020000460                _edata = .

.jcr            0x0000000020000460        0x0 load address 0x000000000800c00c
 .jcr           0x0000000020000460        0x0 /Users/Sebastian/.p2/pool/plugins/fr.ac6.mcu.externaltools.arm-none.macos64_1.13.1.201703061524/tools/compiler/bin/../lib/gcc/arm-none-eabi/5.4.1/armv7e-m/fpu/crtbegin.o

.igot.plt       0x0000000020000460        0x0 load address 0x000000000800c00c
 .igot.plt      0x0000000020000460        0x0 /Users/Sebastian/.p2/pool/plugins/fr.ac6.mcu.externaltools.arm-none.macos64_1.13.1.201703061524/tools/compiler/bin/../lib/gcc/arm-none-eabi/5.4.1/armv7e-m/fpu/crtbegin.o
                0x0000000020000460                . = ALIGN (0x4)

.bss            0x0000000020000460     0x47f8 load address 0x000000000800c00c
                0x0000000020000460                _sbss = .
                0x0000000020000460                __bss_start__ = _sbss
 *(.bss)
 .bss           0x0000000020000460       0x1c /Users/Sebastian/.p2/pool/plugins/fr.ac6.mcu.externaltools.arm-none.macos64_1.13.1.201703061524/tools/compiler/bin/../lib/gcc/arm-none-eabi/5.4.1/armv7e-m/fpu/crtbegin.o
 .bss           0x000000002000047c        0x8 driver/i2c.o
                0x000000002000047c                ch_i2c_error
                0x0000000020000480                l_timeout
 .bss           0x0000000020000484        0x4 src/DOGXL240.o
                0x0000000020000484                plcd_DOGXL
 .bss           0x0000000020000488       0xb4 src/datafusion.o
                0x0000000020000488                hdg
                0x000000002000048c                hdg_last
                0x0000000020000490                dir_turn
                0x0000000020000491                data_ptr
                0x0000000020000492                data_cnt
                0x0000000020000494                wgx0
                0x0000000020000498                wgy0
                0x000000002000049c                u
                0x00000000200004a0                yi1
                0x00000000200004a4                ui1
                0x00000000200004a8                yi2
                0x00000000200004ac                sub
                0x00000000200004b0                y
                0x00000000200004b4                Time
                0x00000000200004b8                tcnt
                0x00000000200004b9                dir_last
                0x00000000200004ba                timecnt
                0x00000000200004bc                timeclimbarray
                0x0000000020000534                ui2
                0x0000000020000538                dh
 .bss           0x000000002000053c       0x18 src/gps.o
                0x000000002000053c                Wr_Idx
                0x0000000020000540                currentDMA
                0x0000000020000542                lastDMA
                0x0000000020000544                Rd_Cnt
                0x0000000020000548                Rd_Idx
                0x000000002000054c                ptr
                0x0000000020000550                deccnt
                0x0000000020000551                dedeccnt
                0x0000000020000552                predeccnt
                0x0000000020000553                cnt
 .bss           0x0000000020000554        0x4 src/gui.o
                0x0000000020000554                tempo
                0x0000000020000556                ch_status_counter
                0x0000000020000557                submenu
 .bss           0x0000000020000558        0x9 src/ipc.o
                0x0000000020000558                memory_data_idx
                0x000000002000055c                memory_queue_idx
                0x0000000020000560                queue_cnt
 *fill*         0x0000000020000561        0x3 
 .bss           0x0000000020000564        0x8 src/main.o
                0x0000000020000564                l_count_tick
                0x0000000020000568                error_var
 .bss           0x000000002000056c        0x8 src/ms5611.o
                0x000000002000056c                pressure
                0x0000000020000570                calib_pressure
 .bss           0x0000000020000574        0x4 src/vario.o
                0x0000000020000574                freque
                0x0000000020000576                volu
                0x0000000020000577                peri
 *(.bss*)
 *(COMMON)
 COMMON         0x0000000020000578        0xc driver/sdio.o
                0x0000000020000578                sys
                0x000000002000057c                dir
                0x0000000020000580                SD
 COMMON         0x0000000020000584        0x4 src/BMS.o
                0x0000000020000584                pBMS
 COMMON         0x0000000020000588      0x40c src/datafusion.o
                0x0000000020000588                vgps
                0x0000000020000788                psi
                0x0000000020000988                ipc_df_data
                0x000000002000098c                ipc_df_gps_data
                0x0000000020000990                df_data
 COMMON         0x0000000020000994      0x367 src/gps.o
                0x0000000020000994                dedec
                0x00000000200009a0                DMABuff
                0x0000000020000ba0                buff
                0x0000000020000bd4                predec
                0x0000000020000be0                p_GPS_data
                0x0000000020000be4                msg_buff
                0x0000000020000ce4                pDMABuff
                0x0000000020000ce8                UBX_beg
                0x0000000020000cec                act_VTG
 *fill*         0x0000000020000cfb        0x1 
 COMMON         0x0000000020000cfc       0x24 src/gui.o
                0x0000000020000cfc                InfoBox
                0x0000000020000d00                p_ipc_gui_gps_data
                0x0000000020000d04                p_ipc_gui_df_data
                0x0000000020000d08                GUI_cmd
                0x0000000020000d14                p_ipc_gui_sd_data
                0x0000000020000d18                p_ipc_gui_ms5611_data
                0x0000000020000d1c                p_ipc_gui_bms_data
 COMMON         0x0000000020000d20     0x3c28 src/ipc.o
                0x0000000020000d20                ipc_data_memory
                0x0000000020003430                queues
                0x0000000020003520                memory_queue_did
                0x0000000020003570                ipc_queue_memory
                0x00000000200048f8                memory_data_did
 COMMON         0x0000000020004948      0x27e src/logging.o
                0x0000000020004948                LogInfo
                0x0000000020004968                sensor
                0x00000000200049a0                Log
 *fill*         0x0000000020004bc6        0x2 
 COMMON         0x0000000020004bc8       0x68 src/ms5611.o
                0x0000000020004bc8                T2
                0x0000000020004bd0                C1
                0x0000000020004bd4                C3
                0x0000000020004bd8                dT
                0x0000000020004be0                Off2
                0x0000000020004be8                Off
                0x0000000020004bf0                Temp
                0x0000000020004bf4                msdata
                0x0000000020004bf8                C2
                0x0000000020004bfc                C6
                0x0000000020004c00                C0
                0x0000000020004c08                Sens
                0x0000000020004c10                D2
                0x0000000020004c18                Sens2
                0x0000000020004c20                C5
                0x0000000020004c24                C4
                0x0000000020004c28                D1
                0x0000000020004c2c                CRC_MS
 COMMON         0x0000000020004c30       0x13 src/sound.o
                0x0000000020004c30                sound_command
                0x0000000020004c3c                sound_state
 *fill*         0x0000000020004c43        0x1 
 COMMON         0x0000000020004c44       0x14 src/vario.o
                0x0000000020004c44                p_ipc_v_df_data
                0x0000000020004c48                vario_command
                0x0000000020004c54                temp_climb
                0x0000000020004c58                . = ALIGN (0x4)
                0x0000000020004c58                _ebss = .
                0x0000000020004c58                __bss_end__ = _ebss

._user_heap_stack
                0x0000000020004c58      0x400 load address 0x000000000800c00c
                0x0000000020004c58                . = ALIGN (0x8)
                0x0000000020004c58                PROVIDE (end, .)
                [!provide]                        PROVIDE (_end, .)
                0x0000000020004c58                . = (. + _Min_Heap_Size)
                0x0000000020005058                . = (. + _Min_Stack_Size)
 *fill*         0x0000000020004c58      0x400 
                0x0000000020005058                . = ALIGN (0x8)

/DISCARD/
 libc.a(*)
 libm.a(*)
 libgcc.a(*)

.ARM.attributes
                0x0000000000000000       0x30
 *(.ARM.attributes)
 .ARM.attributes
                0x0000000000000000       0x22 /Users/Sebastian/.p2/pool/plugins/fr.ac6.mcu.externaltools.arm-none.macos64_1.13.1.201703061524/tools/compiler/bin/../lib/gcc/arm-none-eabi/5.4.1/armv7e-m/fpu/crti.o
 .ARM.attributes
                0x0000000000000022       0x34 /Users/Sebastian/.p2/pool/plugins/fr.ac6.mcu.externaltools.arm-none.macos64_1.13.1.201703061524/tools/compiler/bin/../lib/gcc/arm-none-eabi/5.4.1/armv7e-m/fpu/crtbegin.o
 .ARM.attributes
                0x0000000000000056       0x39 StdPeriph_Driver/src/misc.o
 .ARM.attributes
                0x000000000000008f       0x39 StdPeriph_Driver/src/stm32f4xx_dma.o
 .ARM.attributes
                0x00000000000000c8       0x39 StdPeriph_Driver/src/stm32f4xx_exti.o
 .ARM.attributes
                0x0000000000000101       0x39 StdPeriph_Driver/src/stm32f4xx_gpio.o
 .ARM.attributes
                0x000000000000013a       0x39 StdPeriph_Driver/src/stm32f4xx_rcc.o
 .ARM.attributes
                0x0000000000000173       0x39 StdPeriph_Driver/src/stm32f4xx_syscfg.o
 .ARM.attributes
                0x00000000000001ac       0x39 StdPeriph_Driver/src/stm32f4xx_tim.o
 .ARM.attributes
                0x00000000000001e5       0x39 StdPeriph_Driver/src/stm32f4xx_usart.o
 .ARM.attributes
                0x000000000000021e       0x39 driver/i2c.o
 .ARM.attributes
                0x0000000000000257       0x39 driver/sdio.o
 .ARM.attributes
                0x0000000000000290       0x39 driver/spi.o
 .ARM.attributes
                0x00000000000002c9       0x39 src/BMS.o
 .ARM.attributes
                0x0000000000000302       0x39 src/DOGXL240.o
 .ARM.attributes
                0x000000000000033b       0x39 src/datafusion.o
 .ARM.attributes
                0x0000000000000374       0x39 src/exti.o
 .ARM.attributes
                0x00000000000003ad       0x39 src/gps.o
 .ARM.attributes
                0x00000000000003e6       0x39 src/gui.o
 .ARM.attributes
                0x000000000000041f       0x39 src/ipc.o
 .ARM.attributes
                0x0000000000000458       0x39 src/logging.o
 .ARM.attributes
                0x0000000000000491       0x39 src/main.o
 .ARM.attributes
                0x00000000000004ca       0x39 src/ms5611.o
 .ARM.attributes
                0x0000000000000503       0x39 src/oVario_Framework.o
 .ARM.attributes
                0x000000000000053c       0x39 src/sound.o
 .ARM.attributes
                0x0000000000000575       0x39 src/timer.o
 .ARM.attributes
                0x00000000000005ae       0x39 src/vario.o
 .ARM.attributes
                0x00000000000005e7       0x21 startup/startup_stm32.o
 .ARM.attributes
                0x0000000000000608       0x22 /Users/Sebastian/.p2/pool/plugins/fr.ac6.mcu.externaltools.arm-none.macos64_1.13.1.201703061524/tools/compiler/bin/../lib/gcc/arm-none-eabi/5.4.1/armv7e-m/fpu/libgcc.a(_arm_addsubdf3.o)
 .ARM.attributes
                0x000000000000062a       0x22 /Users/Sebastian/.p2/pool/plugins/fr.ac6.mcu.externaltools.arm-none.macos64_1.13.1.201703061524/tools/compiler/bin/../lib/gcc/arm-none-eabi/5.4.1/armv7e-m/fpu/libgcc.a(_arm_muldivdf3.o)
 .ARM.attributes
                0x000000000000064c       0x22 /Users/Sebastian/.p2/pool/plugins/fr.ac6.mcu.externaltools.arm-none.macos64_1.13.1.201703061524/tools/compiler/bin/../lib/gcc/arm-none-eabi/5.4.1/armv7e-m/fpu/libgcc.a(_arm_cmpdf2.o)
 .ARM.attributes
                0x000000000000066e       0x22 /Users/Sebastian/.p2/pool/plugins/fr.ac6.mcu.externaltools.arm-none.macos64_1.13.1.201703061524/tools/compiler/bin/../lib/gcc/arm-none-eabi/5.4.1/armv7e-m/fpu/libgcc.a(_arm_truncdfsf2.o)
 .ARM.attributes
                0x0000000000000690       0x22 /Users/Sebastian/.p2/pool/plugins/fr.ac6.mcu.externaltools.arm-none.macos64_1.13.1.201703061524/tools/compiler/bin/../lib/gcc/arm-none-eabi/5.4.1/armv7e-m/fpu/libgcc.a(_arm_addsubsf3.o)
 .ARM.attributes
                0x00000000000006b2       0x34 /Users/Sebastian/.p2/pool/plugins/fr.ac6.mcu.externaltools.arm-none.macos64_1.13.1.201703061524/tools/compiler/bin/../lib/gcc/arm-none-eabi/5.4.1/../../../../arm-none-eabi/lib/armv7e-m/fpu/libc.a(lib_a-errno.o)
 .ARM.attributes
                0x00000000000006e6       0x34 /Users/Sebastian/.p2/pool/plugins/fr.ac6.mcu.externaltools.arm-none.macos64_1.13.1.201703061524/tools/compiler/bin/../lib/gcc/arm-none-eabi/5.4.1/../../../../arm-none-eabi/lib/armv7e-m/fpu/libc.a(lib_a-impure.o)
 .ARM.attributes
                0x000000000000071a       0x34 /Users/Sebastian/.p2/pool/plugins/fr.ac6.mcu.externaltools.arm-none.macos64_1.13.1.201703061524/tools/compiler/bin/../lib/gcc/arm-none-eabi/5.4.1/../../../../arm-none-eabi/lib/armv7e-m/fpu/libc.a(lib_a-init.o)
 .ARM.attributes
                0x000000000000074e       0x34 /Users/Sebastian/.p2/pool/plugins/fr.ac6.mcu.externaltools.arm-none.macos64_1.13.1.201703061524/tools/compiler/bin/../lib/gcc/arm-none-eabi/5.4.1/../../../../arm-none-eabi/lib/armv7e-m/fpu/libc.a(lib_a-__call_atexit.o)
 .ARM.attributes
                0x0000000000000782       0x34 /Users/Sebastian/.p2/pool/plugins/fr.ac6.mcu.externaltools.arm-none.macos64_1.13.1.201703061524/tools/compiler/bin/../lib/gcc/arm-none-eabi/5.4.1/../../../../arm-none-eabi/lib/armv7e-m/fpu/libc.a(lib_a-atexit.o)
 .ARM.attributes
                0x00000000000007b6       0x34 /Users/Sebastian/.p2/pool/plugins/fr.ac6.mcu.externaltools.arm-none.macos64_1.13.1.201703061524/tools/compiler/bin/../lib/gcc/arm-none-eabi/5.4.1/../../../../arm-none-eabi/lib/armv7e-m/fpu/libc.a(lib_a-fini.o)
 .ARM.attributes
                0x00000000000007ea       0x34 /Users/Sebastian/.p2/pool/plugins/fr.ac6.mcu.externaltools.arm-none.macos64_1.13.1.201703061524/tools/compiler/bin/../lib/gcc/arm-none-eabi/5.4.1/../../../../arm-none-eabi/lib/armv7e-m/fpu/libc.a(lib_a-__atexit.o)
 .ARM.attributes
                0x000000000000081e       0x22 /Users/Sebastian/.p2/pool/plugins/fr.ac6.mcu.externaltools.arm-none.macos64_1.13.1.201703061524/tools/compiler/bin/../lib/gcc/arm-none-eabi/5.4.1/armv7e-m/fpu/crtn.o
OUTPUT(OTP15_oVario.elf elf32-littlearm)

.debug_info     0x0000000000000000    0x153c4
 .debug_info    0x0000000000000000      0x564 StdPeriph_Driver/src/misc.o
 .debug_info    0x0000000000000564      0x749 StdPeriph_Driver/src/stm32f4xx_dma.o
 .debug_info    0x0000000000000cad      0x352 StdPeriph_Driver/src/stm32f4xx_exti.o
 .debug_info    0x0000000000000fff      0x84e StdPeriph_Driver/src/stm32f4xx_gpio.o
 .debug_info    0x000000000000184d      0xea9 StdPeriph_Driver/src/stm32f4xx_rcc.o
 .debug_info    0x00000000000026f6      0x2e1 StdPeriph_Driver/src/stm32f4xx_syscfg.o
 .debug_info    0x00000000000029d7     0x21c2 StdPeriph_Driver/src/stm32f4xx_tim.o
 .debug_info    0x0000000000004b99      0xb9d StdPeriph_Driver/src/stm32f4xx_usart.o
 .debug_info    0x0000000000005736      0x7ff driver/i2c.o
 .debug_info    0x0000000000005f35     0x2801 driver/sdio.o
 .debug_info    0x0000000000008736      0x4c7 driver/spi.o
 .debug_info    0x0000000000008bfd      0xc91 src/BMS.o
 .debug_info    0x000000000000988e     0x1954 src/DOGXL240.o
 .debug_info    0x000000000000b1e2      0xc05 src/datafusion.o
 .debug_info    0x000000000000bde7      0xb11 src/exti.o
 .debug_info    0x000000000000c8f8     0x17aa src/gps.o
 .debug_info    0x000000000000e0a2     0x3559 src/gui.o
 .debug_info    0x00000000000115fb      0x411 src/ipc.o
 .debug_info    0x0000000000011a0c      0x819 src/logging.o
 .debug_info    0x0000000000012225      0x3bb src/main.o
 .debug_info    0x00000000000125e0      0x7f0 src/ms5611.o
 .debug_info    0x0000000000012dd0      0xbce src/oVario_Framework.o
 .debug_info    0x000000000001399e      0xcea src/sound.o
 .debug_info    0x0000000000014688      0x635 src/timer.o
 .debug_info    0x0000000000014cbd      0x68d src/vario.o
 .debug_info    0x000000000001534a       0x7a startup/startup_stm32.o

.debug_abbrev   0x0000000000000000     0x2e97
 .debug_abbrev  0x0000000000000000      0x15b StdPeriph_Driver/src/misc.o
 .debug_abbrev  0x000000000000015b      0x17a StdPeriph_Driver/src/stm32f4xx_dma.o
 .debug_abbrev  0x00000000000002d5      0x1cc StdPeriph_Driver/src/stm32f4xx_exti.o
 .debug_abbrev  0x00000000000004a1      0x1e5 StdPeriph_Driver/src/stm32f4xx_gpio.o
 .debug_abbrev  0x0000000000000686      0x1e7 StdPeriph_Driver/src/stm32f4xx_rcc.o
 .debug_abbrev  0x000000000000086d      0x164 StdPeriph_Driver/src/stm32f4xx_syscfg.o
 .debug_abbrev  0x00000000000009d1      0x273 StdPeriph_Driver/src/stm32f4xx_tim.o
 .debug_abbrev  0x0000000000000c44      0x1be StdPeriph_Driver/src/stm32f4xx_usart.o
 .debug_abbrev  0x0000000000000e02      0x19e driver/i2c.o
 .debug_abbrev  0x0000000000000fa0      0x2b0 driver/sdio.o
 .debug_abbrev  0x0000000000001250       0xed driver/spi.o
 .debug_abbrev  0x000000000000133d      0x1b6 src/BMS.o
 .debug_abbrev  0x00000000000014f3      0x2fc src/DOGXL240.o
 .debug_abbrev  0x00000000000017ef      0x2cf src/datafusion.o
 .debug_abbrev  0x0000000000001abe      0x188 src/exti.o
 .debug_abbrev  0x0000000000001c46      0x27d src/gps.o
 .debug_abbrev  0x0000000000001ec3      0x25c src/gui.o
 .debug_abbrev  0x000000000000211f      0x157 src/ipc.o
 .debug_abbrev  0x0000000000002276      0x1c6 src/logging.o
 .debug_abbrev  0x000000000000243c      0x101 src/main.o
 .debug_abbrev  0x000000000000253d      0x172 src/ms5611.o
 .debug_abbrev  0x00000000000026af      0x26b src/oVario_Framework.o
 .debug_abbrev  0x000000000000291a      0x1c9 src/sound.o
 .debug_abbrev  0x0000000000002ae3      0x18b src/timer.o
 .debug_abbrev  0x0000000000002c6e      0x217 src/vario.o
 .debug_abbrev  0x0000000000002e85       0x12 startup/startup_stm32.o

.debug_loc      0x0000000000000000     0x8770
 .debug_loc     0x0000000000000000      0x18e StdPeriph_Driver/src/misc.o
 .debug_loc     0x000000000000018e      0x48b StdPeriph_Driver/src/stm32f4xx_dma.o
 .debug_loc     0x0000000000000619      0x167 StdPeriph_Driver/src/stm32f4xx_exti.o
 .debug_loc     0x0000000000000780      0x304 StdPeriph_Driver/src/stm32f4xx_gpio.o
 .debug_loc     0x0000000000000a84      0xc3e StdPeriph_Driver/src/stm32f4xx_rcc.o
 .debug_loc     0x00000000000016c2       0xa6 StdPeriph_Driver/src/stm32f4xx_syscfg.o
 .debug_loc     0x0000000000001768     0x1c12 StdPeriph_Driver/src/stm32f4xx_tim.o
 .debug_loc     0x000000000000337a      0x806 StdPeriph_Driver/src/stm32f4xx_usart.o
 .debug_loc     0x0000000000003b80      0x6a6 driver/i2c.o
 .debug_loc     0x0000000000004226     0x1767 driver/sdio.o
 .debug_loc     0x000000000000598d      0x13b src/BMS.o
 .debug_loc     0x0000000000005ac8     0x116d src/DOGXL240.o
 .debug_loc     0x0000000000006c35      0x22c src/datafusion.o
 .debug_loc     0x0000000000006e61      0x3f0 src/gps.o
 .debug_loc     0x0000000000007251      0x690 src/gui.o
 .debug_loc     0x00000000000078e1      0x300 src/ipc.o
 .debug_loc     0x0000000000007be1      0x370 src/logging.o
 .debug_loc     0x0000000000007f51       0x22 src/ms5611.o
 .debug_loc     0x0000000000007f73      0x58d src/oVario_Framework.o
 .debug_loc     0x0000000000008500       0xa7 src/sound.o
 .debug_loc     0x00000000000085a7       0x4b src/timer.o
 .debug_loc     0x00000000000085f2      0x17e src/vario.o

.debug_aranges  0x0000000000000000     0x1018
 .debug_aranges
                0x0000000000000000       0x40 StdPeriph_Driver/src/misc.o
 .debug_aranges
                0x0000000000000040       0xb0 StdPeriph_Driver/src/stm32f4xx_dma.o
 .debug_aranges
                0x00000000000000f0       0x58 StdPeriph_Driver/src/stm32f4xx_exti.o
 .debug_aranges
                0x0000000000000148       0x88 StdPeriph_Driver/src/stm32f4xx_gpio.o
 .debug_aranges
                0x00000000000001d0      0x1c0 StdPeriph_Driver/src/stm32f4xx_rcc.o
 .debug_aranges
                0x0000000000000390       0x50 StdPeriph_Driver/src/stm32f4xx_syscfg.o
 .debug_aranges
                0x00000000000003e0      0x2e8 StdPeriph_Driver/src/stm32f4xx_tim.o
 .debug_aranges
                0x00000000000006c8      0x100 StdPeriph_Driver/src/stm32f4xx_usart.o
 .debug_aranges
                0x00000000000007c8       0x80 driver/i2c.o
 .debug_aranges
                0x0000000000000848      0x1f0 driver/sdio.o
 .debug_aranges
                0x0000000000000a38       0x28 driver/spi.o
 .debug_aranges
                0x0000000000000a60       0x68 src/BMS.o
 .debug_aranges
                0x0000000000000ac8       0xf8 src/DOGXL240.o
 .debug_aranges
                0x0000000000000bc0       0x60 src/datafusion.o
 .debug_aranges
                0x0000000000000c20       0x40 src/exti.o
 .debug_aranges
                0x0000000000000c60       0x68 src/gps.o
 .debug_aranges
                0x0000000000000cc8       0x98 src/gui.o
 .debug_aranges
                0x0000000000000d60       0x50 src/ipc.o
 .debug_aranges
                0x0000000000000db0       0x50 src/logging.o
 .debug_aranges
                0x0000000000000e00       0x20 src/main.o
 .debug_aranges
                0x0000000000000e20       0x40 src/ms5611.o
 .debug_aranges
                0x0000000000000e60       0xf8 src/oVario_Framework.o
 .debug_aranges
                0x0000000000000f58       0x38 src/sound.o
 .debug_aranges
                0x0000000000000f90       0x30 src/timer.o
 .debug_aranges
                0x0000000000000fc0       0x30 src/vario.o
 .debug_aranges
                0x0000000000000ff0       0x28 startup/startup_stm32.o

.debug_ranges   0x0000000000000000     0x1110
 .debug_ranges  0x0000000000000000       0x30 StdPeriph_Driver/src/misc.o
 .debug_ranges  0x0000000000000030       0xa0 StdPeriph_Driver/src/stm32f4xx_dma.o
 .debug_ranges  0x00000000000000d0       0x48 StdPeriph_Driver/src/stm32f4xx_exti.o
 .debug_ranges  0x0000000000000118       0x78 StdPeriph_Driver/src/stm32f4xx_gpio.o
 .debug_ranges  0x0000000000000190      0x1b0 StdPeriph_Driver/src/stm32f4xx_rcc.o
 .debug_ranges  0x0000000000000340       0x40 StdPeriph_Driver/src/stm32f4xx_syscfg.o
 .debug_ranges  0x0000000000000380      0x2d8 StdPeriph_Driver/src/stm32f4xx_tim.o
 .debug_ranges  0x0000000000000658       0xf0 StdPeriph_Driver/src/stm32f4xx_usart.o
 .debug_ranges  0x0000000000000748       0x70 driver/i2c.o
 .debug_ranges  0x00000000000007b8      0x1f8 driver/sdio.o
 .debug_ranges  0x00000000000009b0       0x18 driver/spi.o
 .debug_ranges  0x00000000000009c8       0x58 src/BMS.o
 .debug_ranges  0x0000000000000a20      0x258 src/DOGXL240.o
 .debug_ranges  0x0000000000000c78       0x68 src/datafusion.o
 .debug_ranges  0x0000000000000ce0       0x30 src/exti.o
 .debug_ranges  0x0000000000000d10       0x88 src/gps.o
 .debug_ranges  0x0000000000000d98       0x88 src/gui.o
 .debug_ranges  0x0000000000000e20       0x70 src/ipc.o
 .debug_ranges  0x0000000000000e90       0x70 src/logging.o
 .debug_ranges  0x0000000000000f00       0x10 src/main.o
 .debug_ranges  0x0000000000000f10       0x30 src/ms5611.o
 .debug_ranges  0x0000000000000f40      0x148 src/oVario_Framework.o
 .debug_ranges  0x0000000000001088       0x28 src/sound.o
 .debug_ranges  0x00000000000010b0       0x20 src/timer.o
 .debug_ranges  0x00000000000010d0       0x20 src/vario.o
 .debug_ranges  0x00000000000010f0       0x20 startup/startup_stm32.o

.debug_macro    0x0000000000000000    0x14bef
 .debug_macro   0x0000000000000000      0x29e StdPeriph_Driver/src/misc.o
 .debug_macro   0x000000000000029e      0x8aa StdPeriph_Driver/src/misc.o
 .debug_macro   0x0000000000000b48       0x65 StdPeriph_Driver/src/misc.o
 .debug_macro   0x0000000000000bad       0x3b StdPeriph_Driver/src/misc.o
 .debug_macro   0x0000000000000be8       0x22 StdPeriph_Driver/src/misc.o
 .debug_macro   0x0000000000000c0a       0x87 StdPeriph_Driver/src/misc.o
 .debug_macro   0x0000000000000c91       0x44 StdPeriph_Driver/src/misc.o
 .debug_macro   0x0000000000000cd5       0xfd StdPeriph_Driver/src/misc.o
 .debug_macro   0x0000000000000dd2       0x5e StdPeriph_Driver/src/misc.o
 .debug_macro   0x0000000000000e30      0x1df StdPeriph_Driver/src/misc.o
 .debug_macro   0x000000000000100f       0x34 StdPeriph_Driver/src/misc.o
 .debug_macro   0x0000000000001043       0x26 StdPeriph_Driver/src/misc.o
 .debug_macro   0x0000000000001069      0xe43 StdPeriph_Driver/src/misc.o
 .debug_macro   0x0000000000001eac     0x91ad StdPeriph_Driver/src/misc.o
 .debug_macro   0x000000000000b059      0x44f StdPeriph_Driver/src/misc.o
 .debug_macro   0x000000000000b4a8       0xac StdPeriph_Driver/src/misc.o
 .debug_macro   0x000000000000b554      0x471 StdPeriph_Driver/src/misc.o
 .debug_macro   0x000000000000b9c5       0xaf StdPeriph_Driver/src/misc.o
 .debug_macro   0x000000000000ba74      0x416 StdPeriph_Driver/src/misc.o
 .debug_macro   0x000000000000be8a      0x2f5 StdPeriph_Driver/src/misc.o
 .debug_macro   0x000000000000c17f      0x2b4 StdPeriph_Driver/src/misc.o
 .debug_macro   0x000000000000c433       0x5e StdPeriph_Driver/src/misc.o
 .debug_macro   0x000000000000c491       0xe8 StdPeriph_Driver/src/misc.o
 .debug_macro   0x000000000000c579      0x659 StdPeriph_Driver/src/misc.o
 .debug_macro   0x000000000000cbd2      0x598 StdPeriph_Driver/src/misc.o
 .debug_macro   0x000000000000d16a      0x33c StdPeriph_Driver/src/misc.o
 .debug_macro   0x000000000000d4a6      0x366 StdPeriph_Driver/src/misc.o
 .debug_macro   0x000000000000d80c      0x10e StdPeriph_Driver/src/misc.o
 .debug_macro   0x000000000000d91a      0x735 StdPeriph_Driver/src/misc.o
 .debug_macro   0x000000000000e04f      0x21d StdPeriph_Driver/src/misc.o
 .debug_macro   0x000000000000e26c       0x2e StdPeriph_Driver/src/misc.o
 .debug_macro   0x000000000000e29a      0x13e StdPeriph_Driver/src/misc.o
 .debug_macro   0x000000000000e3d8       0xbd StdPeriph_Driver/src/misc.o
 .debug_macro   0x000000000000e495       0x3a StdPeriph_Driver/src/misc.o
 .debug_macro   0x000000000000e4cf      0x3c9 StdPeriph_Driver/src/misc.o
 .debug_macro   0x000000000000e898      0x182 StdPeriph_Driver/src/misc.o
 .debug_macro   0x000000000000ea1a      0x143 StdPeriph_Driver/src/misc.o
 .debug_macro   0x000000000000eb5d       0x35 StdPeriph_Driver/src/misc.o
 .debug_macro   0x000000000000eb92       0x7c StdPeriph_Driver/src/misc.o
 .debug_macro   0x000000000000ec0e      0x2f0 StdPeriph_Driver/src/stm32f4xx_dma.o
 .debug_macro   0x000000000000eefe      0x29e StdPeriph_Driver/src/stm32f4xx_exti.o
 .debug_macro   0x000000000000f19c      0x29c StdPeriph_Driver/src/stm32f4xx_gpio.o
 .debug_macro   0x000000000000f438      0x36b StdPeriph_Driver/src/stm32f4xx_rcc.o
 .debug_macro   0x000000000000f7a3      0x2ea StdPeriph_Driver/src/stm32f4xx_syscfg.o
 .debug_macro   0x000000000000fa8d      0x2c6 StdPeriph_Driver/src/stm32f4xx_tim.o
 .debug_macro   0x000000000000fd53      0x2b4 StdPeriph_Driver/src/stm32f4xx_usart.o
 .debug_macro   0x0000000000010007      0x2ed driver/i2c.o
 .debug_macro   0x00000000000102f4       0x6a driver/i2c.o
 .debug_macro   0x000000000001035e       0x34 driver/i2c.o
 .debug_macro   0x0000000000010392       0x16 driver/i2c.o
 .debug_macro   0x00000000000103a8       0xdc driver/i2c.o
 .debug_macro   0x0000000000010484       0x16 driver/i2c.o
 .debug_macro   0x000000000001049a      0x2fa driver/sdio.o
 .debug_macro   0x0000000000010794       0xdc driver/sdio.o
 .debug_macro   0x0000000000010870      0x1fb driver/sdio.o
 .debug_macro   0x0000000000010a6b      0x2d6 driver/spi.o
 .debug_macro   0x0000000000010d41      0x30d src/BMS.o
 .debug_macro   0x000000000001104e      0x343 src/BMS.o
 .debug_macro   0x0000000000011391      0x3d6 src/DOGXL240.o
 .debug_macro   0x0000000000011767      0x1db src/DOGXL240.o
 .debug_macro   0x0000000000011942       0x12 src/DOGXL240.o
 .debug_macro   0x0000000000011954       0x52 src/DOGXL240.o
 .debug_macro   0x00000000000119a6       0x35 src/DOGXL240.o
 .debug_macro   0x00000000000119db       0x9c src/DOGXL240.o
 .debug_macro   0x0000000000011a77      0x174 src/DOGXL240.o
 .debug_macro   0x0000000000011beb       0x52 src/DOGXL240.o
 .debug_macro   0x0000000000011c3d       0x1f src/DOGXL240.o
 .debug_macro   0x0000000000011c5c       0x43 src/DOGXL240.o
 .debug_macro   0x0000000000011c9f       0x20 src/DOGXL240.o
 .debug_macro   0x0000000000011cbf      0x187 src/DOGXL240.o
 .debug_macro   0x0000000000011e46      0x30d src/DOGXL240.o
 .debug_macro   0x0000000000012153       0x10 src/DOGXL240.o
 .debug_macro   0x0000000000012163       0x35 src/DOGXL240.o
 .debug_macro   0x0000000000012198      0x1e1 src/DOGXL240.o
 .debug_macro   0x0000000000012379       0xd6 src/DOGXL240.o
 .debug_macro   0x000000000001244f      0x3e8 src/datafusion.o
 .debug_macro   0x0000000000012837       0x16 src/datafusion.o
 .debug_macro   0x000000000001284d       0x28 src/datafusion.o
 .debug_macro   0x0000000000012875      0x30a src/exti.o
 .debug_macro   0x0000000000012b7f       0x10 src/exti.o
 .debug_macro   0x0000000000012b8f      0x30a src/gps.o
 .debug_macro   0x0000000000012e99       0x70 src/gps.o
 .debug_macro   0x0000000000012f09      0x373 src/gui.o
 .debug_macro   0x000000000001327c      0x2b9 src/ipc.o
 .debug_macro   0x0000000000013535      0x30f src/logging.o
 .debug_macro   0x0000000000013844      0x3f2 src/main.o
 .debug_macro   0x0000000000013c36       0x1c src/main.o
 .debug_macro   0x0000000000013c52       0x10 src/main.o
 .debug_macro   0x0000000000013c62       0x76 src/main.o
 .debug_macro   0x0000000000013cd8      0x2f8 src/ms5611.o
 .debug_macro   0x0000000000013fd0      0x2d5 src/oVario_Framework.o
 .debug_macro   0x00000000000142a5      0x2d5 src/sound.o
 .debug_macro   0x000000000001457a      0x2a6 src/timer.o
 .debug_macro   0x0000000000014820      0x3cf src/vario.o

.debug_line     0x0000000000000000     0xd729
 .debug_line    0x0000000000000000      0x66b StdPeriph_Driver/src/misc.o
 .debug_line    0x000000000000066b      0x7d5 StdPeriph_Driver/src/stm32f4xx_dma.o
 .debug_line    0x0000000000000e40      0x6b0 StdPeriph_Driver/src/stm32f4xx_exti.o
 .debug_line    0x00000000000014f0      0x74d StdPeriph_Driver/src/stm32f4xx_gpio.o
 .debug_line    0x0000000000001c3d      0xa31 StdPeriph_Driver/src/stm32f4xx_rcc.o
 .debug_line    0x000000000000266e      0x68b StdPeriph_Driver/src/stm32f4xx_syscfg.o
 .debug_line    0x0000000000002cf9      0xde7 StdPeriph_Driver/src/stm32f4xx_tim.o
 .debug_line    0x0000000000003ae0      0x88b StdPeriph_Driver/src/stm32f4xx_usart.o
 .debug_line    0x000000000000436b      0xbe4 driver/i2c.o
 .debug_line    0x0000000000004f4f      0xd5b driver/sdio.o
 .debug_line    0x0000000000005caa      0x697 driver/spi.o
 .debug_line    0x0000000000006341      0x824 src/BMS.o
 .debug_line    0x0000000000006b65      0xbe5 src/DOGXL240.o
 .debug_line    0x000000000000774a      0x903 src/datafusion.o
 .debug_line    0x000000000000804d      0x708 src/exti.o
 .debug_line    0x0000000000008755      0x836 src/gps.o
 .debug_line    0x0000000000008f8b      0xb1c src/gui.o
 .debug_line    0x0000000000009aa7      0x6f5 src/ipc.o
 .debug_line    0x000000000000a19c      0x7e1 src/logging.o
 .debug_line    0x000000000000a97d      0x7c2 src/main.o
 .debug_line    0x000000000000b13f      0x751 src/ms5611.o
 .debug_line    0x000000000000b890      0x8fd src/oVario_Framework.o
 .debug_line    0x000000000000c18d      0x701 src/sound.o
 .debug_line    0x000000000000c88e      0x676 src/timer.o
 .debug_line    0x000000000000cf04      0x7a9 src/vario.o
 .debug_line    0x000000000000d6ad       0x7c startup/startup_stm32.o

.debug_str      0x0000000000000000    0x68dd3
 .debug_str     0x0000000000000000    0x5e20d StdPeriph_Driver/src/misc.o
                                      0x5e3c1 (size before relaxing)
 .debug_str     0x000000000005e20d      0x6a8 StdPeriph_Driver/src/stm32f4xx_dma.o
                                      0x5e827 (size before relaxing)
 .debug_str     0x000000000005e8b5      0x1ce StdPeriph_Driver/src/stm32f4xx_exti.o
                                      0x5e337 (size before relaxing)
 .debug_str     0x000000000005ea83      0x2c2 StdPeriph_Driver/src/stm32f4xx_gpio.o
                                      0x5e480 (size before relaxing)
 .debug_str     0x000000000005ed45      0xd40 StdPeriph_Driver/src/stm32f4xx_rcc.o
                                      0x5ef76 (size before relaxing)
 .debug_str     0x000000000005fa85      0x40c StdPeriph_Driver/src/stm32f4xx_syscfg.o
                                      0x5e59e (size before relaxing)
 .debug_str     0x000000000005fe91      0xc2f StdPeriph_Driver/src/stm32f4xx_tim.o
                                      0x5ee8e (size before relaxing)
 .debug_str     0x0000000000060ac0      0x53a StdPeriph_Driver/src/stm32f4xx_usart.o
                                      0x5e7bc (size before relaxing)
 .debug_str     0x0000000000060ffa      0x6f6 driver/i2c.o
                                      0x5e9b3 (size before relaxing)
 .debug_str     0x00000000000616f0     0x1129 driver/sdio.o
                                      0x5f8bc (size before relaxing)
 .debug_str     0x0000000000062819       0x55 driver/spi.o
                                      0x5e754 (size before relaxing)
 .debug_str     0x000000000006286e      0xc3e src/BMS.o
                                      0x5f6e1 (size before relaxing)
 .debug_str     0x00000000000634ac     0x423b src/DOGXL240.o
                                      0x62aef (size before relaxing)
 .debug_str     0x00000000000676e7      0x32a src/datafusion.o
                                      0x624d6 (size before relaxing)
 .debug_str     0x0000000000067a11      0x5d9 src/exti.o
                                      0x5f2d2 (size before relaxing)
 .debug_str     0x0000000000067fea      0x3b5 src/gps.o
                                      0x5f849 (size before relaxing)
 .debug_str     0x000000000006839f      0x2c1 src/gui.o
                                      0x5f727 (size before relaxing)
 .debug_str     0x0000000000068660       0xe5 src/ipc.o
                                      0x5e462 (size before relaxing)
 .debug_str     0x0000000000068745       0xe7 src/logging.o
                                      0x5f211 (size before relaxing)
 .debug_str     0x000000000006882c      0x280 src/main.o
                                      0x60500 (size before relaxing)
 .debug_str     0x0000000000068aac       0x79 src/ms5611.o
                                      0x5eb38 (size before relaxing)
 .debug_str     0x0000000000068b25      0x14d src/oVario_Framework.o
                                      0x5ed0b (size before relaxing)
 .debug_str     0x0000000000068c72       0xae src/sound.o
                                      0x5f173 (size before relaxing)
 .debug_str     0x0000000000068d20        0xf src/timer.o
                                      0x5e4d3 (size before relaxing)
 .debug_str     0x0000000000068d2f       0xa4 src/vario.o
                                      0x620ea (size before relaxing)

.comment        0x0000000000000000       0x6e
 .comment       0x0000000000000000       0x6e StdPeriph_Driver/src/misc.o
                                         0x6f (size before relaxing)
 .comment       0x000000000000006e       0x6f StdPeriph_Driver/src/stm32f4xx_dma.o
 .comment       0x000000000000006e       0x6f StdPeriph_Driver/src/stm32f4xx_exti.o
 .comment       0x000000000000006e       0x6f StdPeriph_Driver/src/stm32f4xx_gpio.o
 .comment       0x000000000000006e       0x6f StdPeriph_Driver/src/stm32f4xx_rcc.o
 .comment       0x000000000000006e       0x6f StdPeriph_Driver/src/stm32f4xx_syscfg.o
 .comment       0x000000000000006e       0x6f StdPeriph_Driver/src/stm32f4xx_tim.o
 .comment       0x000000000000006e       0x6f StdPeriph_Driver/src/stm32f4xx_usart.o
 .comment       0x000000000000006e       0x6f driver/i2c.o
 .comment       0x000000000000006e       0x6f driver/sdio.o