Archive member included to satisfy reference by file (symbol)

/Users/Sebastian/.p2/pool/plugins/fr.ac6.mcu.externaltools.arm-none.macos64_1.13.1.201703061524/tools/compiler/bin/../lib/gcc/arm-none-eabi/5.4.1/armv7e-m/fpu/libgcc.a(_arm_addsubdf3.o)
                              src/datafusion.o (__aeabi_dsub)
/Users/Sebastian/.p2/pool/plugins/fr.ac6.mcu.externaltools.arm-none.macos64_1.13.1.201703061524/tools/compiler/bin/../lib/gcc/arm-none-eabi/5.4.1/armv7e-m/fpu/libgcc.a(_arm_muldivdf3.o)
                              src/datafusion.o (__aeabi_dmul)
/Users/Sebastian/.p2/pool/plugins/fr.ac6.mcu.externaltools.arm-none.macos64_1.13.1.201703061524/tools/compiler/bin/../lib/gcc/arm-none-eabi/5.4.1/armv7e-m/fpu/libgcc.a(_arm_cmpdf2.o)
                              src/datafusion.o (__aeabi_dcmpgt)
/Users/Sebastian/.p2/pool/plugins/fr.ac6.mcu.externaltools.arm-none.macos64_1.13.1.201703061524/tools/compiler/bin/../lib/gcc/arm-none-eabi/5.4.1/armv7e-m/fpu/libgcc.a(_arm_truncdfsf2.o)
                              src/DOGXL240.o (__aeabi_d2f)
/Users/Sebastian/.p2/pool/plugins/fr.ac6.mcu.externaltools.arm-none.macos64_1.13.1.201703061524/tools/compiler/bin/../lib/gcc/arm-none-eabi/5.4.1/armv7e-m/fpu/libgcc.a(_arm_addsubsf3.o)
                              src/gui.o (__aeabi_ul2f)
/Users/Sebastian/.p2/pool/plugins/fr.ac6.mcu.externaltools.arm-none.macos64_1.13.1.201703061524/tools/compiler/bin/../lib/gcc/arm-none-eabi/5.4.1/../../../../arm-none-eabi/lib/armv7e-m/fpu/libc.a(lib_a-errno.o)
                              src/syscalls.o (__errno)
/Users/Sebastian/.p2/pool/plugins/fr.ac6.mcu.externaltools.arm-none.macos64_1.13.1.201703061524/tools/compiler/bin/../lib/gcc/arm-none-eabi/5.4.1/../../../../arm-none-eabi/lib/armv7e-m/fpu/libc.a(lib_a-exit.o)
                              /Users/Sebastian/.p2/pool/plugins/fr.ac6.mcu.externaltools.arm-none.macos64_1.13.1.201703061524/tools/compiler/bin/../lib/gcc/arm-none-eabi/5.4.1/../../../../arm-none-eabi/lib/armv7e-m/fpu/crt0.o (exit)
/Users/Sebastian/.p2/pool/plugins/fr.ac6.mcu.externaltools.arm-none.macos64_1.13.1.201703061524/tools/compiler/bin/../lib/gcc/arm-none-eabi/5.4.1/../../../../arm-none-eabi/lib/armv7e-m/fpu/libc.a(lib_a-impure.o)
                              /Users/Sebastian/.p2/pool/plugins/fr.ac6.mcu.externaltools.arm-none.macos64_1.13.1.201703061524/tools/compiler/bin/../lib/gcc/arm-none-eabi/5.4.1/../../../../arm-none-eabi/lib/armv7e-m/fpu/libc.a(lib_a-exit.o) (_global_impure_ptr)
/Users/Sebastian/.p2/pool/plugins/fr.ac6.mcu.externaltools.arm-none.macos64_1.13.1.201703061524/tools/compiler/bin/../lib/gcc/arm-none-eabi/5.4.1/../../../../arm-none-eabi/lib/armv7e-m/fpu/libc.a(lib_a-init.o)
                              /Users/Sebastian/.p2/pool/plugins/fr.ac6.mcu.externaltools.arm-none.macos64_1.13.1.201703061524/tools/compiler/bin/../lib/gcc/arm-none-eabi/5.4.1/../../../../arm-none-eabi/lib/armv7e-m/fpu/crt0.o (__libc_init_array)
/Users/Sebastian/.p2/pool/plugins/fr.ac6.mcu.externaltools.arm-none.macos64_1.13.1.201703061524/tools/compiler/bin/../lib/gcc/arm-none-eabi/5.4.1/../../../../arm-none-eabi/lib/armv7e-m/fpu/libc.a(lib_a-memset.o)
                              /Users/Sebastian/.p2/pool/plugins/fr.ac6.mcu.externaltools.arm-none.macos64_1.13.1.201703061524/tools/compiler/bin/../lib/gcc/arm-none-eabi/5.4.1/../../../../arm-none-eabi/lib/armv7e-m/fpu/crt0.o (memset)
/Users/Sebastian/.p2/pool/plugins/fr.ac6.mcu.externaltools.arm-none.macos64_1.13.1.201703061524/tools/compiler/bin/../lib/gcc/arm-none-eabi/5.4.1/../../../../arm-none-eabi/lib/armv7e-m/fpu/libc.a(lib_a-__call_atexit.o)
                              /Users/Sebastian/.p2/pool/plugins/fr.ac6.mcu.externaltools.arm-none.macos64_1.13.1.201703061524/tools/compiler/bin/../lib/gcc/arm-none-eabi/5.4.1/../../../../arm-none-eabi/lib/armv7e-m/fpu/libc.a(lib_a-exit.o) (__call_exitprocs)
/Users/Sebastian/.p2/pool/plugins/fr.ac6.mcu.externaltools.arm-none.macos64_1.13.1.201703061524/tools/compiler/bin/../lib/gcc/arm-none-eabi/5.4.1/../../../../arm-none-eabi/lib/armv7e-m/fpu/libc.a(lib_a-atexit.o)
                              /Users/Sebastian/.p2/pool/plugins/fr.ac6.mcu.externaltools.arm-none.macos64_1.13.1.201703061524/tools/compiler/bin/../lib/gcc/arm-none-eabi/5.4.1/../../../../arm-none-eabi/lib/armv7e-m/fpu/libc.a(lib_a-__call_atexit.o) (atexit)
/Users/Sebastian/.p2/pool/plugins/fr.ac6.mcu.externaltools.arm-none.macos64_1.13.1.201703061524/tools/compiler/bin/../lib/gcc/arm-none-eabi/5.4.1/../../../../arm-none-eabi/lib/armv7e-m/fpu/libc.a(lib_a-fini.o)
                              /Users/Sebastian/.p2/pool/plugins/fr.ac6.mcu.externaltools.arm-none.macos64_1.13.1.201703061524/tools/compiler/bin/../lib/gcc/arm-none-eabi/5.4.1/../../../../arm-none-eabi/lib/armv7e-m/fpu/libc.a(lib_a-__call_atexit.o) (__libc_fini_array)
[...]
Memory Configuration

Name             Origin             Length             Attributes
RAM              0x0000000020000000 0x0000000000020000 xrw
ROM              0x0000000008000000 0x0000000000100000 xr
*default*        0x0000000000000000 0xffffffffffffffff

Linker script and memory map

LOAD /Users/Sebastian/.p2/pool/plugins/fr.ac6.mcu.externaltools.arm-none.macos64_1.13.1.201703061524/tools/compiler/bin/../lib/gcc/arm-none-eabi/5.4.1/armv7e-m/fpu/crti.o
LOAD /Users/Sebastian/.p2/pool/plugins/fr.ac6.mcu.externaltools.arm-none.macos64_1.13.1.201703061524/tools/compiler/bin/../lib/gcc/arm-none-eabi/5.4.1/armv7e-m/fpu/crtbegin.o
LOAD /Users/Sebastian/.p2/pool/plugins/fr.ac6.mcu.externaltools.arm-none.macos64_1.13.1.201703061524/tools/compiler/bin/../lib/gcc/arm-none-eabi/5.4.1/../../../../arm-none-eabi/lib/armv7e-m/fpu/crt0.o
LOAD /Users/Sebastian/.p2/pool/plugins/fr.ac6.mcu.externaltools.arm-none.macos64_1.13.1.201703061524/tools/compiler/bin/../lib/gcc/arm-none-eabi/5.4.1/../../../../arm-none-eabi/lib/armv7e-m/fpu/libm.a
LOAD StdPeriph_Driver/src/misc.o
LOAD StdPeriph_Driver/src/stm32f4xx_adc.o
LOAD StdPeriph_Driver/src/stm32f4xx_can.o
LOAD StdPeriph_Driver/src/stm32f4xx_cec.o
LOAD StdPeriph_Driver/src/stm32f4xx_crc.o
LOAD StdPeriph_Driver/src/stm32f4xx_cryp.o
LOAD StdPeriph_Driver/src/stm32f4xx_cryp_aes.o
LOAD StdPeriph_Driver/src/stm32f4xx_cryp_des.o
LOAD StdPeriph_Driver/src/stm32f4xx_cryp_tdes.o
LOAD StdPeriph_Driver/src/stm32f4xx_dac.o
LOAD StdPeriph_Driver/src/stm32f4xx_dbgmcu.o
LOAD StdPeriph_Driver/src/stm32f4xx_dcmi.o
LOAD StdPeriph_Driver/src/stm32f4xx_dfsdm.o
LOAD StdPeriph_Driver/src/stm32f4xx_dma.o
LOAD StdPeriph_Driver/src/stm32f4xx_dma2d.o
LOAD StdPeriph_Driver/src/stm32f4xx_dsi.o
LOAD StdPeriph_Driver/src/stm32f4xx_exti.o
LOAD StdPeriph_Driver/src/stm32f4xx_flash.o
LOAD StdPeriph_Driver/src/stm32f4xx_flash_ramfunc.o
LOAD StdPeriph_Driver/src/stm32f4xx_fmc.o
LOAD StdPeriph_Driver/src/stm32f4xx_fmip2c.o
LOAD StdPeriph_Driver/src/stm32f4xx_fsmc.o
LOAD StdPeriph_Driver/src/stm32f4xx_gpio.o
LOAD StdPeriph_Driver/src/stm32f4xx_hash.o
LOAD StdPeriph_Driver/src/stm32f4xx_hash_md5.o
LOAD StdPeriph_Driver/src/stm32f4xx_hash_sha1.o
LOAD StdPeriph_Driver/src/stm32f4xx_i2c.o
LOAD StdPeriph_Driver/src/stm32f4xx_iwdg.o
LOAD StdPeriph_Driver/src/stm32f4xx_lptim.o
LOAD StdPeriph_Driver/src/stm32f4xx_ltdc.o
LOAD StdPeriph_Driver/src/stm32f4xx_pwr.o
LOAD StdPeriph_Driver/src/stm32f4xx_qspi.o
LOAD StdPeriph_Driver/src/stm32f4xx_rcc.o
LOAD StdPeriph_Driver/src/stm32f4xx_rng.o
LOAD StdPeriph_Driver/src/stm32f4xx_rtc.o
LOAD StdPeriph_Driver/src/stm32f4xx_sai.o
LOAD StdPeriph_Driver/src/stm32f4xx_sdio.o
LOAD StdPeriph_Driver/src/stm32f4xx_spdifrx.o
LOAD StdPeriph_Driver/src/stm32f4xx_spi.o
LOAD StdPeriph_Driver/src/stm32f4xx_syscfg.o
LOAD StdPeriph_Driver/src/stm32f4xx_tim.o
LOAD StdPeriph_Driver/src/stm32f4xx_usart.o
LOAD StdPeriph_Driver/src/stm32f4xx_wwdg.o
LOAD driver/i2c.o
LOAD driver/sdio.o
LOAD driver/spi.o
LOAD igc/igc.o
LOAD igc/md5.o
LOAD src/BMS.o
LOAD src/DOGXL240.o
LOAD src/datafusion.o
LOAD src/exti.o
LOAD src/gps.o
LOAD src/gui.o
LOAD src/ipc.o
LOAD src/logging.o
LOAD src/main.o
LOAD src/ms5611.o
LOAD src/oVario_Framework.o
LOAD src/sound.o
LOAD src/stm32f4xx_it.o
LOAD src/syscalls.o
LOAD src/timer.o
LOAD src/vario.o
LOAD startup/startup_stm32.o
START GROUP
LOAD /Users/Sebastian/.p2/pool/plugins/fr.ac6.mcu.externaltools.arm-none.macos64_1.13.1.201703061524/tools/compiler/bin/../lib/gcc/arm-none-eabi/5.4.1/armv7e-m/fpu/libgcc.a
LOAD /Users/Sebastian/.p2/pool/plugins/fr.ac6.mcu.externaltools.arm-none.macos64_1.13.1.201703061524/tools/compiler/bin/../lib/gcc/arm-none-eabi/5.4.1/../../../../arm-none-eabi/lib/armv7e-m/fpu/libc.a
END GROUP
LOAD /Users/Sebastian/.p2/pool/plugins/fr.ac6.mcu.externaltools.arm-none.macos64_1.13.1.201703061524/tools/compiler/bin/../lib/gcc/arm-none-eabi/5.4.1/armv7e-m/fpu/crtend.o
LOAD /Users/Sebastian/.p2/pool/plugins/fr.ac6.mcu.externaltools.arm-none.macos64_1.13.1.201703061524/tools/compiler/bin/../lib/gcc/arm-none-eabi/5.4.1/armv7e-m/fpu/crtn.o
                0x0000000020020000                _estack = 0x20020000
                0x0000000000000000                _Min_Heap_Size = 0x0
                0x0000000000000400                _Min_Stack_Size = 0x400

.isr_vector     0x0000000008000000      0x1a8
                0x0000000008000000                . = ALIGN (0x4)
 *(.isr_vector)
 .isr_vector    0x0000000008000000      0x1a8 startup/startup_stm32.o
                0x0000000008000000                g_pfnVectors
                0x00000000080001a8                . = ALIGN (0x4)

.text           0x00000000080001a8     0x9c70
                0x00000000080001a8                . = ALIGN (0x4)
 *(.text)
 .text          0x00000000080001a8       0x5c /Users/Sebastian/.p2/pool/plugins/fr.ac6.mcu.externaltools.arm-none.macos64_1.13.1.201703061524/tools/compiler/bin/../lib/gcc/arm-none-eabi/5.4.1/armv7e-m/fpu/crtbegin.o
 .text          0x0000000008000204      0x370 /Users/Sebastian/.p2/pool/plugins/fr.ac6.mcu.externaltools.arm-none.macos64_1.13.1.201703061524/tools/compiler/bin/../lib/gcc/arm-none-eabi/5.4.1/armv7e-m/fpu/libgcc.a(_arm_addsubdf3.o)
                0x0000000008000204                __aeabi_drsub
                0x000000000800020c                __subdf3
                0x000000000800020c                __aeabi_dsub
                0x0000000008000210                __aeabi_dadd
                0x0000000008000210                __adddf3
                0x0000000008000488                __aeabi_ui2d
                0x0000000008000488                __floatunsidf
                0x00000000080004a8                __floatsidf
                0x00000000080004a8                __aeabi_i2d
                0x00000000080004cc                __extendsfdf2
                0x00000000080004cc                __aeabi_f2d
                0x0000000008000508                __aeabi_ul2d
                0x0000000008000508                __floatundidf
                0x0000000008000518                __aeabi_l2d
                0x0000000008000518                __floatdidf
 .text          0x0000000008000574      0x424 /Users/Sebastian/.p2/pool/plugins/fr.ac6.mcu.externaltools.arm-none.macos64_1.13.1.201703061524/tools/compiler/bin/../lib/gcc/arm-none-eabi/5.4.1/armv7e-m/fpu/libgcc.a(_arm_muldivdf3.o)
                0x0000000008000574                __aeabi_dmul
                0x0000000008000574                __muldf3
                0x00000000080007c8                __aeabi_ddiv
                0x00000000080007c8                __divdf3
 .text          0x0000000008000998      0x110 /Users/Sebastian/.p2/pool/plugins/fr.ac6.mcu.externaltools.arm-none.macos64_1.13.1.201703061524/tools/compiler/bin/../lib/gcc/arm-none-eabi/5.4.1/armv7e-m/fpu/libgcc.a(_arm_cmpdf2.o)
                0x0000000008000998                __gedf2
                0x0000000008000998                __gtdf2
                0x00000000080009a0                __ledf2
                0x00000000080009a0                __ltdf2
                0x00000000080009a8                __cmpdf2
                0x00000000080009a8                __eqdf2
                0x00000000080009a8                __nedf2
                0x0000000008000a24                __aeabi_cdrcmple
                0x0000000008000a34                __aeabi_cdcmple
                0x0000000008000a34                __aeabi_cdcmpeq
                0x0000000008000a44                __aeabi_dcmpeq
                0x0000000008000a58                __aeabi_dcmplt
                0x0000000008000a6c                __aeabi_dcmple
                0x0000000008000a80                __aeabi_dcmpge
                0x0000000008000a94                __aeabi_dcmpgt
 .text          0x0000000008000aa8       0xa0 /Users/Sebastian/.p2/pool/plugins/fr.ac6.mcu.externaltools.arm-none.macos64_1.13.1.201703061524/tools/compiler/bin/../lib/gcc/arm-none-eabi/5.4.1/armv7e-m/fpu/libgcc.a(_arm_truncdfsf2.o)
                0x0000000008000aa8                __aeabi_d2f
                0x0000000008000aa8                __truncdfsf2
 .text          0x0000000008000b48      0x21c /Users/Sebastian/.p2/pool/plugins/fr.ac6.mcu.externaltools.arm-none.macos64_1.13.1.201703061524/tools/compiler/bin/../lib/gcc/arm-none-eabi/5.4.1/armv7e-m/fpu/libgcc.a(_arm_addsubsf3.o)
                0x0000000008000b48                __aeabi_frsub
                0x0000000008000b50                __aeabi_fsub
                0x0000000008000b50                __subsf3
                0x0000000008000b54                __aeabi_fadd
                0x0000000008000b54                __addsf3
                0x0000000008000cb4                __aeabi_ui2f
                0x0000000008000cb4                __floatunsisf
                0x0000000008000cbc                __floatsisf
                0x0000000008000cbc                __aeabi_i2f
                0x0000000008000cd8                __aeabi_ul2f
                0x0000000008000cd8                __floatundisf
                0x0000000008000ce8                __aeabi_l2f
                0x0000000008000ce8                __floatdisf
 .text          0x0000000008000d64       0x2c /Users/Sebastian/.p2/pool/plugins/fr.ac6.mcu.externaltools.arm-none.macos64_1.13.1.201703061524/tools/compiler/bin/../lib/gcc/arm-none-eabi/5.4.1/armv7e-m/fpu/libgcc.a(_arm_unorddf2.o)
                0x0000000008000d64                __aeabi_dcmpun
                0x0000000008000d64                __unorddf2
 .text          0x0000000008000d90       0x50 /Users/Sebastian/.p2/pool/plugins/fr.ac6.mcu.externaltools.arm-none.macos64_1.13.1.201703061524/tools/compiler/bin/../lib/gcc/arm-none-eabi/5.4.1/armv7e-m/fpu/libgcc.a(_arm_fixdfsi.o)
                0x0000000008000d90                __fixdfsi
                0x0000000008000d90                __aeabi_d2iz
 *(.text*)
 .text.NVIC_PriorityGroupConfig
                0x0000000008000de0       0x14 StdPeriph_Driver/src/misc.o
                0x0000000008000de0                NVIC_PriorityGroupConfig
 .text.NVIC_Init
                0x0000000008000df4       0x70 StdPeriph_Driver/src/misc.o
                0x0000000008000df4                NVIC_Init
 .text.DMA_DeInit
                0x0000000008000e64      0x154 StdPeriph_Driver/src/stm32f4xx_dma.o
                0x0000000008000e64                DMA_DeInit
 .text.DMA_Init
                0x0000000008000fb8       0x58 StdPeriph_Driver/src/stm32f4xx_dma.o
                0x0000000008000fb8                DMA_Init
 .text.DMA_Cmd  0x0000000008001010       0x18 StdPeriph_Driver/src/stm32f4xx_dma.o
                0x0000000008001010                DMA_Cmd
 .text.DMA_GetCurrDataCounter
                0x0000000008001028        0x8 StdPeriph_Driver/src/stm32f4xx_dma.o
                0x0000000008001028                DMA_GetCurrDataCounter
 .text.DMA_ITConfig
                0x0000000008001030       0x44 StdPeriph_Driver/src/stm32f4xx_dma.o
                0x0000000008001030                DMA_ITConfig
 .text.DMA_GetITStatus
                0x0000000008001074       0x5c StdPeriph_Driver/src/stm32f4xx_dma.o
                0x0000000008001074                DMA_GetITStatus
 .text.DMA_ClearITPendingBit
                0x00000000080010d0       0x34 StdPeriph_Driver/src/stm32f4xx_dma.o
                0x00000000080010d0                DMA_ClearITPendingBit
 .text.EXTI_Init
                0x0000000008001104       0x90 StdPeriph_Driver/src/stm32f4xx_exti.o
                0x0000000008001104                EXTI_Init
 .text.EXTI_ClearITPendingBit
                0x0000000008001194        0xc StdPeriph_Driver/src/stm32f4xx_exti.o
                0x0000000008001194                EXTI_ClearITPendingBit
 .text.GPIO_Init
                0x00000000080011a0       0x90 StdPeriph_Driver/src/stm32f4xx_gpio.o
                0x00000000080011a0                GPIO_Init
 .text.GPIO_PinAFConfig
                0x0000000008001230       0x28 StdPeriph_Driver/src/stm32f4xx_gpio.o
                0x0000000008001230                GPIO_PinAFConfig
 .text.RCC_GetClocksFreq
                0x0000000008001258       0xa4 StdPeriph_Driver/src/stm32f4xx_rcc.o
                0x0000000008001258                RCC_GetClocksFreq
 .text.RCC_AHB1PeriphClockCmd
                0x00000000080012fc       0x1c StdPeriph_Driver/src/stm32f4xx_rcc.o
                0x00000000080012fc                RCC_AHB1PeriphClockCmd
 .text.RCC_APB1PeriphClockCmd
                0x0000000008001318       0x1c StdPeriph_Driver/src/stm32f4xx_rcc.o
                0x0000000008001318                RCC_APB1PeriphClockCmd
 .text.RCC_APB2PeriphClockCmd
                0x0000000008001334       0x1c StdPeriph_Driver/src/stm32f4xx_rcc.o
                0x0000000008001334                RCC_APB2PeriphClockCmd
 .text.SYSCFG_EXTILineConfig
                0x0000000008001350       0x30 StdPeriph_Driver/src/stm32f4xx_syscfg.o
                0x0000000008001350                SYSCFG_EXTILineConfig
 .text.TIM_TimeBaseInit
                0x0000000008001380       0x88 StdPeriph_Driver/src/stm32f4xx_tim.o
                0x0000000008001380                TIM_TimeBaseInit
 .text.TIM_SetAutoreload
                0x0000000008001408        0x4 StdPeriph_Driver/src/stm32f4xx_tim.o
                0x0000000008001408                TIM_SetAutoreload
 .text.TIM_ARRPreloadConfig
                0x000000000800140c       0x1c StdPeriph_Driver/src/stm32f4xx_tim.o
                0x000000000800140c                TIM_ARRPreloadConfig
 .text.TIM_Cmd  0x0000000008001428       0x1c StdPeriph_Driver/src/stm32f4xx_tim.o
                0x0000000008001428                TIM_Cmd
 .text.TIM_OC1Init
                0x0000000008001444       0x74 StdPeriph_Driver/src/stm32f4xx_tim.o
                0x0000000008001444                TIM_OC1Init
 .text.TIM_SetCompare1
                0x00000000080014b8        0x4 StdPeriph_Driver/src/stm32f4xx_tim.o
                0x00000000080014b8                TIM_SetCompare1
 .text.TIM_OC1PreloadConfig
                0x00000000080014bc       0x10 StdPeriph_Driver/src/stm32f4xx_tim.o
                0x00000000080014bc                TIM_OC1PreloadConfig
 .text.TIM_CtrlPWMOutputs
                0x00000000080014cc       0x24 StdPeriph_Driver/src/stm32f4xx_tim.o
                0x00000000080014cc                TIM_CtrlPWMOutputs
 .text.TIM_ITConfig
                0x00000000080014f0       0x18 StdPeriph_Driver/src/stm32f4xx_tim.o
                0x00000000080014f0                TIM_ITConfig
 .text.TIM_ClearITPendingBit
                0x0000000008001508        0x8 StdPeriph_Driver/src/stm32f4xx_tim.o
                0x0000000008001508                TIM_ClearITPendingBit
 .text.USART_Init
                0x0000000008001510       0xc0 StdPeriph_Driver/src/stm32f4xx_usart.o
                0x0000000008001510                USART_Init
 .text.USART_Cmd
                0x00000000080015d0       0x1c StdPeriph_Driver/src/stm32f4xx_usart.o
                0x00000000080015d0                USART_Cmd
 .text.USART_SendData
                0x00000000080015ec        0x8 StdPeriph_Driver/src/stm32f4xx_usart.o
                0x00000000080015ec                USART_SendData
 .text.USART_DMACmd
                0x00000000080015f4       0x18 StdPeriph_Driver/src/stm32f4xx_usart.o
                0x00000000080015f4                USART_DMACmd
 .text.USART_GetFlagStatus
                0x000000000800160c        0xc StdPeriph_Driver/src/stm32f4xx_usart.o
                0x000000000800160c                USART_GetFlagStatus
 .text.init_i2c
                0x0000000008001618       0x50 driver/i2c.o
                0x0000000008001618                init_i2c
 .text.i2c_reset_error
                0x0000000008001668        0xc driver/i2c.o
                0x0000000008001668                i2c_reset_error
 .text.i2c_get_error
                0x0000000008001674        0xc driver/i2c.o
                0x0000000008001674                i2c_get_error
 .text.i2c_send_char
                0x0000000008001680      0x13c driver/i2c.o
                0x0000000008001680                i2c_send_char
 .text.i2c_send_int_register
                0x00000000080017bc      0x1fc driver/i2c.o
                0x00000000080017bc                i2c_send_int_register
 .text.i2c_send_int_register_LSB
                0x00000000080019b8      0x1fc driver/i2c.o
                0x00000000080019b8                i2c_send_int_register_LSB
 .text.i2c_read_int
                0x0000000008001bb4      0x134 driver/i2c.o
                0x0000000008001bb4                i2c_read_int
 .text.i2c_read_int_LSB
                0x0000000008001ce8      0x134 driver/i2c.o
                0x0000000008001ce8                i2c_read_int_LSB
 .text.i2c_read_24bit
                0x0000000008001e1c      0x154 driver/i2c.o
                0x0000000008001e1c                i2c_read_24bit
 .text.sdio_set_clock
                0x0000000008001f70       0x3c driver/sdio.o
                0x0000000008001f70                sdio_set_clock
 .text.sdio_send_cmd
                0x0000000008001fac       0x24 driver/sdio.o
                0x0000000008001fac                sdio_send_cmd
 .text.sdio_send_cmd_short
                0x0000000008001fd0       0x48 driver/sdio.o
                0x0000000008001fd0                sdio_send_cmd_short
 .text.sdio_send_cmd_short_no_crc
                0x0000000008002018       0x48 driver/sdio.o
                0x0000000008002018                sdio_send_cmd_short_no_crc
 .text.sdio_send_cmd_long
                0x0000000008002060       0x44 driver/sdio.o
                0x0000000008002060                sdio_send_cmd_long
 .text.sdio_select_card
                0x00000000080020a4       0x34 driver/sdio.o
                0x00000000080020a4                sdio_select_card
 .text.sdio_set_inactive
                0x00000000080020d8       0x20 driver/sdio.o
                0x00000000080020d8                sdio_set_inactive
 .text.sdio_set_wait
                0x00000000080020f8       0x1c driver/sdio.o
                0x00000000080020f8                sdio_set_wait
 .text.sdio_dma_receive
                0x0000000008002114       0x28 driver/sdio.o
                0x0000000008002114                sdio_dma_receive
 .text.sdio_read_block
                0x000000000800213c       0x60 driver/sdio.o
                0x000000000800213c                sdio_read_block
 .text.sdio_dma_transmit
                0x000000000800219c       0x28 driver/sdio.o
                0x000000000800219c                sdio_dma_transmit
 .text.sdio_write_block
                0x00000000080021c4       0x90 driver/sdio.o
                0x00000000080021c4                sdio_write_block
 .text.sdio_read_byte
                0x0000000008002254       0x14 driver/sdio.o
                0x0000000008002254                sdio_read_byte
 .text.sdio_write_byte
                0x0000000008002268       0x28 driver/sdio.o
                0x0000000008002268                sdio_write_byte
 .text.sdio_read_int
                0x0000000008002290       0x1c driver/sdio.o
                0x0000000008002290                sdio_read_int
 .text.sdio_write_int
                0x00000000080022ac       0x1c driver/sdio.o
                0x00000000080022ac                sdio_write_int
 .text.sdio_read_long
                0x00000000080022c8       0x34 driver/sdio.o
                0x00000000080022c8                sdio_read_long
 .text.sdio_write_long
                0x00000000080022fc       0x34 driver/sdio.o
                0x00000000080022fc                sdio_write_long
 .text.sdio_init_filesystem
                0x0000000008002330      0x188 driver/sdio.o
                0x0000000008002330                sdio_init_filesystem
 .text.sdio_get_lba
                0x00000000080024b8       0x28 driver/sdio.o
                0x00000000080024b8                sdio_get_lba
 .text.sdio_get_fat_sec
                0x00000000080024e0       0x24 driver/sdio.o
                0x00000000080024e0                sdio_get_fat_sec
 .text.sdio_get_fat_pos
                0x0000000008002504       0x1c driver/sdio.o
                0x0000000008002504                sdio_get_fat_pos
 .text.sdio_read_fat_pos
                0x0000000008002520       0x20 driver/sdio.o
                0x0000000008002520                sdio_read_fat_pos
 .text.sdio_write_fat_pos
                0x0000000008002540       0x20 driver/sdio.o
                0x0000000008002540                sdio_write_fat_pos
 .text.sdio_get_next_cluster
                0x0000000008002560       0x28 driver/sdio.o
                0x0000000008002560                sdio_get_next_cluster
 .text.sdio_set_cluster
                0x0000000008002588       0x60 driver/sdio.o
                0x0000000008002588                sdio_set_cluster
 .text.sdio_read_cluster
                0x00000000080025e8       0x24 driver/sdio.o
                0x00000000080025e8                sdio_read_cluster
 .text.sdio_read_root
                0x000000000800260c       0x80 driver/sdio.o
                0x000000000800260c                sdio_read_root
 .text.sdio_write_current_sector
                0x000000000800268c       0x20 driver/sdio.o
                0x000000000800268c                sdio_write_current_sector
 .text.sdio_read_next_sector_of_cluster
                0x00000000080026ac       0xac driver/sdio.o
                0x00000000080026ac                sdio_read_next_sector_of_cluster
 .text.sdio_get_name
                0x0000000008002758       0x34 driver/sdio.o
                0x0000000008002758                sdio_get_name
 .text.sdio_strcmp
                0x000000000800278c       0x1c driver/sdio.o
                0x000000000800278c                sdio_strcmp
 .text.sdio_get_file
                0x00000000080027a8       0xbc driver/sdio.o
                0x00000000080027a8                sdio_get_file
 .text.init_sdio
                0x0000000008002864      0x21c driver/sdio.o
                0x0000000008002864                init_sdio
 .text.sdio_get_empty_id
                0x0000000008002a80       0x78 driver/sdio.o
                0x0000000008002a80                sdio_get_empty_id
 .text.sdio_get_empty_cluster
                0x0000000008002af8       0x64 driver/sdio.o
                0x0000000008002af8                sdio_get_empty_cluster
 .text.sdio_get_fileid
                0x0000000008002b5c       0xec driver/sdio.o
                0x0000000008002b5c                sdio_get_fileid
 .text.sdio_get_time
                0x0000000008002c48       0x10 driver/sdio.o
                0x0000000008002c48                sdio_get_time
 .text.sdio_make_entry
                0x0000000008002c58      0x130 driver/sdio.o
                0x0000000008002c58                sdio_make_entry
 .text.sdio_mkfile
                0x0000000008002d88       0x98 driver/sdio.o
                0x0000000008002d88                sdio_mkfile
 .text.sdio_set_filesize
                0x0000000008002e20       0x6c driver/sdio.o
                0x0000000008002e20                sdio_set_filesize
 .text.sdio_write_file
                0x0000000008002e8c       0xa4 driver/sdio.o
                0x0000000008002e8c                sdio_write_file
 .text.sdio_fclose
                0x0000000008002f30       0x38 driver/sdio.o
                0x0000000008002f30                sdio_fclose
 .text.sdio_byte2file
                0x0000000008002f68       0x34 driver/sdio.o
                0x0000000008002f68                sdio_byte2file
 .text.init_spi
                0x0000000008002f9c       0x50 driver/spi.o
                0x0000000008002f9c                init_spi
 .text.spi_send_char
                0x0000000008002fec       0x18 driver/spi.o
                0x0000000008002fec                spi_send_char
 .text.igc_IsValidCharacter
                0x0000000008003004       0x38 igc/igc.o
                0x0000000008003004                igc_IsValidCharacter
 .text.igc_IncludeInGrecord
                0x000000000800303c       0x3c igc/igc.o
                0x000000000800303c                igc_IncludeInGrecord
 .text.init_igc
                0x0000000008003078       0x38 igc/igc.o
                0x0000000008003078                init_igc
 .text.igc_CommitCharacter
                0x00000000080030b0       0x24 igc/igc.o
                0x00000000080030b0                igc_CommitCharacter
 .text.igc_CommitLine
                0x00000000080030d4       0x24 igc/igc.o
                0x00000000080030d4                igc_CommitLine
 .text.igc_WriteLine
                0x00000000080030f8       0x40 igc/igc.o
                0x00000000080030f8                igc_WriteLine
 .text.igc_AppendString
                0x0000000008003138       0x34 igc/igc.o
                0x0000000008003138                igc_AppendString
 .text.igc_AppendNumber
                0x000000000800316c       0x30 igc/igc.o
                0x000000000800316c                igc_AppendNumber
 .text.igc_create
                0x000000000800319c      0x278 igc/igc.o
                0x000000000800319c                igc_create
 .text.igc_BRecord
                0x0000000008003414      0x1b4 igc/igc.o
                0x0000000008003414                igc_BRecord
 .text.igc_sign
                0x00000000080035c8       0x84 igc/igc.o
                0x00000000080035c8                igc_sign
 .text.igc_close
                0x000000000800364c       0x28 igc/igc.o
                0x000000000800364c                igc_close
 .text.igc_task
                0x0000000008003674      0x11c igc/igc.o
                0x0000000008003674                igc_task
 .text.md5_initialize
                0x0000000008003790       0x40 igc/md5.o
                0x0000000008003790                md5_initialize
 .text.md5_process512
                0x00000000080037d0      0x104 igc/md5.o
                0x00000000080037d0                md5_process512
 .text.md5_append_char
                0x00000000080038d4       0x20 igc/md5.o
                0x00000000080038d4                md5_append_char
 .text.md5_WriteLength
                0x00000000080038f4       0x14 igc/md5.o
                0x00000000080038f4                md5_WriteLength
 .text.md5_finalize
                0x0000000008003908       0x54 igc/md5.o
                0x0000000008003908                md5_finalize
 .text.md5_GetDigest
                0x000000000800395c       0x38 igc/md5.o
                0x000000000800395c                md5_GetDigest
 .text.init_BMS
                0x0000000008003994      0x164 src/BMS.o
                0x0000000008003994                init_BMS
 .text.BMS_adc_start
                0x0000000008003af8       0x54 src/BMS.o
                0x0000000008003af8                BMS_adc_start
 .text.BMS_get_status
                0x0000000008003b4c       0xd8 src/BMS.o
                0x0000000008003b4c                BMS_get_status
 .text.BMS_get_adc
                0x0000000008003c24       0xd4 src/BMS.o
                0x0000000008003c24                BMS_get_adc
 .text.BMS_set_charge_current
                0x0000000008003cf8       0x6c src/BMS.o
                0x0000000008003cf8                BMS_set_charge_current
 .text.BMS_set_otg
                0x0000000008003d64       0xec src/BMS.o
                0x0000000008003d64                BMS_set_otg
 .text.BMS_gauge_get_adc
                0x0000000008003e50       0x7c src/BMS.o
                0x0000000008003e50                BMS_gauge_get_adc
 .text.BMS_task
                0x0000000008003ecc       0x90 src/BMS.o
                0x0000000008003ecc                BMS_task
 .text.lcd_dma_enable
                0x0000000008003f5c       0x38 src/DOGXL240.o
                0x0000000008003f5c                lcd_dma_enable
 .text.lcd_set_col_addr
                0x0000000008003f94       0x34 src/DOGXL240.o
                0x0000000008003f94                lcd_set_col_addr
 .text.lcd_set_page_addr
                0x0000000008003fc8       0x38 src/DOGXL240.o
                0x0000000008003fc8                lcd_set_page_addr
 .text.lcd_set_write_pattern
                0x0000000008004000       0x28 src/DOGXL240.o
                0x0000000008004000                lcd_set_write_pattern
 .text.lcd_set_cursor
                0x0000000008004028       0x10 src/DOGXL240.o
                0x0000000008004028                lcd_set_cursor
 .text.init_lcd
                0x0000000008004038      0x14c src/DOGXL240.o
                0x0000000008004038                init_lcd
 .text.lcd_set_fontsize
                0x0000000008004184        0xc src/DOGXL240.o
                0x0000000008004184                lcd_set_fontsize
 .text.lcd_set_inverted
                0x0000000008004190        0xc src/DOGXL240.o
                0x0000000008004190                lcd_set_inverted
 .text.lcd_send_buffer
                0x000000000800419c       0x2c src/DOGXL240.o
                0x000000000800419c                lcd_send_buffer
 .text.lcd_pixel2buffer
                0x00000000080041c8       0x48 src/DOGXL240.o
                0x00000000080041c8                lcd_pixel2buffer
 .text.lcd_char2buffer
                0x0000000008004210      0x1a4 src/DOGXL240.o
                0x0000000008004210                lcd_char2buffer
 .text.lcd_clear_buffer
                0x00000000080043b4       0x1c src/DOGXL240.o
                0x00000000080043b4                lcd_clear_buffer
 .text.lcd_string2buffer
                0x00000000080043d0       0x18 src/DOGXL240.o
                0x00000000080043d0                lcd_string2buffer
 .text.lcd_num2buffer
                0x00000000080043e8       0xa8 src/DOGXL240.o
                0x00000000080043e8                lcd_num2buffer
 .text.lcd_float2buffer
                0x0000000008004490       0x8c src/DOGXL240.o
                0x0000000008004490                lcd_float2buffer
 .text.lcd_bat2buffer
                0x000000000800451c       0xac src/DOGXL240.o
                0x000000000800451c                lcd_bat2buffer
 .text.lcd_line2buffer
                0x00000000080045c8       0xc0 src/DOGXL240.o
                0x00000000080045c8                lcd_line2buffer
 .text.lcd_circle2buffer
                0x0000000008004688       0xbc src/DOGXL240.o
                0x0000000008004688                lcd_circle2buffer
 .text.lcd_arrow2buffer
                0x0000000008004744      0x108 src/DOGXL240.o
                0x0000000008004744                lcd_arrow2buffer
 .text.lcd_signed_num2buffer
                0x000000000800484c       0xc8 src/DOGXL240.o
                0x000000000800484c                lcd_signed_num2buffer
 .text.lcd_box2buffer
                0x0000000008004914       0xb4 src/DOGXL240.o
                0x0000000008004914                lcd_box2buffer
 .text.datafusion_init
                0x00000000080049c8       0x34 src/datafusion.o
                0x00000000080049c8                datafusion_init
 .text.wind_turn_dir
                0x00000000080049fc       0x48 src/datafusion.o
                0x00000000080049fc                wind_turn_dir
 *fill*         0x0000000008004a44        0x4 
 .text.wind_collect_samples
                0x0000000008004a48       0xf0 src/datafusion.o
                0x0000000008004a48                wind_collect_samples
 .text.wind_grad
                0x0000000008004b38      0x520 src/datafusion.o
                0x0000000008004b38                wind_grad
 .text.wind_estimator
                0x0000000008005058        0xc src/datafusion.o
                0x0000000008005058                wind_estimator
 *fill*         0x0000000008005064        0x4 
 .text.datafusion_task
                0x0000000008005068      0x298 src/datafusion.o
                0x0000000008005068                datafusion_task
 .text.exti_init
                0x0000000008005300       0xa8 src/exti.o
                0x0000000008005300                exti_init
 .text.EXTI0_IRQHandler
                0x00000000080053a8       0x3c src/exti.o
                0x00000000080053a8                EXTI0_IRQHandler
 .text.EXTI1_IRQHandler
                0x00000000080053e4       0x3c src/exti.o
                0x00000000080053e4                EXTI1_IRQHandler
 .text.EXTI2_IRQHandler
                0x0000000008005420       0x40 src/exti.o
                0x0000000008005420                EXTI2_IRQHandler
 .text.EXTI3_IRQHandler
                0x0000000008005460       0x40 src/exti.o
                0x0000000008005460                EXTI3_IRQHandler
 .text.gps_handle_nav
                0x00000000080054a0      0x1ec src/gps.o
                0x00000000080054a0                gps_handle_nav
 .text.gps_send_bytes
                0x000000000800568c       0x34 src/gps.o
                0x000000000800568c                gps_send_bytes
 .text.gps_set_msg_rate
                0x00000000080056c0       0x4c src/gps.o
                0x00000000080056c0                gps_set_msg_rate
 .text.gps_config
                0x000000000800570c       0xcc src/gps.o
                0x000000000800570c                gps_config
 .text.gps_init
                0x00000000080057d8      0x1b4 src/gps.o
                0x00000000080057d8                gps_init
 .text.DMA1_Stream1_IRQHandler
                0x000000000800598c       0x5c src/gps.o
                0x000000000800598c                DMA1_Stream1_IRQHandler
 .text.gps_SetSysTime
                0x00000000080059e8       0x54 src/gps.o
                0x00000000080059e8                gps_SetSysTime
 .text.gps_SetSysDate
                0x0000000008005a3c       0x1c src/gps.o
                0x0000000008005a3c                gps_SetSysDate
 .text.gps_task
                0x0000000008005a58      0x1c4 src/gps.o
                0x0000000008005a58                gps_task
 .text.gui_init
                0x0000000008005c1c       0x54 src/gui.o
                0x0000000008005c1c                gui_init
 .text.fkt_BMS  0x0000000008005c70      0x2b4 src/gui.o
                0x0000000008005c70                fkt_BMS
 .text.fkt_GPS  0x0000000008005f24      0x34c src/gui.o
                0x0000000008005f24                fkt_GPS
 .text.fkt_MS5611
                0x0000000008006270      0x1d4 src/gui.o
                0x0000000008006270                fkt_MS5611
 .text.fkt_Datafusion
                0x0000000008006444      0x250 src/gui.o
                0x0000000008006444                fkt_Datafusion
 .text.fkt_runtime_errors
                0x0000000008006694       0xa4 src/gui.o
                0x0000000008006694                fkt_runtime_errors
 .text.fkt_infobox
                0x0000000008006738      0x178 src/gui.o
                0x0000000008006738                fkt_infobox
 .text.draw_graph
                0x00000000080068b0      0x1b8 src/gui.o
                0x00000000080068b0                draw_graph
 .text.fkt_Vario
                0x0000000008006a68      0x31c src/gui.o
                0x0000000008006a68                fkt_Vario
 .text.gui_bootlogo
                0x0000000008006d84       0xa4 src/gui.o
                0x0000000008006d84                gui_bootlogo
 .text.gui_status_bar
                0x0000000008006e28      0x1b8 src/gui.o
                0x0000000008006e28                gui_status_bar
 .text.gui_task
                0x0000000008006fe0       0x74 src/gui.o
                0x0000000008006fe0                gui_task
 .text.ipc_memory_register
                0x0000000008007054       0x30 src/ipc.o
                0x0000000008007054                ipc_memory_register
 .text.ipc_memory_get
                0x0000000008007084        0xc src/ipc.o
                0x0000000008007084                ipc_memory_get
 .text.ipc_register_queue
                0x0000000008007090       0x48 src/ipc.o
                0x0000000008007090                ipc_register_queue
 .text.ipc_queue_push
                0x00000000080070d8       0x80 src/ipc.o
                0x00000000080070d8                ipc_queue_push
 .text.ipc_queue_get
                0x0000000008007158       0x70 src/ipc.o
                0x0000000008007158                ipc_queue_get
 .text.ipc_get_queue_bytes
                0x00000000080071c8       0x14 src/ipc.o
                0x00000000080071c8                ipc_get_queue_bytes
 .text.log_include
                0x00000000080071dc       0x50 src/logging.o
                0x00000000080071dc                log_include
 .text.main     0x000000000800722c       0xb8 src/main.o
                0x000000000800722c                main
 .text.MS5611_init
                0x00000000080072e4       0xd8 src/ms5611.o
                0x00000000080072e4                MS5611_init
 .text.catch_temp_MS
                0x00000000080073bc       0xa4 src/ms5611.o
                0x00000000080073bc                catch_temp_MS
 .text.get_pressure_MS
                0x0000000008007460      0x210 src/ms5611.o
                0x0000000008007460                get_pressure_MS
 .text.ms5611_task
                0x0000000008007670       0x70 src/ms5611.o
                0x0000000008007670                ms5611_task
 .text.init_clock
                0x00000000080076e0       0xbc src/oVario_Framework.o
                0x00000000080076e0                init_clock
 .text.gpio_en  0x000000000800779c       0x14 src/oVario_Framework.o
                0x000000000800779c                gpio_en
 .text.init_systick_ms
                0x00000000080077b0       0x2c src/oVario_Framework.o
                0x00000000080077b0                init_systick_ms
 .text.init_led
                0x00000000080077dc       0x18 src/oVario_Framework.o
                0x00000000080077dc                init_led
 .text.set_led_green
                0x00000000080077f4       0x28 src/oVario_Framework.o
                0x00000000080077f4                set_led_green
 .text.set_led_red
                0x000000000800781c       0x28 src/oVario_Framework.o
                0x000000000800781c                set_led_red
 .text.wait_systick
                0x0000000008007844       0x24 src/oVario_Framework.o
                0x0000000008007844                wait_systick
 .text.wait_ms  0x0000000008007868       0x38 src/oVario_Framework.o
                0x0000000008007868                wait_ms
 .text.set_time
                0x00000000080078a0       0x14 src/oVario_Framework.o
                0x00000000080078a0                set_time
 .text.get_seconds_utc
                0x00000000080078b4       0x10 src/oVario_Framework.o
                0x00000000080078b4                get_seconds_utc
 .text.get_minutes_utc
                0x00000000080078c4       0x10 src/oVario_Framework.o
                0x00000000080078c4                get_minutes_utc
 .text.get_minutes_lct
                0x00000000080078d4       0x10 src/oVario_Framework.o
                0x00000000080078d4                get_minutes_lct
 .text.get_hours_utc
                0x00000000080078e4       0x10 src/oVario_Framework.o
                0x00000000080078e4                get_hours_utc
 .text.get_hours_lct
                0x00000000080078f4       0x18 src/oVario_Framework.o
                0x00000000080078f4                get_hours_lct
 .text.set_date
                0x000000000800790c       0x18 src/oVario_Framework.o
                0x000000000800790c                set_date
 .text.get_day_utc
                0x0000000008007924       0x10 src/oVario_Framework.o
                0x0000000008007924                get_day_utc
 .text.get_month_utc
                0x0000000008007934       0x10 src/oVario_Framework.o
                0x0000000008007934                get_month_utc
 .text.set_timezone
                0x0000000008007944       0x20 src/oVario_Framework.o
                0x0000000008007944                set_timezone
 .text.get_year_utc
                0x0000000008007964       0x14 src/oVario_Framework.o
                0x0000000008007964                get_year_utc
 .text.sys_strcmp
                0x0000000008007978       0x1c src/oVario_Framework.o
                0x0000000008007978                sys_strcmp
 .text.sys_num2str
                0x0000000008007994       0x38 src/oVario_Framework.o
                0x0000000008007994                sys_num2str
 .text.sys_memcpy
                0x00000000080079cc       0x20 src/oVario_Framework.o
                0x00000000080079cc                sys_memcpy
 .text.sys_hex2str
                0x00000000080079ec       0x30 src/oVario_Framework.o
                0x00000000080079ec                sys_hex2str
 .text.sound_init
                0x0000000008007a1c      0x14c src/sound.o
                0x0000000008007a1c                sound_init
 .text.sound_set_frequ_vol
                0x0000000008007b68       0x5c src/sound.o
                0x0000000008007b68                sound_set_frequ_vol
 .text.sound_task
                0x0000000008007bc4       0xcc src/sound.o
                0x0000000008007bc4                sound_task
 .text.TIM3_IRQHandler
                0x0000000008007c90       0x28 src/sound.o
                0x0000000008007c90                TIM3_IRQHandler
 .text.timer_init
                0x0000000008007cb8       0x74 src/timer.o
                0x0000000008007cb8                timer_init
 .text.vario_init
                0x0000000008007d2c       0x1c src/vario.o
                0x0000000008007d2c                vario_init
 .text.vario_task
                0x0000000008007d48      0x24c src/vario.o
                0x0000000008007d48                vario_task
 .text.Reset_Handler
                0x0000000008007f94       0x50 startup/startup_stm32.o
                0x0000000008007f94                Reset_Handler
 .text.Default_Handler
                0x0000000008007fe4        0x2 startup/startup_stm32.o
                0x0000000008007fe4                DMA1_Stream3_IRQHandler
                0x0000000008007fe4                HASH_RNG_IRQHandler
                0x0000000008007fe4                TIM8_CC_IRQHandler
                0x0000000008007fe4                DebugMon_Handler
                0x0000000008007fe4                TIM1_CC_IRQHandler
                0x0000000008007fe4                DMA2_Stream5_IRQHandler
                0x0000000008007fe4                HardFault_Handler
                0x0000000008007fe4                DMA1_Stream5_IRQHandler
                0x0000000008007fe4                SysTick_Handler
                0x0000000008007fe4                PVD_IRQHandler
                0x0000000008007fe4                SDIO_IRQHandler
                0x0000000008007fe4                TAMP_STAMP_IRQHandler
                0x0000000008007fe4                PendSV_Handler
                0x0000000008007fe4                NMI_Handler
                0x0000000008007fe4                CAN2_RX1_IRQHandler
                0x0000000008007fe4                TIM8_TRG_COM_TIM14_IRQHandler
                0x0000000008007fe4                TIM1_UP_TIM10_IRQHandler
                0x0000000008007fe4                TIM8_UP_TIM13_IRQHandler
                0x0000000008007fe4                I2C3_ER_IRQHandler
                0x0000000008007fe4                LCD_TFT_IRQHandler
                0x0000000008007fe4                I2C2_EV_IRQHandler
                0x0000000008007fe4                DMA1_Stream2_IRQHandler
                0x0000000008007fe4                CAN1_RX0_IRQHandler
                0x0000000008007fe4                FPU_IRQHandler
                0x0000000008007fe4                OTG_HS_WKUP_IRQHandler
                0x0000000008007fe4                UsageFault_Handler
                0x0000000008007fe4                CAN2_SCE_IRQHandler
                0x0000000008007fe4                DMA2_Stream2_IRQHandler
                0x0000000008007fe4                SPI1_IRQHandler
                0x0000000008007fe4                TIM6_DAC_IRQHandler
                0x0000000008007fe4                TIM1_BRK_TIM9_IRQHandler
                0x0000000008007fe4                DCMI_IRQHandler
                0x0000000008007fe4                CAN2_RX0_IRQHandler
                0x0000000008007fe4                DMA2_Stream3_IRQHandler
                0x0000000008007fe4                USART6_IRQHandler
                0x0000000008007fe4                USART3_IRQHandler
                0x0000000008007fe4                CRYP_IRQHandler
                0x0000000008007fe4                CAN1_RX1_IRQHandler
                0x0000000008007fe4                UART5_IRQHandler
                0x0000000008007fe4                DMA2_Stream0_IRQHandler
                0x0000000008007fe4                TIM4_IRQHandler
                0x0000000008007fe4                I2C1_EV_IRQHandler
                0x0000000008007fe4                DMA1_Stream6_IRQHandler
                0x0000000008007fe4                UART4_IRQHandler
                0x0000000008007fe4                LCD_TFT_1_IRQHandler
                0x0000000008007fe4                RCC_IRQHandler
                0x0000000008007fe4                TIM8_BRK_TIM12_IRQHandler
                0x0000000008007fe4                Default_Handler
                0x0000000008007fe4                EXTI15_10_IRQHandler
                0x0000000008007fe4                ADC_IRQHandler
                0x0000000008007fe4                DMA1_Stream7_IRQHandler
                0x0000000008007fe4                TIM7_IRQHandler
                0x0000000008007fe4                CAN2_TX_IRQHandler
                0x0000000008007fe4                TIM5_IRQHandler
                0x0000000008007fe4                DMA2_Stream7_IRQHandler
                0x0000000008007fe4                I2C3_EV_IRQHandler
                0x0000000008007fe4                EXTI9_5_IRQHandler
                0x0000000008007fe4                RTC_WKUP_IRQHandler
                0x0000000008007fe4                ETH_WKUP_IRQHandler
                0x0000000008007fe4                SPI2_IRQHandler
                0x0000000008007fe4                OTG_HS_EP1_IN_IRQHandler
                0x0000000008007fe4                MemManage_Handler
                0x0000000008007fe4                DMA1_Stream0_IRQHandler
                0x0000000008007fe4                CAN1_TX_IRQHandler
                0x0000000008007fe4                SVC_Handler
                0x0000000008007fe4                EXTI4_IRQHandler
                0x0000000008007fe4                FSMC_IRQHandler
                0x0000000008007fe4                ETH_IRQHandler
                0x0000000008007fe4                OTG_HS_EP1_OUT_IRQHandler
                0x0000000008007fe4                WWDG_IRQHandler
                0x0000000008007fe4                TIM2_IRQHandler
                0x0000000008007fe4                OTG_FS_WKUP_IRQHandler
                0x0000000008007fe4                TIM1_TRG_COM_TIM11_IRQHandler
                0x0000000008007fe4                OTG_HS_IRQHandler
                0x0000000008007fe4                USART2_IRQHandler
                0x0000000008007fe4                I2C2_ER_IRQHandler
                0x0000000008007fe4                DMA2_Stream1_IRQHandler
                0x0000000008007fe4                CAN1_SCE_IRQHandler
                0x0000000008007fe4                DMA2_Stream4_IRQHandler
                0x0000000008007fe4                BusFault_Handler
                0x0000000008007fe4                USART1_IRQHandler
                0x0000000008007fe4                OTG_FS_IRQHandler
                0x0000000008007fe4                SPI3_IRQHandler
                0x0000000008007fe4                DMA1_Stream4_IRQHandler
                0x0000000008007fe4                I2C1_ER_IRQHandler
                0x0000000008007fe4                DMA2_Stream6_IRQHandler
                0x0000000008007fe4                RTC_Alarm_IRQHandler
 *fill*         0x0000000008007fe6        0x2 
 .text.__errno  0x0000000008007fe8        0xc /Users/Sebastian/.p2/pool/plugins/fr.ac6.mcu.externaltools.arm-none.macos64_1.13.1.201703061524/tools/compiler/bin/../lib/gcc/arm-none-eabi/5.4.1/../../../../arm-none-eabi/lib/armv7e-m/fpu/libc.a(lib_a-errno.o)
                0x0000000008007fe8                __errno
 .text.__libc_init_array
                0x0000000008007ff4       0x50 /Users/Sebastian/.p2/pool/plugins/fr.ac6.mcu.externaltools.arm-none.macos64_1.13.1.201703061524/tools/compiler/bin/../lib/gcc/arm-none-eabi/5.4.1/../../../../arm-none-eabi/lib/armv7e-m/fpu/libc.a(lib_a-init.o)
                0x0000000008007ff4                __libc_init_array
 .text.startup.register_fini
                0x0000000008008044       0x14 /Users/Sebastian/.p2/pool/plugins/fr.ac6.mcu.externaltools.arm-none.macos64_1.13.1.201703061524/tools/compiler/bin/../lib/gcc/arm-none-eabi/5.4.1/../../../../arm-none-eabi/lib/armv7e-m/fpu/libc.a(lib_a-__call_atexit.o)
 .text.atexit   0x0000000008008058        0xc /Users/Sebastian/.p2/pool/plugins/fr.ac6.mcu.externaltools.arm-none.macos64_1.13.1.201703061524/tools/compiler/bin/../lib/gcc/arm-none-eabi/5.4.1/../../../../arm-none-eabi/lib/armv7e-m/fpu/libc.a(lib_a-atexit.o)
                0x0000000008008058                atexit
 .text.__libc_fini_array
                0x0000000008008064       0x28 /Users/Sebastian/.p2/pool/plugins/fr.ac6.mcu.externaltools.arm-none.macos64_1.13.1.201703061524/tools/compiler/bin/../lib/gcc/arm-none-eabi/5.4.1/../../../../arm-none-eabi/lib/armv7e-m/fpu/libc.a(lib_a-fini.o)
                0x0000000008008064                __libc_fini_array
 .text.__register_exitproc
                0x000000000800808c       0xa4 /Users/Sebastian/.p2/pool/plugins/fr.ac6.mcu.externaltools.arm-none.macos64_1.13.1.201703061524/tools/compiler/bin/../lib/gcc/arm-none-eabi/5.4.1/../../../../arm-none-eabi/lib/armv7e-m/fpu/libc.a(lib_a-__atexit.o)
                0x000000000800808c                __register_exitproc
 .text.cos      0x0000000008008130       0xc0 /Users/Sebastian/.p2/pool/plugins/fr.ac6.mcu.externaltools.arm-none.macos64_1.13.1.201703061524/tools/compiler/bin/../lib/gcc/arm-none-eabi/5.4.1/../../../../arm-none-eabi/lib/armv7e-m/fpu/libm.a(lib_a-s_cos.o)
                0x0000000008008130                cos
 .text.sin      0x00000000080081f0       0xc0 /Users/Sebastian/.p2/pool/plugins/fr.ac6.mcu.externaltools.arm-none.macos64_1.13.1.201703061524/tools/compiler/bin/../lib/gcc/arm-none-eabi/5.4.1/../../../../arm-none-eabi/lib/armv7e-m/fpu/libm.a(lib_a-s_sin.o)
                0x00000000080081f0                sin
 .text.asin     0x00000000080082b0       0xc4 /Users/Sebastian/.p2/pool/plugins/fr.ac6.mcu.externaltools.arm-none.macos64_1.13.1.201703061524/tools/compiler/bin/../lib/gcc/arm-none-eabi/5.4.1/../../../../arm-none-eabi/lib/armv7e-m/fpu/libm.a(lib_a-w_asin.o)
                0x00000000080082b0                asin
 .text.sqrtf    0x0000000008008374       0xac /Users/Sebastian/.p2/pool/plugins/fr.ac6.mcu.externaltools.arm-none.macos64_1.13.1.201703061524/tools/compiler/bin/../lib/gcc/arm-none-eabi/5.4.1/../../../../arm-none-eabi/lib/armv7e-m/fpu/libm.a(lib_a-wf_sqrt.o)
                0x0000000008008374                sqrtf
 .text.__ieee754_asin
                0x0000000008008420      0x49c /Users/Sebastian/.p2/pool/plugins/fr.ac6.mcu.externaltools.arm-none.macos64_1.13.1.201703061524/tools/compiler/bin/../lib/gcc/arm-none-eabi/5.4.1/../../../../arm-none-eabi/lib/armv7e-m/fpu/libm.a(lib_a-e_asin.o)
                0x0000000008008420                __ieee754_asin
 *fill*         0x00000000080088bc        0x4 
 .text.__ieee754_rem_pio2
                0x00000000080088c0      0x44c /Users/Sebastian/.p2/pool/plugins/fr.ac6.mcu.externaltools.arm-none.macos64_1.13.1.201703061524/tools/compiler/bin/../lib/gcc/arm-none-eabi/5.4.1/../../../../arm-none-eabi/lib/armv7e-m/fpu/libm.a(lib_a-e_rem_pio2.o)
                0x00000000080088c0                __ieee754_rem_pio2
 .text.__ieee754_sqrt
                0x0000000008008d0c      0x1a0 /Users/Sebastian/.p2/pool/plugins/fr.ac6.mcu.externaltools.arm-none.macos64_1.13.1.201703061524/tools/compiler/bin/../lib/gcc/arm-none-eabi/5.4.1/../../../../arm-none-eabi/lib/armv7e-m/fpu/libm.a(lib_a-e_sqrt.o)
                0x0000000008008d0c                __ieee754_sqrt
 .text.__ieee754_sqrtf
                0x0000000008008eac       0xa4 /Users/Sebastian/.p2/pool/plugins/fr.ac6.mcu.externaltools.arm-none.macos64_1.13.1.201703061524/tools/compiler/bin/../lib/gcc/arm-none-eabi/5.4.1/../../../../arm-none-eabi/lib/armv7e-m/fpu/libm.a(lib_a-ef_sqrt.o)
                0x0000000008008eac                __ieee754_sqrtf
 .text.__kernel_cos
                0x0000000008008f50      0x284 /Users/Sebastian/.p2/pool/plugins/fr.ac6.mcu.externaltools.arm-none.macos64_1.13.1.201703061524/tools/compiler/bin/../lib/gcc/arm-none-eabi/5.4.1/../../../../arm-none-eabi/lib/armv7e-m/fpu/libm.a(lib_a-k_cos.o)
                0x0000000008008f50                __kernel_cos
 *fill*         0x00000000080091d4        0x4 
 .text.__kernel_rem_pio2
                0x00000000080091d8      0x820 /Users/Sebastian/.p2/pool/plugins/fr.ac6.mcu.externaltools.arm-none.macos64_1.13.1.201703061524/tools/compiler/bin/../lib/gcc/arm-none-eabi/5.4.1/../../../../arm-none-eabi/lib/armv7e-m/fpu/libm.a(lib_a-k_rem_pio2.o)
                0x00000000080091d8                __kernel_rem_pio2
 .text.__kernel_sin
                0x00000000080099f8      0x194 /Users/Sebastian/.p2/pool/plugins/fr.ac6.mcu.externaltools.arm-none.macos64_1.13.1.201703061524/tools/compiler/bin/../lib/gcc/arm-none-eabi/5.4.1/../../../../arm-none-eabi/lib/armv7e-m/fpu/libm.a(lib_a-k_sin.o)
                0x00000000080099f8                __kernel_sin
 .text.fabs     0x0000000008009b8c       0x10 /Users/Sebastian/.p2/pool/plugins/fr.ac6.mcu.externaltools.arm-none.macos64_1.13.1.201703061524/tools/compiler/bin/../lib/gcc/arm-none-eabi/5.4.1/../../../../arm-none-eabi/lib/armv7e-m/fpu/libm.a(lib_a-s_fabs.o)
                0x0000000008009b8c                fabs
 *fill*         0x0000000008009b9c        0x4 
 .text.floor    0x0000000008009ba0      0x120 /Users/Sebastian/.p2/pool/plugins/fr.ac6.mcu.externaltools.arm-none.macos64_1.13.1.201703061524/tools/compiler/bin/../lib/gcc/arm-none-eabi/5.4.1/../../../../arm-none-eabi/lib/armv7e-m/fpu/libm.a(lib_a-s_floor.o)
                0x0000000008009ba0                floor
 .text.matherr  0x0000000008009cc0        0x4 /Users/Sebastian/.p2/pool/plugins/fr.ac6.mcu.externaltools.arm-none.macos64_1.13.1.201703061524/tools/compiler/bin/../lib/gcc/arm-none-eabi/5.4.1/../../../../arm-none-eabi/lib/armv7e-m/fpu/libm.a(lib_a-s_matherr.o)
                0x0000000008009cc0                matherr
 *fill*         0x0000000008009cc4        0x4 
 .text.nan      0x0000000008009cc8       0x10 /Users/Sebastian/.p2/pool/plugins/fr.ac6.mcu.externaltools.arm-none.macos64_1.13.1.201703061524/tools/compiler/bin/../lib/gcc/arm-none-eabi/5.4.1/../../../../arm-none-eabi/lib/armv7e-m/fpu/libm.a(lib_a-s_nan.o)
                0x0000000008009cc8                nan
 .text.scalbn   0x0000000008009cd8      0x10c /Users/Sebastian/.p2/pool/plugins/fr.ac6.mcu.externaltools.arm-none.macos64_1.13.1.201703061524/tools/compiler/bin/../lib/gcc/arm-none-eabi/5.4.1/../../../../arm-none-eabi/lib/armv7e-m/fpu/libm.a(lib_a-s_scalbn.o)
                0x0000000008009cd8                scalbn
 .text.copysign
                0x0000000008009de4       0x1c /Users/Sebastian/.p2/pool/plugins/fr.ac6.mcu.externaltools.arm-none.macos64_1.13.1.201703061524/tools/compiler/bin/../lib/gcc/arm-none-eabi/5.4.1/../../../../arm-none-eabi/lib/armv7e-m/fpu/libm.a(lib_a-s_copysign.o)
                0x0000000008009de4                copysign
 *(.glue_7)
 .glue_7        0x0000000008009e00        0x0 linker stubs
 *(.glue_7t)
 .glue_7t       0x0000000008009e00        0x0 linker stubs
 *(.eh_frame)
 .eh_frame      0x0000000008009e00        0x0 /Users/Sebastian/.p2/pool/plugins/fr.ac6.mcu.externaltools.arm-none.macos64_1.13.1.201703061524/tools/compiler/bin/../lib/gcc/arm-none-eabi/5.4.1/armv7e-m/fpu/crtbegin.o
 *(.init)
 .init          0x0000000008009e00        0x4 /Users/Sebastian/.p2/pool/plugins/fr.ac6.mcu.externaltools.arm-none.macos64_1.13.1.201703061524/tools/compiler/bin/../lib/gcc/arm-none-eabi/5.4.1/armv7e-m/fpu/crti.o
                0x0000000008009e00                _init
 .init          0x0000000008009e04        0x8 /Users/Sebastian/.p2/pool/plugins/fr.ac6.mcu.externaltools.arm-none.macos64_1.13.1.201703061524/tools/compiler/bin/../lib/gcc/arm-none-eabi/5.4.1/armv7e-m/fpu/crtn.o
 *(.fini)
 .fini          0x0000000008009e0c        0x4 /Users/Sebastian/.p2/pool/plugins/fr.ac6.mcu.externaltools.arm-none.macos64_1.13.1.201703061524/tools/compiler/bin/../lib/gcc/arm-none-eabi/5.4.1/armv7e-m/fpu/crti.o
                0x0000000008009e0c                _fini
 .fini          0x0000000008009e10        0x8 /Users/Sebastian/.p2/pool/plugins/fr.ac6.mcu.externaltools.arm-none.macos64_1.13.1.201703061524/tools/compiler/bin/../lib/gcc/arm-none-eabi/5.4.1/armv7e-m/fpu/crtn.o
                0x0000000008009e18                . = ALIGN (0x4)
                0x0000000008009e18                _etext = .

.vfp11_veneer   0x0000000008009e18        0x0
 .vfp11_veneer  0x0000000008009e18        0x0 linker stubs

.v4_bx          0x0000000008009e18        0x0
 .v4_bx         0x0000000008009e18        0x0 linker stubs

.iplt           0x0000000008009e18        0x0
 .iplt          0x0000000008009e18        0x0 /Users/Sebastian/.p2/pool/plugins/fr.ac6.mcu.externaltools.arm-none.macos64_1.13.1.201703061524/tools/compiler/bin/../lib/gcc/arm-none-eabi/5.4.1/armv7e-m/fpu/crtbegin.o

.rodata         0x0000000008009e18     0x3328
                0x0000000008009e18                . = ALIGN (0x4)
 *(.rodata)
 .rodata        0x0000000008009e18        0xc driver/sdio.o
 .rodata        0x0000000008009e24       0x4c igc/igc.o
                0x0000000008009e30                g_key
 .rodata        0x0000000008009e70      0x200 igc/md5.o
                0x0000000008009e70                k
                0x0000000008009f70                r
 .rodata        0x000000000800a070     0x29f8 src/DOGXL240.o
                0x000000000800a070                font6x8
                0x000000000800a870                font12x16
                0x000000000800c870                number16x20
                0x000000000800ca28                battery12x8
 *(.rodata*)
 .rodata.str1.4
                0x000000000800ca68      0x17a igc/igc.o
                                        0x17e (size before relaxing)
 *fill*         0x000000000800cbe2        0x2 
 .rodata.str1.4
                0x000000000800cbe4      0x36c src/gui.o
                                        0x37c (size before relaxing)
 .rodata._global_impure_ptr
                0x000000000800cf50        0x4 /Users/Sebastian/.p2/pool/plugins/fr.ac6.mcu.externaltools.arm-none.macos64_1.13.1.201703061524/tools/compiler/bin/../lib/gcc/arm-none-eabi/5.4.1/../../../../arm-none-eabi/lib/armv7e-m/fpu/libc.a(lib_a-impure.o)
                0x000000000800cf50                _global_impure_ptr
 .rodata.str1.4
                0x000000000800cf54        0x5 /Users/Sebastian/.p2/pool/plugins/fr.ac6.mcu.externaltools.arm-none.macos64_1.13.1.201703061524/tools/compiler/bin/../lib/gcc/arm-none-eabi/5.4.1/../../../../arm-none-eabi/lib/armv7e-m/fpu/libm.a(lib_a-w_asin.o)
                                          0x9 (size before relaxing)
 *fill*         0x000000000800cf59        0x3 
 .rodata.str1.4
                0x000000000800cf5c        0x8 /Users/Sebastian/.p2/pool/plugins/fr.ac6.mcu.externaltools.arm-none.macos64_1.13.1.201703061524/tools/compiler/bin/../lib/gcc/arm-none-eabi/5.4.1/../../../../arm-none-eabi/lib/armv7e-m/fpu/libm.a(lib_a-wf_sqrt.o)
                                          0x6 (size before relaxing)
 .rodata.npio2_hw
                0x000000000800cf64       0x80 /Users/Sebastian/.p2/pool/plugins/fr.ac6.mcu.externaltools.arm-none.macos64_1.13.1.201703061524/tools/compiler/bin/../lib/gcc/arm-none-eabi/5.4.1/../../../../arm-none-eabi/lib/armv7e-m/fpu/libm.a(lib_a-e_rem_pio2.o)
 .rodata.two_over_pi
                0x000000000800cfe4      0x108 /Users/Sebastian/.p2/pool/plugins/fr.ac6.mcu.externaltools.arm-none.macos64_1.13.1.201703061524/tools/compiler/bin/../lib/gcc/arm-none-eabi/5.4.1/../../../../arm-none-eabi/lib/armv7e-m/fpu/libm.a(lib_a-e_rem_pio2.o)
 .rodata.init_jk
                0x000000000800d0ec       0x10 /Users/Sebastian/.p2/pool/plugins/fr.ac6.mcu.externaltools.arm-none.macos64_1.13.1.201703061524/tools/compiler/bin/../lib/gcc/arm-none-eabi/5.4.1/../../../../arm-none-eabi/lib/armv7e-m/fpu/libm.a(lib_a-k_rem_pio2.o)
 *fill*         0x000000000800d0fc        0x4 
 .rodata.PIo2   0x000000000800d100       0x40 /Users/Sebastian/.p2/pool/plugins/fr.ac6.mcu.externaltools.arm-none.macos64_1.13.1.201703061524/tools/compiler/bin/../lib/gcc/arm-none-eabi/5.4.1/../../../../arm-none-eabi/lib/armv7e-m/fpu/libm.a(lib_a-k_rem_pio2.o)
                0x000000000800d140                . = ALIGN (0x4)

.rel.dyn        0x000000000800d140        0x0
 .rel.iplt      0x000000000800d140        0x0 /Users/Sebastian/.p2/pool/plugins/fr.ac6.mcu.externaltools.arm-none.macos64_1.13.1.201703061524/tools/compiler/bin/../lib/gcc/arm-none-eabi/5.4.1/armv7e-m/fpu/crtbegin.o

.ARM.extab      0x000000000800d140        0x0
                0x000000000800d140                . = ALIGN (0x4)
 *(.ARM.extab* .gnu.linkonce.armextab.*)
                0x000000000800d140                . = ALIGN (0x4)

.ARM            0x000000000800d140        0x0
                0x000000000800d140                . = ALIGN (0x4)
                0x000000000800d140                __exidx_start = .
 *(.ARM.exidx*)
                0x000000000800d140                __exidx_end = .
                0x000000000800d140                . = ALIGN (0x4)

.preinit_array  0x000000000800d140        0x0
                0x000000000800d140                . = ALIGN (0x4)
                0x000000000800d140                PROVIDE (__preinit_array_start, .)
 *(.preinit_array*)
                0x000000000800d140                PROVIDE (__preinit_array_end, .)
                0x000000000800d140                . = ALIGN (0x4)

.init_array     0x000000000800d140        0x8
                0x000000000800d140                . = ALIGN (0x4)
                0x000000000800d140                PROVIDE (__init_array_start, .)
 *(SORT(.init_array.*))
 .init_array.00000
                0x000000000800d140        0x4 /Users/Sebastian/.p2/pool/plugins/fr.ac6.mcu.externaltools.arm-none.macos64_1.13.1.201703061524/tools/compiler/bin/../lib/gcc/arm-none-eabi/5.4.1/../../../../arm-none-eabi/lib/armv7e-m/fpu/libc.a(lib_a-__call_atexit.o)
 *(.init_array*)
 .init_array    0x000000000800d144        0x4 /Users/Sebastian/.p2/pool/plugins/fr.ac6.mcu.externaltools.arm-none.macos64_1.13.1.201703061524/tools/compiler/bin/../lib/gcc/arm-none-eabi/5.4.1/armv7e-m/fpu/crtbegin.o
                0x000000000800d148                PROVIDE (__init_array_end, .)
                0x000000000800d148                . = ALIGN (0x4)

.fini_array     0x000000000800d148        0x4
                0x000000000800d148                . = ALIGN (0x4)
                0x000000000800d148                PROVIDE (__fini_array_start, .)
 *(SORT(.fini_array.*))
 *(.fini_array*)
 .fini_array    0x000000000800d148        0x4 /Users/Sebastian/.p2/pool/plugins/fr.ac6.mcu.externaltools.arm-none.macos64_1.13.1.201703061524/tools/compiler/bin/../lib/gcc/arm-none-eabi/5.4.1/armv7e-m/fpu/crtbegin.o
                0x000000000800d14c                PROVIDE (__fini_array_end, .)
                0x000000000800d14c                . = ALIGN (0x4)
                0x000000000800d14c                _sidata = LOADADDR (.data)

.data           0x0000000020000000      0x460 load address 0x000000000800d14c
                0x0000000020000000                . = ALIGN (0x4)
                0x0000000020000000                _sdata = .
 *(.data)
 .data          0x0000000020000000       0x10 StdPeriph_Driver/src/stm32f4xx_rcc.o
 .data          0x0000000020000010       0x18 src/datafusion.o
                0x0000000020000010                R0
                0x0000000020000014                ps
                0x0000000020000018                flagfirst
                0x000000002000001c                ts
                0x0000000020000020                d
                0x0000000020000024                T
 .data          0x0000000020000028        0x1 src/gui.o
                0x0000000020000028                menu
 .data          0x0000000020000029        0x1 src/vario.o
                0x0000000020000029                state_sinktone
 *(.data*)
 *fill*         0x000000002000002a        0x6 
 .data.impure_data
                0x0000000020000030      0x428 /Users/Sebastian/.p2/pool/plugins/fr.ac6.mcu.externaltools.arm-none.macos64_1.13.1.201703061524/tools/compiler/bin/../lib/gcc/arm-none-eabi/5.4.1/../../../../arm-none-eabi/lib/armv7e-m/fpu/libc.a(lib_a-impure.o)
 .data._impure_ptr
                0x0000000020000458        0x4 /Users/Sebastian/.p2/pool/plugins/fr.ac6.mcu.externaltools.arm-none.macos64_1.13.1.201703061524/tools/compiler/bin/../lib/gcc/arm-none-eabi/5.4.1/../../../../arm-none-eabi/lib/armv7e-m/fpu/libc.a(lib_a-impure.o)
                0x0000000020000458                _impure_ptr
 .data.__fdlib_version
                0x000000002000045c        0x1 /Users/Sebastian/.p2/pool/plugins/fr.ac6.mcu.externaltools.arm-none.macos64_1.13.1.201703061524/tools/compiler/bin/../lib/gcc/arm-none-eabi/5.4.1/../../../../arm-none-eabi/lib/armv7e-m/fpu/libm.a(lib_a-s_lib_ver.o)
                0x000000002000045c                __fdlib_version
                0x0000000020000460                . = ALIGN (0x4)
 *fill*         0x000000002000045d        0x3 
                0x0000000020000460                _edata = .

.jcr            0x0000000020000460        0x0 load address 0x000000000800d5ac
 .jcr           0x0000000020000460        0x0 /Users/Sebastian/.p2/pool/plugins/fr.ac6.mcu.externaltools.arm-none.macos64_1.13.1.201703061524/tools/compiler/bin/../lib/gcc/arm-none-eabi/5.4.1/armv7e-m/fpu/crtbegin.o

.igot.plt       0x0000000020000460        0x0 load address 0x000000000800d5ac
 .igot.plt      0x0000000020000460        0x0 /Users/Sebastian/.p2/pool/plugins/fr.ac6.mcu.externaltools.arm-none.macos64_1.13.1.201703061524/tools/compiler/bin/../lib/gcc/arm-none-eabi/5.4.1/armv7e-m/fpu/crtbegin.o
                0x0000000020000460                . = ALIGN (0x4)

.bss            0x0000000020000460     0x4c00 load address 0x000000000800d5ac
                0x0000000020000460                _sbss = .
                0x0000000020000460                __bss_start__ = _sbss
 *(.bss)
 .bss           0x0000000020000460       0x1c /Users/Sebastian/.p2/pool/plugins/fr.ac6.mcu.externaltools.arm-none.macos64_1.13.1.201703061524/tools/compiler/bin/../lib/gcc/arm-none-eabi/5.4.1/armv7e-m/fpu/crtbegin.o
 .bss           0x000000002000047c        0x8 driver/i2c.o
                0x000000002000047c                ch_i2c_error
                0x0000000020000480                l_timeout
 .bss           0x0000000020000484        0x4 src/DOGXL240.o
                0x0000000020000484                plcd_DOGXL
 .bss           0x0000000020000488       0xb8 src/datafusion.o
                0x0000000020000488                hdg
                0x000000002000048c                hdg_last
                0x0000000020000490                dir_turn
                0x0000000020000491                data_ptr
                0x0000000020000492                data_cnt
                0x0000000020000494                wgx0
                0x0000000020000498                wgy0
                0x000000002000049c                u
                0x00000000200004a0                yi1
                0x00000000200004a4                ui1
                0x00000000200004a8                yi2
                0x00000000200004ac                sub
                0x00000000200004b0                y
                0x00000000200004b4                Time
                0x00000000200004b8                tcnt
                0x00000000200004b9                dir_last
                0x00000000200004ba                timecnt
                0x00000000200004bc                timeclimbav
                0x00000000200004c0                timeclimbarray
                0x0000000020000538                ui2
                0x000000002000053c                dh
 .bss           0x0000000020000540       0x18 src/gps.o
                0x0000000020000540                Wr_Idx
                0x0000000020000544                currentDMA
                0x0000000020000546                lastDMA
                0x0000000020000548                Rd_Cnt
                0x000000002000054c                Rd_Idx
                0x0000000020000550                ptr
                0x0000000020000554                deccnt
                0x0000000020000555                dedeccnt
                0x0000000020000556                predeccnt
                0x0000000020000557                cnt
 .bss           0x0000000020000558        0x4 src/gui.o
                0x0000000020000558                tempo
                0x000000002000055a                ch_status_counter
                0x000000002000055b                submenu
 .bss           0x000000002000055c        0x9 src/ipc.o
                0x000000002000055c                memory_data_idx
                0x0000000020000560                memory_queue_idx
                0x0000000020000564                queue_cnt
 *fill*         0x0000000020000565        0x3 
 .bss           0x0000000020000568        0x8 src/main.o
                0x0000000020000568                l_count_tick
                0x000000002000056c                error_var
 .bss           0x0000000020000570        0x8 src/ms5611.o
                0x0000000020000570                pressure
                0x0000000020000574                calib_pressure
 .bss           0x0000000020000578        0x4 src/vario.o
                0x0000000020000578                freque
                0x000000002000057a                volu
                0x000000002000057b                peri
 *(.bss*)
 *(COMMON)
 COMMON         0x000000002000057c        0xc driver/sdio.o
                0x000000002000057c                sys
                0x0000000020000580                dir
                0x0000000020000584                SD
 COMMON         0x0000000020000588      0x3f7 igc/igc.o
                0x0000000020000588                p_ipc_gui_keypad_data
                0x0000000020000590                IGC
                0x00000000200007b8                BaroData
                0x00000000200007bc                IgcCmd
                0x00000000200007c8                GpsData
                0x00000000200007cc                sd
                0x00000000200007d0                IgcInfo
 *fill*         0x000000002000097f        0x1 
 COMMON         0x0000000020000980        0x4 src/BMS.o
                0x0000000020000980                pBMS
 COMMON         0x0000000020000984      0x414 src/datafusion.o
                0x0000000020000984                vgps
                0x0000000020000b84                psi
                0x0000000020000d84                ipc_df_data
                0x0000000020000d88                ipc_df_gps_data
                0x0000000020000d8c                timeclimbh
                0x0000000020000d94                df_data
 COMMON         0x0000000020000d98      0x367 src/gps.o
                0x0000000020000d98                dedec
                0x0000000020000da4                DMABuff
                0x0000000020000fa4                buff
                0x0000000020000fd8                predec
                0x0000000020000fe4                p_GPS_data
                0x0000000020000fe8                msg_buff
                0x00000000200010e8                pDMABuff
                0x00000000200010ec                UBX_beg
                0x00000000200010f0                act_VTG
 *fill*         0x00000000200010ff        0x1 
 COMMON         0x0000000020001100       0x24 src/gui.o
                0x0000000020001100                InfoBox
                0x0000000020001104                p_ipc_gui_gps_data
                0x0000000020001108                p_ipc_gui_df_data
                0x000000002000110c                GUI_cmd
                0x0000000020001118                p_ipc_gui_sd_data
                0x000000002000111c                p_ipc_gui_ms5611_data
                0x0000000020001120                p_ipc_gui_bms_data
 COMMON         0x0000000020001124     0x3c28 src/ipc.o
                0x0000000020001124                ipc_data_memory
                0x0000000020003834                queues
                0x0000000020003924                memory_queue_did
                0x0000000020003974                ipc_queue_memory
                0x0000000020004cfc                memory_data_did
 COMMON         0x0000000020004d4c      0x27e src/logging.o
                0x0000000020004d4c                LogInfo
                0x0000000020004d6c                sensor
                0x0000000020004da4                Log
 *fill*         0x0000000020004fca        0x6 
 COMMON         0x0000000020004fd0       0x68 src/ms5611.o
                0x0000000020004fd0                T2
                0x0000000020004fd8                C1
                0x0000000020004fdc                C3
                0x0000000020004fe0                dT
                0x0000000020004fe8                Off2
                0x0000000020004ff0                Off
                0x0000000020004ff8                Temp
                0x0000000020004ffc                msdata
                0x0000000020005000                C2
                0x0000000020005004                C6
                0x0000000020005008                C0
                0x0000000020005010                Sens
                0x0000000020005018                D2
                0x0000000020005020                Sens2
                0x0000000020005028                C5
                0x000000002000502c                C4
                0x0000000020005030                D1
                0x0000000020005034                CRC_MS
 COMMON         0x0000000020005038       0x13 src/sound.o
                0x0000000020005038                sound_command
                0x0000000020005044                sound_state
 *fill*         0x000000002000504b        0x1 
 COMMON         0x000000002000504c       0x14 src/vario.o
                0x000000002000504c                p_ipc_v_df_data
                0x0000000020005050                vario_command
                0x000000002000505c                temp_climb
                0x0000000020005060                . = ALIGN (0x4)
                0x0000000020005060                _ebss = .
                0x0000000020005060                __bss_end__ = _ebss

._user_heap_stack
                0x0000000020005060      0x400 load address 0x000000000800d5ac
                0x0000000020005060                . = ALIGN (0x8)
                0x0000000020005060                PROVIDE (end, .)
                [!provide]                        PROVIDE (_end, .)
                0x0000000020005060                . = (. + _Min_Heap_Size)
                0x0000000020005460                . = (. + _Min_Stack_Size)
 *fill*         0x0000000020005060      0x400 
                0x0000000020005460                . = ALIGN (0x8)

/DISCARD/
 libc.a(*)
 libm.a(*)
 libgcc.a(*)

.ARM.attributes
                0x0000000000000000       0x30
 *(.ARM.attributes)
 .ARM.attributes
                0x0000000000000000       0x22 /Users/Sebastian/.p2/pool/plugins/fr.ac6.mcu.externaltools.arm-none.macos64_1.13.1.201703061524/tools/compiler/bin/../lib/gcc/arm-none-eabi/5.4.1/armv7e-m/fpu/crti.o
 .ARM.attributes
                0x0000000000000022       0x34 /Users/Sebastian/.p2/pool/plugins/fr.ac6.mcu.externaltools.arm-none.macos64_1.13.1.201703061524/tools/compiler/bin/../lib/gcc/arm-none-eabi/5.4.1/armv7e-m/fpu/crtbegin.o
 .ARM.attributes
                0x0000000000000056       0x39 StdPeriph_Driver/src/misc.o
 .ARM.attributes
                0x000000000000008f       0x39 StdPeriph_Driver/src/stm32f4xx_dma.o
 .ARM.attributes
                0x00000000000000c8       0x39 StdPeriph_Driver/src/stm32f4xx_exti.o
 .ARM.attributes
                0x0000000000000101       0x39 StdPeriph_Driver/src/stm32f4xx_gpio.o
 .ARM.attributes
                0x000000000000013a       0x39 StdPeriph_Driver/src/stm32f4xx_rcc.o
 .ARM.attributes
                0x0000000000000173       0x39 StdPeriph_Driver/src/stm32f4xx_syscfg.o
 .ARM.attributes
                0x00000000000001ac       0x39 StdPeriph_Driver/src/stm32f4xx_tim.o
 .ARM.attributes
                0x00000000000001e5       0x39 StdPeriph_Driver/src/stm32f4xx_usart.o
 .ARM.attributes
                0x000000000000021e       0x39 driver/i2c.o
 .ARM.attributes
                0x0000000000000257       0x39 driver/sdio.o
 .ARM.attributes
                0x0000000000000290       0x39 driver/spi.o
 .ARM.attributes
                0x00000000000002c9       0x39 igc/igc.o
 .ARM.attributes
                0x0000000000000302       0x39 igc/md5.o
 .ARM.attributes
                0x000000000000033b       0x39 src/BMS.o
 .ARM.attributes
                0x0000000000000374       0x39 src/DOGXL240.o
 .ARM.attributes
                0x00000000000003ad       0x39 src/datafusion.o
 .ARM.attributes
                0x00000000000003e6       0x39 src/exti.o
 .ARM.attributes
                0x000000000000041f       0x39 src/gps.o
 .ARM.attributes
                0x0000000000000458       0x39 src/gui.o
 .ARM.attributes
                0x0000000000000491       0x39 src/ipc.o
 .ARM.attributes
                0x00000000000004ca       0x39 src/logging.o
 .ARM.attributes
                0x0000000000000503       0x39 src/main.o
 .ARM.attributes
                0x000000000000053c       0x39 src/ms5611.o
 .ARM.attributes
                0x0000000000000575       0x39 src/oVario_Framework.o
 .ARM.attributes
                0x00000000000005ae       0x39 src/sound.o
 .ARM.attributes
                0x00000000000005e7       0x39 src/timer.o
 .ARM.attributes
                0x0000000000000620       0x39 src/vario.o
 .ARM.attributes
                0x0000000000000659       0x21 startup/startup_stm32.o
 .ARM.attributes
                0x000000000000067a       0x22 /Users/Sebastian/.p2/pool/plugins/fr.ac6.mcu.externaltools.arm-none.macos64_1.13.1.201703061524/tools/compiler/bin/../lib/gcc/arm-none-eabi/5.4.1/armv7e-m/fpu/libgcc.a(_arm_addsubdf3.o)
 .ARM.attributes
                0x000000000000069c       0x22 /Users/Sebastian/.p2/pool/plugins/fr.ac6.mcu.externaltools.arm-none.macos64_1.13.1.201703061524/tools/compiler/bin/../lib/gcc/arm-none-eabi/5.4.1/armv7e-m/fpu/libgcc.a(_arm_muldivdf3.o)
 .ARM.attributes
                0x00000000000006be       0x22 /Users/Sebastian/.p2/pool/plugins/fr.ac6.mcu.externaltools.arm-none.macos64_1.13.1.201703061524/tools/compiler/bin/../lib/gcc/arm-none-eabi/5.4.1/armv7e-m/fpu/libgcc.a(_arm_cmpdf2.o)
 .ARM.attributes
                0x00000000000006e0       0x22 /Users/Sebastian/.p2/pool/plugins/fr.ac6.mcu.externaltools.arm-none.macos64_1.13.1.201703061524/tools/compiler/bin/../lib/gcc/arm-none-eabi/5.4.1/armv7e-m/fpu/libgcc.a(_arm_truncdfsf2.o)
 .ARM.attributes
                0x0000000000000702       0x22 /Users/Sebastian/.p2/pool/plugins/fr.ac6.mcu.externaltools.arm-none.macos64_1.13.1.201703061524/tools/compiler/bin/../lib/gcc/arm-none-eabi/5.4.1/armv7e-m/fpu/libgcc.a(_arm_addsubsf3.o)
 .ARM.attributes
                0x0000000000000724       0x34 /Users/Sebastian/.p2/pool/plugins/fr.ac6.mcu.externaltools.arm-none.macos64_1.13.1.201703061524/tools/compiler/bin/../lib/gcc/arm-none-eabi/5.4.1/../../../../arm-none-eabi/lib/armv7e-m/fpu/libc.a(lib_a-errno.o)
 .ARM.attributes
                0x0000000000000758       0x34 /Users/Sebastian/.p2/pool/plugins/fr.ac6.mcu.externaltools.arm-none.macos64_1.13.1.201703061524/tools/compiler/bin/../lib/gcc/arm-none-eabi/5.4.1/../../../../arm-none-eabi/lib/armv7e-m/fpu/libc.a(lib_a-impure.o)
 .ARM.attributes
                0x000000000000078c       0x34 /Users/Sebastian/.p2/pool/plugins/fr.ac6.mcu.externaltools.arm-none.macos64_1.13.1.201703061524/tools/compiler/bin/../lib/gcc/arm-none-eabi/5.4.1/../../../../arm-none-eabi/lib/armv7e-m/fpu/libc.a(lib_a-init.o)
 .ARM.attributes
                0x00000000000007c0       0x34 /Users/Sebastian/.p2/pool/plugins/fr.ac6.mcu.externaltools.arm-none.macos64_1.13.1.201703061524/tools/compiler/bin/../lib/gcc/arm-none-eabi/5.4.1/../../../../arm-none-eabi/lib/armv7e-m/fpu/libc.a(lib_a-__call_atexit.o)
 .ARM.attributes
                0x00000000000007f4       0x34 /Users/Sebastian/.p2/pool/plugins/fr.ac6.mcu.externaltools.arm-none.macos64_1.13.1.201703061524/tools/compiler/bin/../lib/gcc/arm-none-eabi/5.4.1/../../../../arm-none-eabi/lib/armv7e-m/fpu/libc.a(lib_a-atexit.o)
 .ARM.attributes
                0x0000000000000828       0x34 /Users/Sebastian/.p2/pool/plugins/fr.ac6.mcu.externaltools.arm-none.macos64_1.13.1.201703061524/tools/compiler/bin/../lib/gcc/arm-none-eabi/5.4.1/../../../../arm-none-eabi/lib/armv7e-m/fpu/libc.a(lib_a-fini.o)
 .ARM.attributes
                0x000000000000085c       0x34 /Users/Sebastian/.p2/pool/plugins/fr.ac6.mcu.externaltools.arm-none.macos64_1.13.1.201703061524/tools/compiler/bin/../lib/gcc/arm-none-eabi/5.4.1/../../../../arm-none-eabi/lib/armv7e-m/fpu/libc.a(lib_a-__atexit.o)
 .ARM.attributes
                0x0000000000000890       0x22 /Users/Sebastian/.p2/pool/plugins/fr.ac6.mcu.externaltools.arm-none.macos64_1.13.1.201703061524/tools/compiler/bin/../lib/gcc/arm-none-eabi/5.4.1/armv7e-m/fpu/crtn.o
OUTPUT(OTP15_oVario.elf elf32-littlearm)

.debug_info     0x0000000000000000    0x170c0
 .debug_info    0x0000000000000000      0x564 StdPeriph_Driver/src/misc.o
 .debug_info    0x0000000000000564      0x749 StdPeriph_Driver/src/stm32f4xx_dma.o
 .debug_info    0x0000000000000cad      0x352 StdPeriph_Driver/src/stm32f4xx_exti.o
 .debug_info    0x0000000000000fff      0x84e StdPeriph_Driver/src/stm32f4xx_gpio.o
 .debug_info    0x000000000000184d      0xea9 StdPeriph_Driver/src/stm32f4xx_rcc.o
 .debug_info    0x00000000000026f6      0x2e1 StdPeriph_Driver/src/stm32f4xx_syscfg.o
 .debug_info    0x00000000000029d7     0x21c2 StdPeriph_Driver/src/stm32f4xx_tim.o
 .debug_info    0x0000000000004b99      0xb9d StdPeriph_Driver/src/stm32f4xx_usart.o
 .debug_info    0x0000000000005736      0x7ff driver/i2c.o
 .debug_info    0x0000000000005f35     0x2801 driver/sdio.o
 .debug_info    0x0000000000008736      0x4c7 driver/spi.o
 .debug_info    0x0000000000008bfd     0x17d3 igc/igc.o
 .debug_info    0x000000000000a3d0      0x4f5 igc/md5.o
 .debug_info    0x000000000000a8c5      0xc91 src/BMS.o
 .debug_info    0x000000000000b556     0x1954 src/DOGXL240.o
 .debug_info    0x000000000000ceaa      0xc0d src/datafusion.o
 .debug_info    0x000000000000dab7      0xb11 src/exti.o
 .debug_info    0x000000000000e5c8     0x17aa src/gps.o
 .debug_info    0x000000000000fd72     0x3559 src/gui.o
 .debug_info    0x00000000000132cb      0x411 src/ipc.o
 .debug_info    0x00000000000136dc      0x819 src/logging.o
 .debug_info    0x0000000000013ef5      0x3e7 src/main.o
 .debug_info    0x00000000000142dc      0x7f0 src/ms5611.o
 .debug_info    0x0000000000014acc      0xbce src/oVario_Framework.o
 .debug_info    0x000000000001569a      0xcea src/sound.o
 .debug_info    0x0000000000016384      0x635 src/timer.o
 .debug_info    0x00000000000169b9      0x68d src/vario.o
 .debug_info    0x0000000000017046       0x7a startup/startup_stm32.o

.debug_abbrev   0x0000000000000000     0x3322
 .debug_abbrev  0x0000000000000000      0x15b StdPeriph_Driver/src/misc.o
 .debug_abbrev  0x000000000000015b      0x17a StdPeriph_Driver/src/stm32f4xx_dma.o
 .debug_abbrev  0x00000000000002d5      0x1cc StdPeriph_Driver/src/stm32f4xx_exti.o
 .debug_abbrev  0x00000000000004a1      0x1e5 StdPeriph_Driver/src/stm32f4xx_gpio.o
 .debug_abbrev  0x0000000000000686      0x1e7 StdPeriph_Driver/src/stm32f4xx_rcc.o
 .debug_abbrev  0x000000000000086d      0x164 StdPeriph_Driver/src/stm32f4xx_syscfg.o
 .debug_abbrev  0x00000000000009d1      0x273 StdPeriph_Driver/src/stm32f4xx_tim.o
 .debug_abbrev  0x0000000000000c44      0x1be StdPeriph_Driver/src/stm32f4xx_usart.o
 .debug_abbrev  0x0000000000000e02      0x19e driver/i2c.o
 .debug_abbrev  0x0000000000000fa0      0x2b0 driver/sdio.o
 .debug_abbrev  0x0000000000001250       0xed driver/spi.o
 .debug_abbrev  0x000000000000133d      0x28f igc/igc.o
 .debug_abbrev  0x00000000000015cc      0x1dc igc/md5.o
 .debug_abbrev  0x00000000000017a8      0x1b6 src/BMS.o
 .debug_abbrev  0x000000000000195e      0x2fc src/DOGXL240.o
 .debug_abbrev  0x0000000000001c5a      0x2fa src/datafusion.o
 .debug_abbrev  0x0000000000001f54      0x188 src/exti.o
 .debug_abbrev  0x00000000000020dc      0x27d src/gps.o
 .debug_abbrev  0x0000000000002359      0x25c src/gui.o
 .debug_abbrev  0x00000000000025b5      0x157 src/ipc.o
 .debug_abbrev  0x000000000000270c      0x1c6 src/logging.o
 .debug_abbrev  0x00000000000028d2       0xf6 src/main.o
 .debug_abbrev  0x00000000000029c8      0x172 src/ms5611.o
 .debug_abbrev  0x0000000000002b3a      0x26b src/oVario_Framework.o
 .debug_abbrev  0x0000000000002da5      0x1c9 src/sound.o
 .debug_abbrev  0x0000000000002f6e      0x18b src/timer.o
 .debug_abbrev  0x00000000000030f9      0x217 src/vario.o
 .debug_abbrev  0x0000000000003310       0x12 startup/startup_stm32.o

.debug_loc      0x0000000000000000     0x9159
 .debug_loc     0x0000000000000000      0x18e StdPeriph_Driver/src/misc.o
 .debug_loc     0x000000000000018e      0x48b StdPeriph_Driver/src/stm32f4xx_dma.o
 .debug_loc     0x0000000000000619      0x167 StdPeriph_Driver/src/stm32f4xx_exti.o
 .debug_loc     0x0000000000000780      0x304 StdPeriph_Driver/src/stm32f4xx_gpio.o
 .debug_loc     0x0000000000000a84      0xc3e StdPeriph_Driver/src/stm32f4xx_rcc.o
 .debug_loc     0x00000000000016c2       0xa6 StdPeriph_Driver/src/stm32f4xx_syscfg.o
 .debug_loc     0x0000000000001768     0x1c12 StdPeriph_Driver/src/stm32f4xx_tim.o
 .debug_loc     0x000000000000337a      0x806 StdPeriph_Driver/src/stm32f4xx_usart.o
 .debug_loc     0x0000000000003b80      0x6a6 driver/i2c.o
 .debug_loc     0x0000000000004226     0x1767 driver/sdio.o
 .debug_loc     0x000000000000598d      0x5de igc/igc.o
 .debug_loc     0x0000000000005f6b      0x40b igc/md5.o
 .debug_loc     0x0000000000006376      0x13b src/BMS.o
 .debug_loc     0x00000000000064b1     0x116d src/DOGXL240.o
 .debug_loc     0x000000000000761e      0x22c src/datafusion.o
 .debug_loc     0x000000000000784a      0x3f0 src/gps.o
 .debug_loc     0x0000000000007c3a      0x690 src/gui.o
 .debug_loc     0x00000000000082ca      0x300 src/ipc.o
 .debug_loc     0x00000000000085ca      0x370 src/logging.o
 .debug_loc     0x000000000000893a       0x22 src/ms5611.o
 .debug_loc     0x000000000000895c      0x58d src/oVario_Framework.o
 .debug_loc     0x0000000000008ee9       0xa7 src/sound.o
 .debug_loc     0x0000000000008f90       0x4b src/timer.o
 .debug_loc     0x0000000000008fdb      0x17e src/vario.o

.debug_aranges  0x0000000000000000     0x10f8
 .debug_aranges
                0x0000000000000000       0x40 StdPeriph_Driver/src/misc.o
 .debug_aranges
                0x0000000000000040       0xb0 StdPeriph_Driver/src/stm32f4xx_dma.o
 .debug_aranges
                0x00000000000000f0       0x58 StdPeriph_Driver/src/stm32f4xx_exti.o
 .debug_aranges
                0x0000000000000148       0x88 StdPeriph_Driver/src/stm32f4xx_gpio.o
 .debug_aranges
                0x00000000000001d0      0x1c0 StdPeriph_Driver/src/stm32f4xx_rcc.o
 .debug_aranges
                0x0000000000000390       0x50 StdPeriph_Driver/src/stm32f4xx_syscfg.o
 .debug_aranges
                0x00000000000003e0      0x2e8 StdPeriph_Driver/src/stm32f4xx_tim.o
 .debug_aranges
                0x00000000000006c8      0x100 StdPeriph_Driver/src/stm32f4xx_usart.o
 .debug_aranges
                0x00000000000007c8       0x80 driver/i2c.o
 .debug_aranges
                0x0000000000000848      0x1f0 driver/sdio.o
 .debug_aranges
                0x0000000000000a38       0x28 driver/spi.o
 .debug_aranges
                0x0000000000000a60       0x90 igc/igc.o
 .debug_aranges
                0x0000000000000af0       0x50 igc/md5.o
 .debug_aranges
                0x0000000000000b40       0x68 src/BMS.o
 .debug_aranges
                0x0000000000000ba8       0xf8 src/DOGXL240.o
 .debug_aranges
                0x0000000000000ca0       0x60 src/datafusion.o
 .debug_aranges
                0x0000000000000d00       0x40 src/exti.o
 .debug_aranges
                0x0000000000000d40       0x68 src/gps.o
 .debug_aranges
                0x0000000000000da8       0x98 src/gui.o
 .debug_aranges
                0x0000000000000e40       0x50 src/ipc.o
 .debug_aranges
                0x0000000000000e90       0x50 src/logging.o
 .debug_aranges
                0x0000000000000ee0       0x20 src/main.o
 .debug_aranges
                0x0000000000000f00       0x40 src/ms5611.o
 .debug_aranges
                0x0000000000000f40       0xf8 src/oVario_Framework.o
 .debug_aranges
                0x0000000000001038       0x38 src/sound.o
 .debug_aranges
                0x0000000000001070       0x30 src/timer.o
 .debug_aranges
                0x00000000000010a0       0x30 src/vario.o
 .debug_aranges
                0x00000000000010d0       0x28 startup/startup_stm32.o

.debug_ranges   0x0000000000000000     0x1230
 .debug_ranges  0x0000000000000000       0x30 StdPeriph_Driver/src/misc.o
 .debug_ranges  0x0000000000000030       0xa0 StdPeriph_Driver/src/stm32f4xx_dma.o
 .debug_ranges  0x00000000000000d0       0x48 StdPeriph_Driver/src/stm32f4xx_exti.o
 .debug_ranges  0x0000000000000118       0x78 StdPeriph_Driver/src/stm32f4xx_gpio.o
 .debug_ranges  0x0000000000000190      0x1b0 StdPeriph_Driver/src/stm32f4xx_rcc.o
 .debug_ranges  0x0000000000000340       0x40 StdPeriph_Driver/src/stm32f4xx_syscfg.o
 .debug_ranges  0x0000000000000380      0x2d8 StdPeriph_Driver/src/stm32f4xx_tim.o
 .debug_ranges  0x0000000000000658       0xf0 StdPeriph_Driver/src/stm32f4xx_usart.o
 .debug_ranges  0x0000000000000748       0x70 driver/i2c.o
 .debug_ranges  0x00000000000007b8      0x1f8 driver/sdio.o
 .debug_ranges  0x00000000000009b0       0x18 driver/spi.o
 .debug_ranges  0x00000000000009c8       0x98 igc/igc.o
 .debug_ranges  0x0000000000000a60       0x88 igc/md5.o
 .debug_ranges  0x0000000000000ae8       0x58 src/BMS.o
 .debug_ranges  0x0000000000000b40      0x258 src/DOGXL240.o
 .debug_ranges  0x0000000000000d98       0x68 src/datafusion.o
 .debug_ranges  0x0000000000000e00       0x30 src/exti.o
 .debug_ranges  0x0000000000000e30       0x88 src/gps.o
 .debug_ranges  0x0000000000000eb8       0x88 src/gui.o
 .debug_ranges  0x0000000000000f40       0x70 src/ipc.o
 .debug_ranges  0x0000000000000fb0       0x70 src/logging.o
 .debug_ranges  0x0000000000001020       0x10 src/main.o
 .debug_ranges  0x0000000000001030       0x30 src/ms5611.o
 .debug_ranges  0x0000000000001060      0x148 src/oVario_Framework.o
 .debug_ranges  0x00000000000011a8       0x28 src/sound.o
 .debug_ranges  0x00000000000011d0       0x20 src/timer.o
 .debug_ranges  0x00000000000011f0       0x20 src/vario.o
 .debug_ranges  0x0000000000001210       0x20 startup/startup_stm32.o

.debug_macro    0x0000000000000000    0x15245
 .debug_macro   0x0000000000000000      0x29e StdPeriph_Driver/src/misc.o
 .debug_macro   0x000000000000029e      0x8aa StdPeriph_Driver/src/misc.o
 .debug_macro   0x0000000000000b48       0x65 StdPeriph_Driver/src/misc.o
 .debug_macro   0x0000000000000bad       0x3b StdPeriph_Driver/src/misc.o
 .debug_macro   0x0000000000000be8       0x22 StdPeriph_Driver/src/misc.o
 .debug_macro   0x0000000000000c0a       0x87 StdPeriph_Driver/src/misc.o
 .debug_macro   0x0000000000000c91       0x44 StdPeriph_Driver/src/misc.o
 .debug_macro   0x0000000000000cd5       0xfd StdPeriph_Driver/src/misc.o
 .debug_macro   0x0000000000000dd2       0x5e StdPeriph_Driver/src/misc.o
 .debug_macro   0x0000000000000e30      0x1df StdPeriph_Driver/src/misc.o
 .debug_macro   0x000000000000100f       0x34 StdPeriph_Driver/src/misc.o
 .debug_macro   0x0000000000001043       0x26 StdPeriph_Driver/src/misc.o
 .debug_macro   0x0000000000001069      0xe43 StdPeriph_Driver/src/misc.o
 .debug_macro   0x0000000000001eac     0x91ad StdPeriph_Driver/src/misc.o
 .debug_macro   0x000000000000b059      0x44f StdPeriph_Driver/src/misc.o
 .debug_macro   0x000000000000b4a8       0xac StdPeriph_Driver/src/misc.o
 .debug_macro   0x000000000000b554      0x471 StdPeriph_Driver/src/misc.o
 .debug_macro   0x000000000000b9c5       0xaf StdPeriph_Driver/src/misc.o
 .debug_macro   0x000000000000ba74      0x416 StdPeriph_Driver/src/misc.o
 .debug_macro   0x000000000000be8a      0x2f5 StdPeriph_Driver/src/misc.o
 .debug_macro   0x000000000000c17f      0x2b4 StdPeriph_Driver/src/misc.o
 .debug_macro   0x000000000000c433       0x5e StdPeriph_Driver/src/misc.o
 .debug_macro   0x000000000000c491       0xe8 StdPeriph_Driver/src/misc.o
 .debug_macro   0x000000000000c579      0x659 StdPeriph_Driver/src/misc.o
 .debug_macro   0x000000000000cbd2      0x598 StdPeriph_Driver/src/misc.o
 .debug_macro   0x000000000000d16a      0x33c StdPeriph_Driver/src/misc.o
 .debug_macro   0x000000000000d4a6      0x366 StdPeriph_Driver/src/misc.o
 .debug_macro   0x000000000000d80c      0x10e StdPeriph_Driver/src/misc.o
 .debug_macro   0x000000000000d91a      0x735 StdPeriph_Driver/src/misc.o
 .debug_macro   0x000000000000e04f      0x21d StdPeriph_Driver/src/misc.o
 .debug_macro   0x000000000000e26c       0x2e StdPeriph_Driver/src/misc.o
 .debug_macro   0x000000000000e29a      0x13e StdPeriph_Driver/src/misc.o
 .debug_macro   0x000000000000e3d8       0xbd StdPeriph_Driver/src/misc.o
 .debug_macro   0x000000000000e495       0x3a StdPeriph_Driver/src/misc.o
 .debug_macro   0x000000000000e4cf      0x3c9 StdPeriph_Driver/src/misc.o
 .debug_macro   0x000000000000e898      0x182 StdPeriph_Driver/src/misc.o
 .debug_macro   0x000000000000ea1a      0x143 StdPeriph_Driver/src/misc.o
 .debug_macro   0x000000000000eb5d       0x35 StdPeriph_Driver/src/misc.o
 .debug_macro   0x000000000000eb92       0x7c StdPeriph_Driver/src/misc.o
 .debug_macro   0x000000000000ec0e      0x2f0 StdPeriph_Driver/src/stm32f4xx_dma.o
 .debug_macro   0x000000000000eefe      0x29e StdPeriph_Driver/src/stm32f4xx_exti.o
 .debug_macro   0x000000000000f19c      0x29c StdPeriph_Driver/src/stm32f4xx_gpio.o
 .debug_macro   0x000000000000f438      0x36b StdPeriph_Driver/src/stm32f4xx_rcc.o
 .debug_macro   0x000000000000f7a3      0x2ea StdPeriph_Driver/src/stm32f4xx_syscfg.o